../Core/Src/main.c:69:5:main	8	static
../Core/Src/main.c:122:6:SystemClock_Config	72	static
../Core/Src/main.c:161:13:run_until_stop_with_ramp	56	static
../Core/Src/main.c:214:13:step_set_period_us	24	static
../Core/Src/main.c:224:16:button_pressed	16	static
../Core/Src/main.c:234:13:wait_press_and_release	16	static
../Core/Src/main.c:241:13:step_set_freq_hz	24	static
../Core/Src/main.c:249:14:scurve	24	static
../Core/Src/main.c:255:13:run_until_stop_scurve_freq	72	static
../Core/Src/main.c:304:6:Error_Handler	4	static,ignoring_inline_asm
