2025-12-03 09:36:53,608 [INFO] WebApp:194 - Connection lost
2025-12-03 09:37:00,492 [INFO] WebApp:191 - Connection restablished
2025-12-03 09:37:18,432 [INFO] WebApp:194 - Connection lost
2025-12-03 09:37:18,652 [INFO] WebApp:191 - Connection restablished
2025-12-03 09:37:30,921 [INFO] WebApp:194 - Connection lost
2025-12-03 09:37:36,355 [INFO] WebApp:191 - Connection restablished
2025-12-03 09:37:47,386 [INFO] WebApp:194 - Connection lost
2025-12-03 09:37:47,523 [INFO] WebApp:191 - Connection restablished
2025-12-03 09:38:38,907 [INFO] MainUpdater:2872 - connection check result : 10
2025-12-03 09:38:38,907 [INFO] MainUpdater:2872 - connection check result : 10
2025-12-03 09:38:39,047 [INFO] MicroXplorer:468 - Change Database Path : 
2025-12-03 09:38:39,047 [INFO] MicroXplorer:498 - Change Database Version : DB.6.0.150
2025-12-03 09:38:39,094 [ERROR] ProjectManagerView:395 - 
java.lang.NullPointerException: Cannot invoke "javax.swing.JTextField.getText()" because the return value of "java.util.List.get(int)" is null
	at com.st.microxplorer.plugins.projectmanager.gui.ProjectChoiceTab$9.caretUpdate(ProjectChoiceTab.java:2706) ~[filemanager.jar:?]
	at javax.swing.text.JTextComponent.fireCaretUpdate(JTextComponent.java:408) ~[?:?]
	at javax.swing.text.JTextComponent$MutableCaretEvent.fire(JTextComponent.java:4484) ~[?:?]
	at javax.swing.text.JTextComponent$MutableCaretEvent.stateChanged(JTextComponent.java:4506) ~[?:?]
	at javax.swing.text.DefaultCaret.fireStateChanged(DefaultCaret.java:857) ~[?:?]
	at javax.swing.text.DefaultCaret.changeCaretPosition(DefaultCaret.java:1343) ~[?:?]
	at javax.swing.text.DefaultCaret.handleSetDot(DefaultCaret.java:1242) ~[?:?]
	at javax.swing.text.DefaultCaret.setDot(DefaultCaret.java:1223) ~[?:?]
	at javax.swing.text.DefaultCaret$Handler.insertUpdate(DefaultCaret.java:1819) ~[?:?]
	at javax.swing.text.AbstractDocument.fireInsertUpdate(AbstractDocument.java:227) ~[?:?]
	at javax.swing.text.AbstractDocument.handleInsertString(AbstractDocument.java:781) ~[?:?]
	at javax.swing.text.AbstractDocument.insertString(AbstractDocument.java:740) ~[?:?]
	at javax.swing.text.PlainDocument.insertString(PlainDocument.java:131) ~[?:?]
	at javax.swing.text.AbstractDocument.replace(AbstractDocument.java:699) ~[?:?]
	at javax.swing.text.JTextComponent.setText(JTextComponent.java:1725) ~[?:?]
	at com.st.microxplorer.plugins.projectmanager.gui.ProjectChoiceTab.createHeapStackFields(ProjectChoiceTab.java:993) ~[filemanager.jar:?]
	at com.st.microxplorer.plugins.projectmanager.gui.ProjectChoiceTab.buildLinkSettingsPanel(ProjectChoiceTab.java:3813) ~[filemanager.jar:?]
	at com.st.microxplorer.plugins.projectmanager.gui.ProjectChoiceTab.defineWindowsFields(ProjectChoiceTab.java:1987) ~[filemanager.jar:?]
	at com.st.microxplorer.plugins.projectmanager.gui.ProjectChoiceTab.updateSettings(ProjectChoiceTab.java:558) ~[filemanager.jar:?]
	at com.st.microxplorer.plugins.projectmanager.gui.ProjectSettingsPanel.UpdateDialog(ProjectSettingsPanel.java:247) ~[filemanager.jar:?]
	at com.st.microxplorer.plugins.projectmanager.ProjectManagerView.propertyChange(ProjectManagerView.java:392) ~[filemanager.jar:?]
	at java.beans.PropertyChangeSupport.fire(PropertyChangeSupport.java:343) ~[?:?]
	at java.beans.PropertyChangeSupport.firePropertyChange(PropertyChangeSupport.java:335) ~[?:?]
	at java.beans.PropertyChangeSupport.firePropertyChange(PropertyChangeSupport.java:268) ~[?:?]
	at com.st.microxplorer.util.MXPropertyChangeSupport.firePropertyChange(MXPropertyChangeSupport.java:54) ~[STM32CubeMX.jar:?]
	at com.st.microxplorer.mxsystem.MxSystem.closeConfig(MxSystem.java:899) ~[STM32CubeMX.jar:?]
	at com.st.microxplorer.maingui.MainPanel.closeConfig(MainPanel.java:792) ~[STM32CubeMX.jar:?]
	at com.st.microxplorer.plugins.filemanager.engine.OpenFileManager.loadConfigurationFile(OpenFileManager.java:288) ~[filemanager.jar:?]
	at com.st.microxplorer.plugins.filemanager.engine.MainFileManager.userLoadConfig(MainFileManager.java:364) ~[filemanager.jar:?]
	at com.st.microxplorer.plugins.filemanager.engine.MainFileManager.userLoadConfig(MainFileManager.java:342) ~[filemanager.jar:?]
	at com.st.microxplorer.plugins.filemanager.FileManagerView.getSpecificTask(FileManagerView.java:264) ~[filemanager.jar:?]
	at com.st.stm32cube.common.mx.editor.CubeMxEditor.getMxTabbedPaneInstance(CubeMxEditor.java:1198) ~[com.st.stm32cube.common.mx_6.15.0.202507011659/:?]
	at com.st.stm32cube.common.mx.editor.CubeMxEditor$12$1.createSwingComponent(CubeMxEditor.java:1068) ~[com.st.stm32cube.common.mx_6.15.0.202507011659/:?]
	at com.st.stm32cube.common.mx.oss.core.awtswtbridge.EmbeddedSwingComposite.doComponentCreation(EmbeddedSwingComposite.java:492) ~[com.st.stm32cube.common.mx.oss_6.15.0.202507011659/:?]
	at com.st.stm32cube.common.mx.oss.core.awtswtbridge.EmbeddedSwingComposite$4.run(EmbeddedSwingComposite.java:291) ~[com.st.stm32cube.common.mx.oss_6.15.0.202507011659/:?]
	at com.st.stm32cube.common.mx.oss.core.awtswtbridge.AwtEnvironment$2.run(AwtEnvironment.java:166) ~[com.st.stm32cube.common.mx.oss_6.15.0.202507011659/:?]
	at java.awt.event.InvocationEvent.dispatch(InvocationEvent.java:318) ~[?:?]
	at java.awt.EventQueue.dispatchEventImpl(EventQueue.java:773) ~[?:?]
	at java.awt.EventQueue$4.run(EventQueue.java:720) ~[?:?]
	at java.awt.EventQueue$4.run(EventQueue.java:714) ~[?:?]
	at java.security.AccessController.doPrivileged(AccessController.java:400) ~[?:?]
	at java.security.ProtectionDomain$JavaSecurityAccessImpl.doIntersectionPrivilege(ProtectionDomain.java:87) ~[?:?]
	at java.awt.EventQueue.dispatchEvent(EventQueue.java:742) ~[?:?]
	at java.awt.EventDispatchThread.pumpOneEventForFilters(EventDispatchThread.java:203) ~[?:?]
	at java.awt.EventDispatchThread.pumpEventsForFilter(EventDispatchThread.java:124) ~[?:?]
	at java.awt.EventDispatchThread.pumpEventsForHierarchy(EventDispatchThread.java:113) ~[?:?]
	at java.awt.EventDispatchThread.pumpEvents(EventDispatchThread.java:109) ~[?:?]
	at java.awt.EventDispatchThread.pumpEvents(EventDispatchThread.java:101) ~[?:?]
	at java.awt.EventDispatchThread.run(EventDispatchThread.java:90) ~[?:?]
2025-12-03 09:38:39,098 [WARN] ThirdParty:871 - waiting for thirdparty lock release [close project]
2025-12-03 09:38:39,098 [INFO] ThirdParty:873 - entering critical section [close project]
2025-12-03 09:38:39,098 [INFO] ThirdParty:883 - exiting critical section [close project]
2025-12-03 09:38:39,101 [INFO] PinOutPanel:1589 - setPackage(No Configuration,No Configuration)
2025-12-03 09:38:39,114 [INFO] UtilMem:75 - Begin LoadConfig() Used Memory: 814502088 Bytes (1073741824)
2025-12-03 09:38:39,115 [INFO] MicroXplorer:468 - Change Database Path : 
2025-12-03 09:38:39,115 [INFO] MicroXplorer:498 - Change Database Version : DB.6.0.150
2025-12-03 09:38:39,115 [INFO] OpenFileManager:355 - Change cursor
2025-12-03 09:38:39,129 [INFO] Mcu:2029 - Initializing MCU STM32F103C(8-B)Tx STM32F103C8Tx STM32F103C8T6
2025-12-03 09:38:39,747 [INFO] Context:786 - Trying to add GPIOservice into a context  which must be forbidden
2025-12-03 09:38:39,851 [INFO] ImportTextPane:234 - (OptionalMessage_ERROR) Pin7 (VP_RIF_VS_RIF1) cannot be retrieved for this MCU
2025-12-03 09:38:39,931 [INFO] RtosManager:558 - Registered RTOS mode: class=CMSIS, group=RTOS, mode=CMSIS_V1, owner=FREERTOS
2025-12-03 09:38:39,931 [INFO] RtosManager:558 - Registered RTOS mode: class=CMSIS, group=RTOS2, mode=CMSIS_V2, owner=FREERTOS
2025-12-03 09:38:39,931 [INFO] RtosManager:558 - Registered RTOS mode: class=RTOS, group=Core, mode=CMSIS_V1, owner=FREERTOS
2025-12-03 09:38:39,931 [INFO] RtosManager:558 - Registered RTOS mode: class=RTOS, group=Core, mode=CMSIS_V2, owner=FREERTOS
2025-12-03 09:38:39,931 [WARN] ModelIntegratedComponent:184 - Missing modes for component STMicroelectronics:FreeRTOS:0.0.1:STMicroelectronics:RTOS:FreeRTOS:Core:::10.2.0:
2025-12-03 09:38:39,939 [WARN] ModelIntegratedComponent:63 - No mode defined for component null
2025-12-03 09:38:39,940 [WARN] ModelIntegratedComponent:63 - No mode defined for component null
2025-12-03 09:38:39,940 [WARN] ModelIntegratedComponent:63 - No mode defined for component null
2025-12-03 09:38:39,940 [WARN] ModelIntegratedComponent:63 - No mode defined for component null
2025-12-03 09:38:39,940 [WARN] ModelIntegratedComponent:63 - No mode defined for component null
2025-12-03 09:38:39,940 [WARN] ModelIntegratedComponent:63 - No mode defined for component null
2025-12-03 09:38:39,940 [WARN] ModelIntegratedComponent:63 - No mode defined for component null
2025-12-03 09:38:39,940 [WARN] ModelIntegratedComponent:63 - No mode defined for component null
2025-12-03 09:38:39,940 [WARN] ModelIntegratedComponent:63 - No mode defined for component null
2025-12-03 09:38:39,940 [WARN] ModelIntegratedComponent:63 - No mode defined for component null
2025-12-03 09:38:39,940 [WARN] ModelIntegratedComponent:63 - No mode defined for component null
2025-12-03 09:38:39,940 [WARN] ModelIntegratedComponent:63 - No mode defined for component null
2025-12-03 09:38:39,940 [WARN] ModelIntegratedComponent:63 - No mode defined for component null
2025-12-03 09:38:39,940 [WARN] ModelIntegratedComponent:63 - No mode defined for component null
2025-12-03 09:38:39,940 [WARN] ModelIntegratedComponent:63 - No mode defined for component null
2025-12-03 09:38:39,940 [WARN] ModelIntegratedComponent:63 - No mode defined for component null
2025-12-03 09:38:39,940 [WARN] ModelIntegratedComponent:63 - No mode defined for component null
2025-12-03 09:38:39,940 [WARN] ModelIntegratedComponent:63 - No mode defined for component null
2025-12-03 09:38:39,940 [WARN] ModelIntegratedComponent:63 - No mode defined for component null
2025-12-03 09:38:39,940 [WARN] ModelIntegratedComponent:63 - No mode defined for component null
2025-12-03 09:38:39,940 [WARN] ModelIntegratedComponent:63 - No mode defined for component null
2025-12-03 09:38:39,940 [WARN] ModelIntegratedComponent:63 - No mode defined for component null
2025-12-03 09:38:39,940 [WARN] ModelIntegratedComponent:63 - No mode defined for component null
2025-12-03 09:38:39,940 [WARN] ModelIntegratedComponent:63 - No mode defined for component null
2025-12-03 09:38:39,940 [WARN] ModelIntegratedComponent:63 - No mode defined for component null
2025-12-03 09:38:39,940 [WARN] ModelIntegratedComponent:63 - No mode defined for component null
2025-12-03 09:38:39,940 [WARN] ModelIntegratedComponent:63 - No mode defined for component null
2025-12-03 09:38:39,940 [WARN] ModelIntegratedComponent:63 - No mode defined for component null
2025-12-03 09:38:39,940 [WARN] ModelIntegratedComponent:63 - No mode defined for component null
2025-12-03 09:38:39,940 [WARN] ModelIntegratedComponent:63 - No mode defined for component null
2025-12-03 09:38:39,940 [WARN] ModelIntegratedComponent:63 - No mode defined for component null
2025-12-03 09:38:39,940 [WARN] ModelIntegratedComponent:63 - No mode defined for component null
2025-12-03 09:38:39,940 [WARN] ModelIntegratedComponent:63 - No mode defined for component null
2025-12-03 09:38:39,940 [WARN] ModelIntegratedComponent:63 - No mode defined for component null
2025-12-03 09:38:39,940 [WARN] ModelIntegratedComponent:63 - No mode defined for component null
2025-12-03 09:38:39,940 [WARN] ModelPack:524 - Component already loaded: STMicroelectronics:HAL Drivers:0.0.0:STMicroelectronics:Device:STMicro_Driver:XSPI:HAL::0.0.1:HAL_XSPI
2025-12-03 09:38:40,046 [INFO] ThirdPartyModel:298 - Start build external matchings
2025-12-03 09:38:40,526 [INFO] ThirdPartyModel:316 - End build external matchings
2025-12-03 09:38:40,545 [INFO] ImportTextPane:234 - (OptionalMessage_ERROR) IP (DMA) : Parameter (Instance) has Id (ADC1) currently not set
2025-12-03 09:38:40,545 [INFO] ImportTextPane:234 - (OptionalMessage_ERROR) IP (DMA) : Parameter (Direction) has Id (ADC1) currently not set
2025-12-03 09:38:40,545 [INFO] ImportTextPane:234 - (OptionalMessage_ERROR) IP (DMA) : Parameter (PeriphInc) has Id (ADC1) currently not set
2025-12-03 09:38:40,545 [INFO] ImportTextPane:234 - (OptionalMessage_ERROR) IP (DMA) : Parameter (MemInc) has Id (ADC1) currently not set
2025-12-03 09:38:40,545 [INFO] ImportTextPane:234 - (OptionalMessage_ERROR) IP (DMA) : Parameter (PeriphDataAlignment) has Id (ADC1) currently not set
2025-12-03 09:38:40,545 [INFO] ImportTextPane:234 - (OptionalMessage_ERROR) IP (DMA) : Parameter (MemDataAlignment) has Id (ADC1) currently not set
2025-12-03 09:38:40,545 [INFO] ImportTextPane:234 - (OptionalMessage_ERROR) IP (DMA) : Parameter (Mode) has Id (ADC1) currently not set
2025-12-03 09:38:40,545 [INFO] ImportTextPane:234 - (OptionalMessage_ERROR) IP (DMA) : Parameter (Priority) has Id (ADC1) currently not set
2025-12-03 09:38:40,546 [INFO] ImportTextPane:234 - (OptionalMessage_ERROR) IP (RCC) : Parameter (ADCFreqValue) has invalid value (36000000)
2025-12-03 09:38:40,546 [INFO] ImportTextPane:234 - (OptionalMessage_ERROR) IP (RCC) : Invalid parameter (FamilyName)
2025-12-03 09:38:40,546 [INFO] ImportTextPane:234 - (OptionalMessage_ERROR) IP (RCC) : Parameter (MCOFreq_Value) has invalid value (72000000)
2025-12-03 09:38:40,546 [INFO] ImportTextPane:234 - (OptionalMessage_ERROR) IP (RCC) : Parameter (USBFreq_Value) has invalid value (72000000)
2025-12-03 09:38:40,690 [INFO] UtilMem:75 - End LoadConfig() Used Memory: 672792344 Bytes (1073741824)
2025-12-03 09:38:40,747 [WARN] ThirdParty:833 - waiting for thirdparty lock release [change project]
2025-12-03 09:38:40,747 [INFO] ThirdParty:835 - entering critical section [change project]
2025-12-03 09:38:40,748 [INFO] ThirdParty:1030 - CMSIS Pack Vendor :STMicroelectronics X-CUBE-PM33A1 1.0.0
2025-12-03 09:38:40,748 [INFO] ThirdParty:1030 - CMSIS Pack Vendor :STMicroelectronics USBPD 4.1
2025-12-03 09:38:40,748 [INFO] ThirdParty:1030 - CMSIS Pack Vendor :STMicroelectronics X-CUBE-NFC9 1.0.0
2025-12-03 09:38:40,748 [INFO] ThirdParty:1030 - CMSIS Pack Vendor :STMicroelectronics USB_HOST 2.0.0
2025-12-03 09:38:40,748 [INFO] ThirdParty:1030 - CMSIS Pack Vendor :STMicroelectronics FP-SNS-MOTENVWB1 1.4.0
2025-12-03 09:38:40,748 [INFO] ThirdParty:1030 - CMSIS Pack Vendor :STMicroelectronics X-CUBE-AZRTOS-F4 1.1.0
2025-12-03 09:38:40,748 [INFO] ThirdParty:1030 - CMSIS Pack Vendor :STMicroelectronics LIBJPEG 8.0.0
2025-12-03 09:38:40,748 [INFO] ThirdParty:1030 - CMSIS Pack Vendor :STMicroelectronics FP-ATR-ASTRA1 2.0.2
2025-12-03 09:38:40,748 [INFO] ThirdParty:1030 - CMSIS Pack Vendor :wolfSSL I-CUBE-wolfSSL 5.8.2
2025-12-03 09:38:40,748 [INFO] ThirdParty:1030 - CMSIS Pack Vendor :STMicroelectronics X-CUBE-BLE1 7.1.0
2025-12-03 09:38:40,748 [INFO] ThirdParty:1030 - CMSIS Pack Vendor :Avnet-IotConnect X-CUBE-IoTC-DA16k-PMOD 1.0.0
2025-12-03 09:38:40,748 [INFO] ThirdParty:1030 - CMSIS Pack Vendor :STMicroelectronics X-CUBE-SMBUS 2.1.0
2025-12-03 09:38:40,748 [INFO] ThirdParty:1030 - CMSIS Pack Vendor :wolfSSL I-CUBE-wolfMQTT 1.19.2
2025-12-03 09:38:40,748 [INFO] ThirdParty:1030 - CMSIS Pack Vendor :STMicroelectronics USB_DEVICE 3.0.0
2025-12-03 09:38:40,748 [INFO] ThirdParty:1030 - CMSIS Pack Vendor :STMicroelectronics X-CUBE-ISPU 2.1.0
2025-12-03 09:38:40,748 [INFO] ThirdParty:1030 - CMSIS Pack Vendor :STMicroelectronics X-CUBE-FREERTOS 1.4.0
2025-12-03 09:38:40,748 [INFO] ThirdParty:1030 - CMSIS Pack Vendor :STMicroelectronics X-CUBE-EEPRMA1 5.2.0
2025-12-03 09:38:40,748 [INFO] ThirdParty:1030 - CMSIS Pack Vendor :STMicroelectronics X-CUBE-IPS 3.2.0
2025-12-03 09:38:40,748 [INFO] ThirdParty:1030 - CMSIS Pack Vendor :STMicroelectronics X-CUBE-BLEMGR 4.1.0
2025-12-03 09:38:40,748 [INFO] ThirdParty:1030 - CMSIS Pack Vendor :STMicroelectronics X-CUBE-AZRTOS-WB 2.0.0
2025-12-03 09:38:40,748 [INFO] ThirdParty:1030 - CMSIS Pack Vendor :STMicroelectronics X-CUBE-ST60 1.0.0
2025-12-03 09:38:40,748 [INFO] ThirdParty:1030 - CMSIS Pack Vendor :STMicroelectronics X-CUBE-GNSS1 7.0.1
2025-12-03 09:38:40,748 [INFO] ThirdParty:1030 - CMSIS Pack Vendor :STMicroelectronics X-CUBE-NFC12 1.0.0
2025-12-03 09:38:40,748 [INFO] ThirdParty:1030 - CMSIS Pack Vendor :STMicroelectronics X-CUBE-AZRTOS-F7 1.1.0
2025-12-03 09:38:40,748 [INFO] ThirdParty:1030 - CMSIS Pack Vendor :STMicroelectronics X-CUBE-AZRTOS-L5 2.0.0
2025-12-03 09:38:40,748 [INFO] ThirdParty:1030 - CMSIS Pack Vendor :STMicroelectronics X-CUBE-TOUCHGFX 4.25.0
2025-12-03 09:38:40,748 [INFO] ThirdParty:1030 - CMSIS Pack Vendor :STMicroelectronics USB_DEVICE 2.0.0
2025-12-03 09:38:40,748 [INFO] ThirdParty:1030 - CMSIS Pack Vendor :STMicroelectronics X-CUBE-NFC6 3.1.0
2025-12-03 09:38:40,748 [INFO] ThirdParty:1030 - CMSIS Pack Vendor :STMicroelectronics X-CUBE-ST67W61 1.1.0
2025-12-03 09:38:40,748 [INFO] ThirdParty:1030 - CMSIS Pack Vendor :quantropi X-CUBE-qispace-sdk-base 2.1.0
2025-12-03 09:38:40,748 [INFO] ThirdParty:1030 - CMSIS Pack Vendor :STMicroelectronics X-CUBE-MEMS1 12.0.0
2025-12-03 09:38:40,748 [INFO] ThirdParty:1030 - CMSIS Pack Vendor :STMicroelectronics FP-SNS-MOTENV1 5.1.0
2025-12-03 09:38:40,748 [INFO] ThirdParty:1030 - CMSIS Pack Vendor :STMicroelectronics FreeRTOS 0.0.1
2025-12-03 09:38:40,748 [INFO] ThirdParty:1030 - CMSIS Pack Vendor :STMicroelectronics X-CUBE-AZRTOS-G0 1.1.0
2025-12-03 09:38:40,748 [INFO] ThirdParty:1030 - CMSIS Pack Vendor :STMicroelectronics X-CUBE-SAFEA1 1.2.2
2025-12-03 09:38:40,748 [INFO] ThirdParty:1030 - CMSIS Pack Vendor :STMicroelectronics X-CUBE-NFC4 3.0.0
2025-12-03 09:38:40,748 [INFO] ThirdParty:1030 - CMSIS Pack Vendor :STMicroelectronics X-CUBE-SUBG2 5.0.0
2025-12-03 09:38:40,748 [INFO] ThirdParty:1030 - CMSIS Pack Vendor :STMicroelectronics X-CUBE-AZRTOS-H7RS 1.1.0
2025-12-03 09:38:40,748 [INFO] ThirdParty:1030 - CMSIS Pack Vendor :STMicroelectronics STM32_WPAN 1.0.0
2025-12-03 09:38:40,748 [INFO] ThirdParty:1030 - CMSIS Pack Vendor :EmbeddedOffice I-CUBE-FS-RTOS 1.0.1
2025-12-03 09:38:40,748 [INFO] ThirdParty:1030 - CMSIS Pack Vendor :STMicroelectronics lwIP 2.0.3
2025-12-03 09:38:40,748 [INFO] ThirdParty:1030 - CMSIS Pack Vendor :Cesanta I-CUBE-Mongoose 7.13.0
2025-12-03 09:38:40,748 [INFO] ThirdParty:1030 - CMSIS Pack Vendor :STMicroelectronics USB_HOST 1.0.0
2025-12-03 09:38:40,748 [INFO] ThirdParty:1030 - CMSIS Pack Vendor :Infineon AIROC-Wi-Fi-Bluetooth-STM32 1.7.1
2025-12-03 09:38:40,748 [INFO] ThirdParty:1030 - CMSIS Pack Vendor :STMicroelectronics X-CUBE-AZRTOS-G4 2.0.0
2025-12-03 09:38:40,748 [INFO] ThirdParty:1030 - CMSIS Pack Vendor :STMicroelectronics X-CUBE-WB05N 2.0.0
2025-12-03 09:38:40,748 [INFO] ThirdParty:1030 - CMSIS Pack Vendor :STMicroelectronics PDM2PCM 3.1.0
2025-12-03 09:38:40,748 [INFO] ThirdParty:1030 - CMSIS Pack Vendor :STMicroelectronics PDM2PCM 3.3.0
2025-12-03 09:38:40,748 [INFO] ThirdParty:1030 - CMSIS Pack Vendor :wolfSSL I-CUBE-wolfTPM 3.8.0
2025-12-03 09:38:40,748 [INFO] ThirdParty:1030 - CMSIS Pack Vendor :STMicroelectronics X-CUBE-AZRTOS-H7 3.4.0
2025-12-03 09:38:40,748 [INFO] ThirdParty:1030 - CMSIS Pack Vendor :STMicroelectronics X-CUBE-DISPLAY 3.0.0
2025-12-03 09:38:40,748 [INFO] ThirdParty:1030 - CMSIS Pack Vendor :wolfSSL I-CUBE-wolfSSH 1.4.20
2025-12-03 09:38:40,748 [INFO] ThirdParty:1030 - CMSIS Pack Vendor :STMicroelectronics X-CUBE-NFC7 2.0.0
2025-12-03 09:38:40,748 [INFO] ThirdParty:1030 - CMSIS Pack Vendor :STMicroelectronics X-CUBE-TCPP 4.2.0
2025-12-03 09:38:40,748 [INFO] ThirdParty:1030 - CMSIS Pack Vendor :RealThread X-CUBE-RT-Thread_Nano 4.1.1
2025-12-03 09:38:40,748 [INFO] ThirdParty:1030 - CMSIS Pack Vendor :STMicroelectronics FP-ATR-SIGFOX1 3.2.0
2025-12-03 09:38:40,748 [INFO] ThirdParty:1030 - CMSIS Pack Vendor :STMicroelectronics X-CUBE-NFC10 1.0.0
2025-12-03 09:38:40,748 [INFO] ThirdParty:1030 - CMSIS Pack Vendor :STMicroelectronics X-CUBE-FREERTOS 1.3.1
2025-12-03 09:38:40,748 [INFO] ThirdParty:1030 - CMSIS Pack Vendor :STMicroelectronics HAL Drivers 0.0.0
2025-12-03 09:38:40,748 [INFO] ThirdParty:1030 - CMSIS Pack Vendor :STMicroelectronics MBEDTLS 2.16.2
2025-12-03 09:38:40,748 [INFO] ThirdParty:1030 - CMSIS Pack Vendor :STMicroelectronics X-CUBE-ST60 1.1.0
2025-12-03 09:38:40,748 [INFO] ThirdParty:1030 - CMSIS Pack Vendor :STMicroelectronics X-CUBE-IPS 3.1.0
2025-12-03 09:38:40,748 [INFO] ThirdParty:1030 - CMSIS Pack Vendor :STMicroelectronics X-CUBE-ALS 1.0.2
2025-12-03 09:38:40,748 [INFO] ThirdParty:1030 - CMSIS Pack Vendor :emotas I-CUBE-CANOPEN 1.3.0
2025-12-03 09:38:40,748 [INFO] ThirdParty:1030 - CMSIS Pack Vendor :STMicroelectronics MBEDTLS 2.14.1
2025-12-03 09:38:40,748 [INFO] ThirdParty:1030 - CMSIS Pack Vendor :STMicroelectronics X-CUBE-GNSS1 7.1.0
2025-12-03 09:38:40,748 [INFO] ThirdParty:1030 - CMSIS Pack Vendor :ITTIA_DB I-CUBE-ITTIADB 8.9.0
2025-12-03 09:38:40,748 [INFO] ThirdParty:1030 - CMSIS Pack Vendor :STMicroelectronics X-CUBE-TOUCHGFX 4.26.0
2025-12-03 09:38:40,748 [INFO] ThirdParty:1030 - CMSIS Pack Vendor :STMicroelectronics X-CUBE-STSE01 1.0.0
2025-12-03 09:38:40,748 [INFO] ThirdParty:1030 - CMSIS Pack Vendor :portGmbH I-Cube-SoM-uGOAL 1.1.0
2025-12-03 09:38:40,748 [INFO] ThirdParty:1030 - CMSIS Pack Vendor :STMicroelectronics X-CUBE-ST67W61 1.0.0
2025-12-03 09:38:40,748 [INFO] ThirdParty:1030 - CMSIS Pack Vendor :STMicroelectronics FP-SNS-STBOX1 2.1.0
2025-12-03 09:38:40,748 [INFO] ThirdParty:1030 - CMSIS Pack Vendor :STMicroelectronics X-CUBE-AI 10.2.0
2025-12-03 09:38:40,748 [INFO] ThirdParty:1030 - CMSIS Pack Vendor :STMicroelectronics FP-SNS-STAIOTCFT 1.0.0
2025-12-03 09:38:40,748 [INFO] ThirdParty:1030 - CMSIS Pack Vendor :STMicroelectronics ThreadX 1.0.0
2025-12-03 09:38:40,748 [INFO] ThirdParty:1030 - CMSIS Pack Vendor :STMicroelectronics FP-SNS-SMARTAG2 1.2.0
2025-12-03 09:38:40,748 [INFO] ThirdParty:1030 - CMSIS Pack Vendor :STMicroelectronics FP-SNS-FLIGHT1 5.1.0
2025-12-03 09:38:40,748 [INFO] ThirdParty:1030 - CMSIS Pack Vendor :STMicroelectronics X-CUBE-AZRTOS-WL 2.0.0
2025-12-03 09:38:40,748 [INFO] ThirdParty:1030 - CMSIS Pack Vendor :SEGGER I-CUBE-embOS 1.3.1
2025-12-03 09:38:40,748 [INFO] ThirdParty:1030 - CMSIS Pack Vendor :STMicroelectronics X-CUBE-ALGOBUILD 1.4.0
2025-12-03 09:38:40,748 [INFO] ThirdParty:1030 - CMSIS Pack Vendor :STMicroelectronics X-CUBE-DPower 1.3.0
2025-12-03 09:38:40,748 [INFO] ThirdParty:1030 - CMSIS Pack Vendor :STMicroelectronics X-CUBE-MEMS1 11.3.0
2025-12-03 09:38:40,748 [INFO] ThirdParty:1030 - CMSIS Pack Vendor :STMicroelectronics FP-SNS-MOTENV1 5.0.0
2025-12-03 09:38:40,748 [INFO] ThirdParty:1030 - CMSIS Pack Vendor :STMicroelectronics USB_DEVICE 1.0.0
2025-12-03 09:38:40,748 [INFO] ThirdParty:1030 - CMSIS Pack Vendor :STMicroelectronics X-CUBE-AZRTOS-H7RS 1.2.0
2025-12-03 09:38:40,748 [INFO] ThirdParty:1030 - CMSIS Pack Vendor :STMicroelectronics X-CUBE-AZRTOS-L4 2.0.0
2025-12-03 09:38:40,748 [INFO] ThirdParty:1030 - CMSIS Pack Vendor :STMicroelectronics ThreadX 0.0.2
2025-12-03 09:38:40,748 [INFO] ThirdParty:1030 - CMSIS Pack Vendor :WES I-CUBE-Cesium 1.3.0
2025-12-03 09:38:40,748 [INFO] ThirdParty:1030 - CMSIS Pack Vendor :STMicroelectronics lwIP 2.1.2
2025-12-03 09:38:40,749 [INFO] ThirdParty:1030 - CMSIS Pack Vendor :STMicroelectronics X-CUBE-SFXS2LP1 4.0.0
2025-12-03 09:38:40,749 [INFO] ThirdParty:1030 - CMSIS Pack Vendor :STMicroelectronics X-CUBE-BLE2 3.3.0
2025-12-03 09:38:40,749 [INFO] ThirdParty:1030 - CMSIS Pack Vendor :Avnet-IOTCONNECT X-CUBE-iotc-st67-sdk 1.0.0
2025-12-03 09:38:40,749 [INFO] ThirdParty:1030 - CMSIS Pack Vendor :STMicroelectronics X-CUBE-TOF1 3.4.3
2025-12-03 09:38:40,749 [INFO] ThirdParty:1030 - CMSIS Pack Vendor :STMicroelectronics PDM2PCM 3.2.0
2025-12-03 09:38:40,749 [INFO] ThirdParty:841 - exiting critical section [change project]
2025-12-03 09:38:40,819 [INFO] PinOutPanel:1589 - setPackage(No Configuration,No Configuration)
2025-12-03 09:38:40,820 [INFO] PinOutPanel:1589 - setPackage(STM32F103C8Tx,LQFP48)
2025-12-03 09:38:41,027 [INFO] UtilMem:75 - Before build in PCC Used Memory: 799034520 Bytes (1073741824)
2025-12-03 09:38:41,196 [INFO] UtilMem:75 - After build in PCC Used Memory: 842026136 Bytes (1073741824)
2025-12-03 09:38:41,208 [INFO] IPUIPlugin:80 - create IPUIPlugin
2025-12-03 09:38:41,208 [INFO] IPUIPlugin:80 - create IPUIPlugin
2025-12-03 09:38:41,208 [INFO] IPUIPlugin:80 - create IPUIPlugin
2025-12-03 09:38:41,209 [INFO] IPUIPlugin:80 - create IPUIPlugin
2025-12-03 09:38:41,209 [INFO] IPUIPlugin:80 - create IPUIPlugin
2025-12-03 09:38:41,209 [INFO] IPUIPlugin:80 - create IPUIPlugin
2025-12-03 09:38:41,209 [INFO] IPUIPlugin:80 - create IPUIPlugin
2025-12-03 09:38:41,209 [INFO] IPUIPlugin:80 - create IPUIPlugin
2025-12-03 09:38:41,209 [INFO] IPUIPlugin:80 - create IPUIPlugin
2025-12-03 09:38:41,209 [INFO] IPUIPlugin:80 - create IPUIPlugin
2025-12-03 09:38:41,209 [INFO] IPUIPlugin:80 - create IPUIPlugin
2025-12-03 09:38:41,209 [INFO] IPUIPlugin:80 - create IPUIPlugin
2025-12-03 09:38:41,209 [INFO] IPUIPlugin:80 - create IPUIPlugin
2025-12-03 09:38:41,209 [INFO] IPUIPlugin:80 - create IPUIPlugin
2025-12-03 09:38:41,210 [INFO] IPUIPlugin:80 - create IPUIPlugin
2025-12-03 09:38:41,210 [INFO] IPUIPlugin:80 - create IPUIPlugin
2025-12-03 09:38:41,210 [INFO] IPUIPlugin:80 - create IPUIPlugin
2025-12-03 09:38:41,210 [INFO] IPUIPlugin:80 - create IPUIPlugin
2025-12-03 09:38:41,210 [INFO] IPUIPlugin:80 - create IPUIPlugin
2025-12-03 09:38:41,210 [INFO] IPUIPlugin:80 - create IPUIPlugin
2025-12-03 09:38:41,210 [INFO] IPUIPlugin:80 - create IPUIPlugin
2025-12-03 09:38:41,210 [INFO] IPUIPlugin:80 - create IPUIPlugin
2025-12-03 09:38:41,210 [INFO] IPUIPlugin:80 - create IPUIPlugin
2025-12-03 09:38:41,210 [INFO] IPUIPlugin:80 - create IPUIPlugin
2025-12-03 09:38:41,210 [INFO] IPUIPlugin:80 - create IPUIPlugin
2025-12-03 09:38:41,210 [INFO] IPUIPlugin:80 - create IPUIPlugin
2025-12-03 09:38:41,211 [INFO] IPUIPlugin:80 - create IPUIPlugin
2025-12-03 09:38:41,246 [INFO] CADModel:165 - CPN selected for project levelSTM32F103C8T6
2025-12-03 09:38:41,246 [INFO] CADModel:114 - Register for checkConnection events
2025-12-03 09:38:41,309 [INFO] OpenFileManager:386 - Restore cursor
2025-12-03 09:39:44,779 [INFO] ADCParametersView:116 -                Rank 1 : false
2025-12-03 09:39:44,815 [INFO] ADCParametersView:116 -                Rank 1 : false
2025-12-03 09:39:44,815 [INFO] ADCParametersView:116 -                Rank 1 : false
2025-12-03 09:39:44,815 [INFO] ADCParametersView:116 -                Rank 1 : false
2025-12-03 09:39:44,815 [INFO] ADCParametersView:116 -                Rank 1 : false
2025-12-03 09:39:44,815 [INFO] ADCParametersView:116 -                Rank 1 : false
2025-12-03 09:39:44,815 [INFO] ADCParametersView:116 -                Rank 1 : false
2025-12-03 09:39:44,815 [INFO] ADCParametersView:116 -                Rank 1 : false
2025-12-03 09:39:44,815 [INFO] ADCParametersView:116 -                Rank 1 : false
2025-12-03 09:39:44,815 [INFO] ADCParametersView:116 -                Rank 1 : false
2025-12-03 09:39:44,815 [INFO] ADCParametersView:116 -                Rank 1 : false
2025-12-03 09:39:44,819 [INFO] ADCParametersView:116 -                Rank 1 : false
2025-12-03 09:39:55,890 [INFO] WebApp:194 - Connection lost
2025-12-03 09:39:56,064 [INFO] WebApp:191 - Connection restablished
2025-12-03 09:39:56,653 [INFO] NvicIntPanel:101 - NVIC parent = com.st.microxplorer.plugins.ip.nvic.MultiNvicIntPanel[,0,0,0x0,invalid,layout=javax.swing.BoxLayout,alignmentX=0.0,alignmentY=0.0,border=,flags=9,maximumSize=,minimumSize=,preferredSize=]
2025-12-03 09:39:56,682 [INFO] ADCParametersView:116 -                Rank 1 : false
2025-12-03 09:39:56,684 [INFO] ADCParametersView:116 -                Rank 1 : false
2025-12-03 09:39:56,684 [INFO] ADCParametersView:116 -                Rank 1 : false
2025-12-03 09:39:56,684 [INFO] ADCParametersView:116 -                Rank 1 : false
2025-12-03 09:39:56,684 [INFO] ADCParametersView:116 -                Rank 1 : false
2025-12-03 09:39:56,684 [INFO] ADCParametersView:116 -                Rank 1 : false
2025-12-03 09:39:56,684 [INFO] ADCParametersView:116 -                Rank 1 : false
2025-12-03 09:39:56,684 [INFO] ADCParametersView:116 -                Rank 1 : false
2025-12-03 09:39:56,684 [INFO] ADCParametersView:116 -                Rank 1 : false
2025-12-03 09:39:56,685 [INFO] ADCParametersView:116 -                Rank 1 : false
2025-12-03 09:39:56,689 [INFO] ADCParametersView:116 -                Rank 1 : false
2025-12-03 09:40:11,383 [INFO] WebApp:194 - Connection lost
2025-12-03 09:40:14,562 [INFO] WebApp:191 - Connection restablished
2025-12-03 09:40:25,401 [INFO] WebApp:194 - Connection lost
2025-12-03 09:40:34,881 [INFO] WebApp:191 - Connection restablished
2025-12-03 09:40:39,918 [INFO] WebApp:194 - Connection lost
2025-12-03 09:40:40,099 [INFO] WebApp:191 - Connection restablished
2025-12-03 09:40:51,620 [INFO] NvicIntPanel:101 - NVIC parent = com.st.microxplorer.plugins.ip.nvic.MultiNvicIntPanel[,0,0,0x0,invalid,layout=javax.swing.BoxLayout,alignmentX=0.0,alignmentY=0.0,border=,flags=9,maximumSize=,minimumSize=,preferredSize=]
2025-12-03 09:41:10,446 [INFO] ADCParametersView:116 -                Rank 1 : false
2025-12-03 09:41:10,457 [INFO] ADCParametersView:116 -                Rank 1 : false
2025-12-03 09:41:10,457 [INFO] ADCParametersView:116 -                Rank 1 : false
2025-12-03 09:41:10,458 [INFO] ADCParametersView:116 -                Rank 1 : false
2025-12-03 09:41:10,458 [INFO] ADCParametersView:116 -                Rank 1 : false
2025-12-03 09:41:10,458 [INFO] ADCParametersView:116 -                Rank 1 : false
2025-12-03 09:41:10,459 [INFO] ADCParametersView:116 -                Rank 1 : false
2025-12-03 09:41:10,459 [INFO] ADCParametersView:116 -                Rank 1 : false
2025-12-03 09:41:10,459 [INFO] ADCParametersView:116 -                Rank 1 : false
2025-12-03 09:41:10,459 [INFO] ADCParametersView:116 -                Rank 1 : false
2025-12-03 09:41:10,470 [INFO] ADCParametersView:116 -                Rank 1 : false
2025-12-03 09:41:10,533 [INFO] ADCParametersView:116 -                Rank 1 : false
2025-12-03 09:41:10,537 [INFO] ADCParametersView:116 -                Rank 1 : false
2025-12-03 09:41:10,537 [INFO] ADCParametersView:116 -                Rank 1 : false
2025-12-03 09:41:10,538 [INFO] ADCParametersView:116 -                Rank 1 : false
2025-12-03 09:41:10,538 [INFO] ADCParametersView:116 -                Rank 1 : false
2025-12-03 09:41:10,538 [INFO] ADCParametersView:116 -                Rank 1 : false
2025-12-03 09:41:10,538 [INFO] ADCParametersView:116 -                Rank 1 : false
2025-12-03 09:41:10,538 [INFO] ADCParametersView:116 -                Rank 1 : false
2025-12-03 09:41:10,538 [INFO] ADCParametersView:116 -                Rank 1 : false
2025-12-03 09:41:10,538 [INFO] ADCParametersView:116 -                Rank 1 : false
2025-12-03 09:41:10,544 [INFO] ADCParametersView:116 -                Rank 1 : false
2025-12-03 09:41:25,434 [INFO] ADCParametersView:116 -                Rank 1 : false
2025-12-03 09:41:25,442 [INFO] ADCParametersView:116 -                Rank 1 : false
2025-12-03 09:41:25,442 [INFO] ADCParametersView:116 -                Rank 1 : false
2025-12-03 09:41:25,442 [INFO] ADCParametersView:116 -                Rank 1 : false
2025-12-03 09:41:25,442 [INFO] ADCParametersView:116 -                Rank 1 : false
2025-12-03 09:41:25,443 [INFO] ADCParametersView:116 -                Rank 1 : false
2025-12-03 09:41:25,443 [INFO] ADCParametersView:116 -                Rank 1 : false
2025-12-03 09:41:25,443 [INFO] ADCParametersView:116 -                Rank 1 : false
2025-12-03 09:41:25,443 [INFO] ADCParametersView:116 -                Rank 1 : false
2025-12-03 09:41:25,443 [INFO] ADCParametersView:116 -                Rank 1 : false
2025-12-03 09:41:25,453 [INFO] ADCParametersView:116 -                Rank 1 : false
2025-12-03 09:41:25,522 [INFO] ADCParametersView:116 -                Rank 1 : false
2025-12-03 09:41:25,527 [INFO] ADCParametersView:116 -                Rank 1 : false
2025-12-03 09:41:25,527 [INFO] ADCParametersView:116 -                Rank 1 : false
2025-12-03 09:41:25,527 [INFO] ADCParametersView:116 -                Rank 1 : false
2025-12-03 09:41:25,528 [INFO] ADCParametersView:116 -                Rank 1 : false
2025-12-03 09:41:25,528 [INFO] ADCParametersView:116 -                Rank 1 : false
2025-12-03 09:41:25,528 [INFO] ADCParametersView:116 -                Rank 1 : false
2025-12-03 09:41:25,528 [INFO] ADCParametersView:116 -                Rank 1 : false
2025-12-03 09:41:25,528 [INFO] ADCParametersView:116 -                Rank 1 : false
2025-12-03 09:41:25,528 [INFO] ADCParametersView:116 -                Rank 1 : false
2025-12-03 09:41:25,535 [INFO] ADCParametersView:116 -                Rank 1 : false
2025-12-03 09:42:04,930 [INFO] WebApp:194 - Connection lost
2025-12-03 09:42:05,148 [INFO] WebApp:191 - Connection restablished
2025-12-03 09:42:12,855 [WARN] IP:2250 - I2C_Coeff_DF not found: check if there is a RefParameter without a condition.
2025-12-03 09:42:12,856 [WARN] IP:2250 - Analog_Filter not found: check if there is a RefParameter without a condition.
2025-12-03 09:42:12,874 [WARN] IP:2250 - I2C_Coeff_DF not found: check if there is a RefParameter without a condition.
2025-12-03 09:42:12,874 [WARN] IP:2250 - Analog_Filter not found: check if there is a RefParameter without a condition.
2025-12-03 09:42:12,875 [WARN] IP:2250 - I2C_Coeff_DF not found: check if there is a RefParameter without a condition.
2025-12-03 09:42:12,875 [WARN] IP:2250 - Analog_Filter not found: check if there is a RefParameter without a condition.
2025-12-03 09:42:13,041 [WARN] IP:2250 - I2C_Coeff_DF not found: check if there is a RefParameter without a condition.
2025-12-03 09:42:13,041 [WARN] IP:2250 - Analog_Filter not found: check if there is a RefParameter without a condition.
2025-12-03 09:42:13,044 [WARN] IP:2250 - I2C_Coeff_DF not found: check if there is a RefParameter without a condition.
2025-12-03 09:42:13,045 [WARN] IP:2250 - Analog_Filter not found: check if there is a RefParameter without a condition.
2025-12-03 09:42:30,424 [INFO] WebApp:194 - Connection lost
2025-12-03 09:42:30,763 [INFO] WebApp:191 - Connection restablished
2025-12-03 09:42:37,486 [INFO] NvicIntPanel:101 - NVIC parent = com.st.microxplorer.plugins.ip.nvic.MultiNvicIntPanel[,0,0,0x0,invalid,layout=javax.swing.BoxLayout,alignmentX=0.0,alignmentY=0.0,border=,flags=9,maximumSize=,minimumSize=,preferredSize=]
2025-12-03 09:42:48,908 [INFO] WebApp:194 - Connection lost
2025-12-03 09:42:51,484 [INFO] WebApp:191 - Connection restablished
2025-12-03 09:42:55,882 [INFO] WebApp:194 - Connection lost
2025-12-03 09:42:56,008 [INFO] WebApp:191 - Connection restablished
2025-12-03 09:43:42,946 [INFO] NvicIntPanel:101 - NVIC parent = com.st.microxplorer.plugins.ip.nvic.MultiNvicIntPanel[,0,0,0x0,invalid,layout=javax.swing.BoxLayout,alignmentX=0.0,alignmentY=0.0,border=,flags=9,maximumSize=,minimumSize=,preferredSize=]
2025-12-03 09:44:54,968 [INFO] NvicIntPanel:101 - NVIC parent = com.st.microxplorer.plugins.ip.nvic.MultiNvicIntPanel[,0,0,0x0,invalid,layout=javax.swing.BoxLayout,alignmentX=0.0,alignmentY=0.0,border=,flags=9,maximumSize=,minimumSize=,preferredSize=]
2025-12-03 09:44:55,781 [INFO] NvicIntPanel:101 - NVIC parent = com.st.microxplorer.plugins.ip.nvic.MultiNvicIntPanel[,0,0,0x0,invalid,layout=javax.swing.BoxLayout,alignmentX=0.0,alignmentY=0.0,border=,flags=9,maximumSize=,minimumSize=,preferredSize=]
2025-12-03 09:45:04,011 [INFO] NvicIntPanel:101 - NVIC parent = com.st.microxplorer.plugins.ip.nvic.MultiNvicIntPanel[,0,0,0x0,invalid,layout=javax.swing.BoxLayout,alignmentX=0.0,alignmentY=0.0,border=,flags=9,maximumSize=,minimumSize=,preferredSize=]
2025-12-03 09:45:12,619 [INFO] Gpio:278 - dependency for GPIO [ADC1, I2C1, RCC, TIM2]
2025-12-03 09:45:45,182 [INFO] Gpio:278 - dependency for GPIO [ADC1, I2C1, RCC, TIM2]
2025-12-03 09:45:45,249 [WARN] IP:2250 - I2C_Coeff_DF not found: check if there is a RefParameter without a condition.
2025-12-03 09:45:45,249 [WARN] IP:2250 - Analog_Filter not found: check if there is a RefParameter without a condition.
2025-12-03 09:45:45,249 [WARN] IP:2250 - I2C_Coeff_DF not found: check if there is a RefParameter without a condition.
2025-12-03 09:45:45,249 [WARN] IP:2250 - Analog_Filter not found: check if there is a RefParameter without a condition.
2025-12-03 09:45:45,266 [WARN] IP:2250 - I2C_Coeff_DF not found: check if there is a RefParameter without a condition.
2025-12-03 09:45:45,266 [WARN] IP:2250 - Analog_Filter not found: check if there is a RefParameter without a condition.
2025-12-03 09:45:45,282 [WARN] IP:2250 - I2C_Coeff_DF not found: check if there is a RefParameter without a condition.
2025-12-03 09:45:45,283 [WARN] IP:2250 - Analog_Filter not found: check if there is a RefParameter without a condition.
2025-12-03 09:45:45,301 [INFO] Gpio:278 - dependency for GPIO [ADC1, I2C1, RCC, TIM2]
2025-12-03 09:47:26,273 [INFO] Gpio:278 - dependency for GPIO [ADC1, I2C1, RCC, TIM2]
2025-12-03 09:47:26,446 [WARN] IP:2250 - I2C_Coeff_DF not found: check if there is a RefParameter without a condition.
2025-12-03 09:47:26,446 [WARN] IP:2250 - Analog_Filter not found: check if there is a RefParameter without a condition.
2025-12-03 09:47:26,447 [WARN] IP:2250 - I2C_Coeff_DF not found: check if there is a RefParameter without a condition.
2025-12-03 09:47:26,447 [WARN] IP:2250 - Analog_Filter not found: check if there is a RefParameter without a condition.
2025-12-03 09:47:26,470 [WARN] IP:2250 - I2C_Coeff_DF not found: check if there is a RefParameter without a condition.
2025-12-03 09:47:26,470 [WARN] IP:2250 - Analog_Filter not found: check if there is a RefParameter without a condition.
2025-12-03 09:47:26,491 [WARN] IP:2250 - I2C_Coeff_DF not found: check if there is a RefParameter without a condition.
2025-12-03 09:47:26,491 [WARN] IP:2250 - Analog_Filter not found: check if there is a RefParameter without a condition.
2025-12-03 09:47:26,526 [INFO] Gpio:278 - dependency for GPIO [ADC1, I2C1, RCC, TIM2]
2025-12-03 09:47:52,960 [INFO] Gpio:278 - dependency for GPIO [ADC1, I2C1, RCC, TIM2]
2025-12-03 09:47:53,098 [WARN] IP:2250 - I2C_Coeff_DF not found: check if there is a RefParameter without a condition.
2025-12-03 09:47:53,098 [WARN] IP:2250 - Analog_Filter not found: check if there is a RefParameter without a condition.
2025-12-03 09:47:53,099 [WARN] IP:2250 - I2C_Coeff_DF not found: check if there is a RefParameter without a condition.
2025-12-03 09:47:53,099 [WARN] IP:2250 - Analog_Filter not found: check if there is a RefParameter without a condition.
2025-12-03 09:47:53,127 [WARN] IP:2250 - I2C_Coeff_DF not found: check if there is a RefParameter without a condition.
2025-12-03 09:47:53,128 [WARN] IP:2250 - Analog_Filter not found: check if there is a RefParameter without a condition.
2025-12-03 09:47:53,150 [WARN] IP:2250 - I2C_Coeff_DF not found: check if there is a RefParameter without a condition.
2025-12-03 09:47:53,150 [WARN] IP:2250 - Analog_Filter not found: check if there is a RefParameter without a condition.
2025-12-03 09:47:53,177 [INFO] Gpio:278 - dependency for GPIO [ADC1, I2C1, RCC, TIM2]
2025-12-03 09:48:56,094 [INFO] Gpio:278 - dependency for GPIO [ADC1, I2C1, RCC, TIM2]
2025-12-03 09:48:56,230 [WARN] IP:2250 - I2C_Coeff_DF not found: check if there is a RefParameter without a condition.
2025-12-03 09:48:56,231 [WARN] IP:2250 - Analog_Filter not found: check if there is a RefParameter without a condition.
2025-12-03 09:48:56,231 [WARN] IP:2250 - I2C_Coeff_DF not found: check if there is a RefParameter without a condition.
2025-12-03 09:48:56,231 [WARN] IP:2250 - Analog_Filter not found: check if there is a RefParameter without a condition.
2025-12-03 09:48:56,248 [WARN] IP:2250 - I2C_Coeff_DF not found: check if there is a RefParameter without a condition.
2025-12-03 09:48:56,248 [WARN] IP:2250 - Analog_Filter not found: check if there is a RefParameter without a condition.
2025-12-03 09:48:56,263 [WARN] IP:2250 - I2C_Coeff_DF not found: check if there is a RefParameter without a condition.
2025-12-03 09:48:56,263 [WARN] IP:2250 - Analog_Filter not found: check if there is a RefParameter without a condition.
2025-12-03 09:48:56,285 [INFO] Gpio:278 - dependency for GPIO [ADC1, I2C1, RCC, TIM2]
2025-12-03 09:50:02,347 [INFO] Gpio:278 - dependency for GPIO [ADC1, I2C1, RCC, TIM2]
2025-12-03 09:50:02,408 [WARN] IP:2250 - I2C_Coeff_DF not found: check if there is a RefParameter without a condition.
2025-12-03 09:50:02,408 [WARN] IP:2250 - Analog_Filter not found: check if there is a RefParameter without a condition.
2025-12-03 09:50:02,409 [WARN] IP:2250 - I2C_Coeff_DF not found: check if there is a RefParameter without a condition.
2025-12-03 09:50:02,409 [WARN] IP:2250 - Analog_Filter not found: check if there is a RefParameter without a condition.
2025-12-03 09:50:02,423 [WARN] IP:2250 - I2C_Coeff_DF not found: check if there is a RefParameter without a condition.
2025-12-03 09:50:02,423 [WARN] IP:2250 - Analog_Filter not found: check if there is a RefParameter without a condition.
2025-12-03 09:50:02,437 [WARN] IP:2250 - I2C_Coeff_DF not found: check if there is a RefParameter without a condition.
2025-12-03 09:50:02,437 [WARN] IP:2250 - Analog_Filter not found: check if there is a RefParameter without a condition.
2025-12-03 09:50:02,448 [INFO] Gpio:278 - dependency for GPIO [ADC1, I2C1, RCC, TIM2]
2025-12-03 09:52:17,927 [INFO] WebApp:194 - Connection lost
2025-12-03 09:52:18,096 [INFO] WebApp:191 - Connection restablished
2025-12-03 09:53:51,834 [WARN] IP:2250 - I2C_Coeff_DF not found: check if there is a RefParameter without a condition.
2025-12-03 09:53:51,835 [WARN] IP:2250 - Analog_Filter not found: check if there is a RefParameter without a condition.
2025-12-03 09:53:51,835 [WARN] IP:2250 - I2C_Coeff_DF not found: check if there is a RefParameter without a condition.
2025-12-03 09:53:51,835 [WARN] IP:2250 - Analog_Filter not found: check if there is a RefParameter without a condition.
2025-12-03 09:53:51,849 [INFO] Gpio:278 - dependency for GPIO [ADC1, I2C1, RCC, TIM2]
2025-12-03 09:54:02,274 [INFO] UtilMem:75 - End SaveConfig() Used Memory: 695965776 Bytes (1073741824)
2025-12-03 09:54:02,393 [INFO] UtilMem:75 - End SaveConfig() Used Memory: 709981752 Bytes (1073741824)
2025-12-03 09:54:03,963 [INFO] UtilMem:75 - End SaveConfig() Used Memory: 746162744 Bytes (1073741824)
2025-12-03 09:54:04,402 [INFO] BlockDiagram:2775 - set Specific Code input for plugin: NVIC
2025-12-03 09:54:04,402 [INFO] BlockDiagram:2775 - set Specific Code input for plugin: DMA
2025-12-03 09:54:04,402 [INFO] BlockDiagram:2775 - set Specific Code input for plugin: TIM1_8F1
2025-12-03 09:54:04,402 [INFO] BlockDiagram:2775 - set Specific Code input for plugin: TIM1_8F1
2025-12-03 09:54:04,402 [INFO] BlockDiagram:2775 - set Specific Code input for plugin: SYS
2025-12-03 09:54:04,402 [INFO] BlockDiagram:2775 - set Specific Code input for plugin: GPIO
2025-12-03 09:54:04,402 [INFO] BlockDiagram:2775 - set Specific Code input for plugin: ADC
2025-12-03 09:54:04,402 [INFO] BlockDiagram:2775 - set Specific Code input for plugin: RCC
2025-12-03 09:54:04,402 [INFO] BlockDiagram:2775 - set Specific Code input for plugin: I2C
2025-12-03 09:54:04,403 [INFO] CodeGenerator:892 - code generatio: config db path: C:\ST\STM32CubeIDE_1.19.0\STM32CubeIDE\plugins\com.st.stm32cube.common.mx_6.15.0.202507011659\\db\
2025-12-03 09:54:04,408 [WARN] IP:2250 - I2C_Coeff_DF not found: check if there is a RefParameter without a condition.
2025-12-03 09:54:04,408 [WARN] IP:2250 - Analog_Filter not found: check if there is a RefParameter without a condition.
2025-12-03 09:54:04,470 [INFO] CodeEngine:265 - oldGeneratedFile, C:\Users\nsorr\STM32CubeIDE\workspace_1.19.0\PET_Extruder\MXTmpFiles\license.tmp_save
2025-12-03 09:54:04,628 [INFO] CodeEngine:289 - Generated code: C:\Users\nsorr\STM32CubeIDE\workspace_1.19.0\PET_Extruder\MXTmpFiles\license.tmp
2025-12-03 09:54:04,688 [INFO] CodeEngine:265 - oldGeneratedFile, C:\Users\nsorr\STM32CubeIDE\workspace_1.19.0\PET_Extruder\Core\Src\gpio.c_save
2025-12-03 09:54:04,777 [INFO] CodeEngine:289 - Generated code: C:\Users\nsorr\STM32CubeIDE\workspace_1.19.0\PET_Extruder\Core\Src\gpio.c
2025-12-03 09:54:04,782 [INFO] CodeEngine:265 - oldGeneratedFile, C:\Users\nsorr\STM32CubeIDE\workspace_1.19.0\PET_Extruder\Core\Inc\gpio.h_save
2025-12-03 09:54:04,841 [INFO] CodeEngine:289 - Generated code: C:\Users\nsorr\STM32CubeIDE\workspace_1.19.0\PET_Extruder\Core\Inc\gpio.h
2025-12-03 09:54:05,026 [INFO] CodeEngine:265 - oldGeneratedFile, C:\Users\nsorr\STM32CubeIDE\workspace_1.19.0\PET_Extruder\Core\Src\adc.c_save
2025-12-03 09:54:05,138 [INFO] CodeEngine:289 - Generated code: C:\Users\nsorr\STM32CubeIDE\workspace_1.19.0\PET_Extruder\Core\Src\adc.c
2025-12-03 09:54:05,144 [INFO] CodeEngine:265 - oldGeneratedFile, C:\Users\nsorr\STM32CubeIDE\workspace_1.19.0\PET_Extruder\Core\Inc\adc.h_save
2025-12-03 09:54:05,192 [INFO] CodeEngine:289 - Generated code: C:\Users\nsorr\STM32CubeIDE\workspace_1.19.0\PET_Extruder\Core\Inc\adc.h
2025-12-03 09:54:05,204 [INFO] CodeEngine:265 - oldGeneratedFile, C:\Users\nsorr\STM32CubeIDE\workspace_1.19.0\PET_Extruder\Core\Src\dma.c_save
2025-12-03 09:54:05,255 [INFO] CodeEngine:289 - Generated code: C:\Users\nsorr\STM32CubeIDE\workspace_1.19.0\PET_Extruder\Core\Src\dma.c
2025-12-03 09:54:05,261 [INFO] CodeEngine:265 - oldGeneratedFile, C:\Users\nsorr\STM32CubeIDE\workspace_1.19.0\PET_Extruder\Core\Inc\dma.h_save
2025-12-03 09:54:05,317 [INFO] CodeEngine:289 - Generated code: C:\Users\nsorr\STM32CubeIDE\workspace_1.19.0\PET_Extruder\Core\Inc\dma.h
2025-12-03 09:54:05,329 [INFO] CodeEngine:265 - oldGeneratedFile, C:\Users\nsorr\STM32CubeIDE\workspace_1.19.0\PET_Extruder\Core\Src\i2c.c_save
2025-12-03 09:54:05,401 [INFO] CodeEngine:289 - Generated code: C:\Users\nsorr\STM32CubeIDE\workspace_1.19.0\PET_Extruder\Core\Src\i2c.c
2025-12-03 09:54:05,406 [INFO] CodeEngine:265 - oldGeneratedFile, C:\Users\nsorr\STM32CubeIDE\workspace_1.19.0\PET_Extruder\Core\Inc\i2c.h_save
2025-12-03 09:54:05,450 [INFO] CodeEngine:289 - Generated code: C:\Users\nsorr\STM32CubeIDE\workspace_1.19.0\PET_Extruder\Core\Inc\i2c.h
2025-12-03 09:54:05,460 [INFO] CodeEngine:265 - oldGeneratedFile, C:\Users\nsorr\STM32CubeIDE\workspace_1.19.0\PET_Extruder\Core\Src\tim.c_save
2025-12-03 09:54:05,529 [INFO] CodeEngine:289 - Generated code: C:\Users\nsorr\STM32CubeIDE\workspace_1.19.0\PET_Extruder\Core\Src\tim.c
2025-12-03 09:54:05,533 [INFO] CodeEngine:265 - oldGeneratedFile, C:\Users\nsorr\STM32CubeIDE\workspace_1.19.0\PET_Extruder\Core\Inc\tim.h_save
2025-12-03 09:54:05,579 [INFO] CodeEngine:289 - Generated code: C:\Users\nsorr\STM32CubeIDE\workspace_1.19.0\PET_Extruder\Core\Inc\tim.h
2025-12-03 09:54:05,591 [INFO] CodeEngine:265 - oldGeneratedFile, C:\Users\nsorr\STM32CubeIDE\workspace_1.19.0\PET_Extruder\Core\Src\stm32f1xx_it.c_save
2025-12-03 09:54:05,726 [INFO] CodeEngine:289 - Generated code: C:\Users\nsorr\STM32CubeIDE\workspace_1.19.0\PET_Extruder\Core\Src\stm32f1xx_it.c
2025-12-03 09:54:05,733 [INFO] CodeEngine:265 - oldGeneratedFile, C:\Users\nsorr\STM32CubeIDE\workspace_1.19.0\PET_Extruder\Core\Inc\stm32f1xx_it.h_save
2025-12-03 09:54:05,779 [INFO] CodeEngine:289 - Generated code: C:\Users\nsorr\STM32CubeIDE\workspace_1.19.0\PET_Extruder\Core\Inc\stm32f1xx_it.h
2025-12-03 09:54:05,792 [INFO] CodeEngine:265 - oldGeneratedFile, C:\Users\nsorr\STM32CubeIDE\workspace_1.19.0\PET_Extruder\Core\Src\stm32f1xx_hal_msp.c_save
2025-12-03 09:54:05,864 [INFO] CodeEngine:289 - Generated code: C:\Users\nsorr\STM32CubeIDE\workspace_1.19.0\PET_Extruder\Core\Src\stm32f1xx_hal_msp.c
2025-12-03 09:54:05,869 [INFO] CodeEngine:265 - oldGeneratedFile, C:\Users\nsorr\STM32CubeIDE\workspace_1.19.0\PET_Extruder\MXTmpFiles\system.tmp_save
2025-12-03 09:54:05,911 [INFO] CodeEngine:289 - Generated code: C:\Users\nsorr\STM32CubeIDE\workspace_1.19.0\PET_Extruder\MXTmpFiles\system.tmp
2025-12-03 09:54:05,922 [INFO] CodeEngine:321 - oldGeneratedFile, C:\Users\nsorr\STM32CubeIDE\workspace_1.19.0\PET_Extruder\Core\Inc\stm32f1xx_hal_conf.h_save
2025-12-03 09:54:05,970 [INFO] CodeEngine:345 - Generated code: C:\Users\nsorr\STM32CubeIDE\workspace_1.19.0\PET_Extruder\Core\Inc\stm32f1xx_hal_conf.h
2025-12-03 09:54:05,991 [INFO] ApiDbMcu:532 - Load IP Config File for ADC1
2025-12-03 09:54:05,994 [INFO] ApiDbMcu:532 - Load IP Config File for I2C1
2025-12-03 09:54:06,004 [INFO] ApiDbMcu:532 - Load IP Config File for TIM2
2025-12-03 09:54:06,015 [INFO] ApiDbMcu:532 - Load IP Config File for TIM3
2025-12-03 09:54:06,020 [INFO] ApiDbMcu:532 - Load IP Config File for RCC
2025-12-03 09:54:06,032 [INFO] CodeEngine:265 - oldGeneratedFile, C:\Users\nsorr\STM32CubeIDE\workspace_1.19.0\PET_Extruder\Core\Inc\main.h_save
2025-12-03 09:54:06,104 [INFO] CodeEngine:289 - Generated code: C:\Users\nsorr\STM32CubeIDE\workspace_1.19.0\PET_Extruder\Core\Inc\main.h
2025-12-03 09:54:06,111 [INFO] CodeEngine:265 - oldGeneratedFile, C:\Users\nsorr\STM32CubeIDE\workspace_1.19.0\PET_Extruder\Core\Src\main.c_save
2025-12-03 09:54:06,195 [INFO] CodeEngine:289 - Generated code: C:\Users\nsorr\STM32CubeIDE\workspace_1.19.0\PET_Extruder\Core\Src\main.c
2025-12-03 09:54:06,684 [INFO] ProjectBuilder:3606 - Time for Copy HAL[1] : 313mS.
2025-12-03 09:54:06,689 [INFO] ProjectBuilder:5216 - Project Generator version: 4.7.0-B52
2025-12-03 09:54:06,747 [INFO] ConfigFileManager:1595 - The Die is : DIE410
2025-12-03 09:54:06,751 [INFO] ApiDbMcu:532 - Load IP Config File for FATFS
2025-12-03 09:54:06,755 [INFO] ApiDbMcu:532 - Load IP Config File for FREERTOS
2025-12-03 09:54:06,760 [INFO] ApiDbMcu:532 - Load IP Config File for USB_DEVICE
2025-12-03 09:54:07,748 [INFO] ProjectBuilder:5496 - Time for Generating toolchain IDE Files: 1059mS.
2025-12-03 09:54:07,748 [INFO] ProjectBuilder:3463 - Time for Copy CMSIS : 0mS.
2025-12-03 09:54:07,751 [INFO] ProjectBuilder:3463 - Time for Copy CMSIS : 0mS.
2025-12-03 09:54:09,175 [ERROR] AdobePublisher:162 - Exception while opening the connection: java.net.SocketTimeoutException: Connect timed out
2025-12-03 09:54:14,177 [ERROR] AdobePublisher:162 - Exception while opening the connection: java.net.SocketTimeoutException: Connect timed out
2025-12-03 09:54:19,179 [ERROR] AdobePublisher:162 - Exception while opening the connection: java.net.SocketTimeoutException: Connect timed out
2025-12-03 09:54:24,192 [ERROR] AdobePublisher:162 - Exception while opening the connection: java.net.SocketTimeoutException: Connect timed out
2025-12-03 09:54:29,199 [ERROR] AdobePublisher:162 - Exception while opening the connection: java.net.SocketTimeoutException: Connect timed out
2025-12-03 09:54:42,433 [INFO] WebApp:194 - Connection lost
2025-12-03 09:54:49,024 [INFO] WebApp:191 - Connection restablished
2025-12-03 09:54:53,395 [INFO] WebApp:194 - Connection lost
2025-12-03 09:54:53,610 [INFO] WebApp:191 - Connection restablished
2025-12-03 09:55:04,413 [INFO] WebApp:194 - Connection lost
2025-12-03 09:55:04,533 [INFO] WebApp:191 - Connection restablished
