2025-12-08 00:12:56,753 [INFO] WebApp:194 - Connection lost
2025-12-08 00:13:07,761 [INFO] WebApp:191 - Connection restablished
2025-12-08 00:27:21,381 [INFO] WebApp:194 - Connection lost
2025-12-08 00:27:55,009 [INFO] WebApp:191 - Connection restablished
2025-12-08 00:40:42,861 [INFO] WebApp:194 - Connection lost
2025-12-08 00:41:45,514 [INFO] WebApp:191 - Connection restablished
2025-12-08 00:42:58,866 [INFO] WebApp:194 - Connection lost
2025-12-08 00:43:05,195 [INFO] WebApp:191 - Connection restablished
2025-12-08 01:11:07,854 [INFO] WebApp:194 - Connection lost
2025-12-08 01:12:34,648 [INFO] WebApp:191 - Connection restablished
2025-12-08 01:12:36,848 [INFO] WebApp:194 - Connection lost
2025-12-08 01:12:36,995 [INFO] WebApp:191 - Connection restablished
2025-12-08 01:13:16,335 [INFO] WebApp:194 - Connection lost
2025-12-08 01:13:16,514 [INFO] WebApp:191 - Connection restablished
2025-12-08 10:13:18,593 [INFO] WebApp:194 - Connection lost
2025-12-08 10:13:18,814 [INFO] WebApp:191 - Connection restablished
2025-12-08 10:13:25,266 [INFO] WebApp:194 - Connection lost
2025-12-08 10:13:25,556 [INFO] WebApp:191 - Connection restablished
2025-12-08 10:48:56,896 [INFO] WebApp:194 - Connection lost
2025-12-08 10:48:57,120 [INFO] WebApp:191 - Connection restablished
2025-12-08 12:39:46,037 [INFO] MainUpdater:2872 - connection check result : 10
2025-12-08 12:39:46,038 [INFO] MainUpdater:2872 - connection check result : 10
2025-12-08 12:39:46,188 [INFO] MicroXplorer:468 - Change Database Path : 
2025-12-08 12:39:46,188 [INFO] MicroXplorer:498 - Change Database Version : DB.6.0.150
2025-12-08 12:39:46,264 [ERROR] ProjectManagerView:395 - 
java.lang.NullPointerException: Cannot invoke "javax.swing.JTextField.getText()" because the return value of "java.util.List.get(int)" is null
	at com.st.microxplorer.plugins.projectmanager.gui.ProjectChoiceTab$9.caretUpdate(ProjectChoiceTab.java:2706) ~[filemanager.jar:?]
	at javax.swing.text.JTextComponent.fireCaretUpdate(JTextComponent.java:408) ~[?:?]
	at javax.swing.text.JTextComponent$MutableCaretEvent.fire(JTextComponent.java:4484) ~[?:?]
	at javax.swing.text.JTextComponent$MutableCaretEvent.stateChanged(JTextComponent.java:4506) ~[?:?]
	at javax.swing.text.DefaultCaret.fireStateChanged(DefaultCaret.java:857) ~[?:?]
	at javax.swing.text.DefaultCaret.changeCaretPosition(DefaultCaret.java:1343) ~[?:?]
	at javax.swing.text.DefaultCaret.handleSetDot(DefaultCaret.java:1242) ~[?:?]
	at javax.swing.text.DefaultCaret.setDot(DefaultCaret.java:1223) ~[?:?]
	at javax.swing.text.DefaultCaret$Handler.insertUpdate(DefaultCaret.java:1819) ~[?:?]
	at javax.swing.text.AbstractDocument.fireInsertUpdate(AbstractDocument.java:227) ~[?:?]
	at javax.swing.text.AbstractDocument.handleInsertString(AbstractDocument.java:781) ~[?:?]
	at javax.swing.text.AbstractDocument.insertString(AbstractDocument.java:740) ~[?:?]
	at javax.swing.text.PlainDocument.insertString(PlainDocument.java:131) ~[?:?]
	at javax.swing.text.AbstractDocument.replace(AbstractDocument.java:699) ~[?:?]
	at javax.swing.text.JTextComponent.setText(JTextComponent.java:1725) ~[?:?]
	at com.st.microxplorer.plugins.projectmanager.gui.ProjectChoiceTab.createHeapStackFields(ProjectChoiceTab.java:993) ~[filemanager.jar:?]
	at com.st.microxplorer.plugins.projectmanager.gui.ProjectChoiceTab.buildLinkSettingsPanel(ProjectChoiceTab.java:3813) ~[filemanager.jar:?]
	at com.st.microxplorer.plugins.projectmanager.gui.ProjectChoiceTab.defineWindowsFields(ProjectChoiceTab.java:1987) ~[filemanager.jar:?]
	at com.st.microxplorer.plugins.projectmanager.gui.ProjectChoiceTab.updateSettings(ProjectChoiceTab.java:558) ~[filemanager.jar:?]
	at com.st.microxplorer.plugins.projectmanager.gui.ProjectSettingsPanel.UpdateDialog(ProjectSettingsPanel.java:247) ~[filemanager.jar:?]
	at com.st.microxplorer.plugins.projectmanager.ProjectManagerView.propertyChange(ProjectManagerView.java:392) ~[filemanager.jar:?]
	at java.beans.PropertyChangeSupport.fire(PropertyChangeSupport.java:343) ~[?:?]
	at java.beans.PropertyChangeSupport.firePropertyChange(PropertyChangeSupport.java:335) ~[?:?]
	at java.beans.PropertyChangeSupport.firePropertyChange(PropertyChangeSupport.java:268) ~[?:?]
	at com.st.microxplorer.util.MXPropertyChangeSupport.firePropertyChange(MXPropertyChangeSupport.java:54) ~[STM32CubeMX.jar:?]
	at com.st.microxplorer.mxsystem.MxSystem.closeConfig(MxSystem.java:899) ~[STM32CubeMX.jar:?]
	at com.st.microxplorer.maingui.MainPanel.closeConfig(MainPanel.java:792) ~[STM32CubeMX.jar:?]
	at com.st.microxplorer.plugins.filemanager.engine.OpenFileManager.loadConfigurationFile(OpenFileManager.java:288) ~[filemanager.jar:?]
	at com.st.microxplorer.plugins.filemanager.engine.MainFileManager.userLoadConfig(MainFileManager.java:364) ~[filemanager.jar:?]
	at com.st.microxplorer.plugins.filemanager.engine.MainFileManager.userLoadConfig(MainFileManager.java:342) ~[filemanager.jar:?]
	at com.st.microxplorer.plugins.filemanager.FileManagerView.getSpecificTask(FileManagerView.java:264) ~[filemanager.jar:?]
	at com.st.stm32cube.common.mx.editor.CubeMxEditor.getMxTabbedPaneInstance(CubeMxEditor.java:1198) ~[com.st.stm32cube.common.mx_6.15.0.202507011659/:?]
	at com.st.stm32cube.common.mx.editor.CubeMxEditor$12$1.createSwingComponent(CubeMxEditor.java:1068) ~[com.st.stm32cube.common.mx_6.15.0.202507011659/:?]
	at com.st.stm32cube.common.mx.oss.core.awtswtbridge.EmbeddedSwingComposite.doComponentCreation(EmbeddedSwingComposite.java:492) ~[com.st.stm32cube.common.mx.oss_6.15.0.202507011659/:?]
	at com.st.stm32cube.common.mx.oss.core.awtswtbridge.EmbeddedSwingComposite$4.run(EmbeddedSwingComposite.java:291) ~[com.st.stm32cube.common.mx.oss_6.15.0.202507011659/:?]
	at com.st.stm32cube.common.mx.oss.core.awtswtbridge.AwtEnvironment$2.run(AwtEnvironment.java:166) ~[com.st.stm32cube.common.mx.oss_6.15.0.202507011659/:?]
	at java.awt.event.InvocationEvent.dispatch(InvocationEvent.java:318) ~[?:?]
	at java.awt.EventQueue.dispatchEventImpl(EventQueue.java:773) ~[?:?]
	at java.awt.EventQueue$4.run(EventQueue.java:720) ~[?:?]
	at java.awt.EventQueue$4.run(EventQueue.java:714) ~[?:?]
	at java.security.AccessController.doPrivileged(AccessController.java:400) ~[?:?]
	at java.security.ProtectionDomain$JavaSecurityAccessImpl.doIntersectionPrivilege(ProtectionDomain.java:87) ~[?:?]
	at java.awt.EventQueue.dispatchEvent(EventQueue.java:742) ~[?:?]
	at java.awt.EventDispatchThread.pumpOneEventForFilters(EventDispatchThread.java:203) ~[?:?]
	at java.awt.EventDispatchThread.pumpEventsForFilter(EventDispatchThread.java:124) ~[?:?]
	at java.awt.EventDispatchThread.pumpEventsForHierarchy(EventDispatchThread.java:113) ~[?:?]
	at java.awt.EventDispatchThread.pumpEvents(EventDispatchThread.java:109) ~[?:?]
	at java.awt.EventDispatchThread.pumpEvents(EventDispatchThread.java:101) ~[?:?]
	at java.awt.EventDispatchThread.run(EventDispatchThread.java:90) ~[?:?]
2025-12-08 12:39:46,270 [WARN] ThirdParty:871 - waiting for thirdparty lock release [close project]
2025-12-08 12:39:46,270 [INFO] ThirdParty:873 - entering critical section [close project]
2025-12-08 12:39:46,270 [INFO] ThirdParty:883 - exiting critical section [close project]
2025-12-08 12:39:46,273 [INFO] PinOutPanel:1589 - setPackage(No Configuration,No Configuration)
2025-12-08 12:39:46,286 [INFO] UtilMem:75 - Begin LoadConfig() Used Memory: 699056544 Bytes (1073741824)
2025-12-08 12:39:46,288 [INFO] MicroXplorer:468 - Change Database Path : 
2025-12-08 12:39:46,288 [INFO] MicroXplorer:498 - Change Database Version : DB.6.0.150
2025-12-08 12:39:46,288 [INFO] OpenFileManager:355 - Change cursor
2025-12-08 12:39:46,320 [INFO] RulesReader:64 - Compatibility file has been processed (317 Rules)
2025-12-08 12:39:46,326 [INFO] Mcu:2029 - Initializing MCU STM32F103C(8-B)Tx STM32F103C8Tx STM32F103C8T6
2025-12-08 12:39:47,202 [INFO] Context:786 - Trying to add GPIOservice into a context  which must be forbidden
2025-12-08 12:39:47,481 [INFO] ImportTextPane:234 - (OptionalMessage_ERROR) Pin15 (VP_RIF_VS_RIF1) cannot be retrieved for this MCU
2025-12-08 12:39:47,708 [INFO] RtosManager:558 - Registered RTOS mode: class=CMSIS, group=RTOS, mode=CMSIS_V1, owner=FREERTOS
2025-12-08 12:39:47,708 [INFO] RtosManager:558 - Registered RTOS mode: class=CMSIS, group=RTOS2, mode=CMSIS_V2, owner=FREERTOS
2025-12-08 12:39:47,708 [INFO] RtosManager:558 - Registered RTOS mode: class=RTOS, group=Core, mode=CMSIS_V1, owner=FREERTOS
2025-12-08 12:39:47,708 [INFO] RtosManager:558 - Registered RTOS mode: class=RTOS, group=Core, mode=CMSIS_V2, owner=FREERTOS
2025-12-08 12:39:47,709 [WARN] ModelIntegratedComponent:184 - Missing modes for component STMicroelectronics:FreeRTOS:0.0.1:STMicroelectronics:RTOS:FreeRTOS:Core:::10.2.0:
2025-12-08 12:39:47,722 [WARN] ModelIntegratedComponent:63 - No mode defined for component null
2025-12-08 12:39:47,722 [WARN] ModelIntegratedComponent:63 - No mode defined for component null
2025-12-08 12:39:47,722 [WARN] ModelIntegratedComponent:63 - No mode defined for component null
2025-12-08 12:39:47,723 [WARN] ModelIntegratedComponent:63 - No mode defined for component null
2025-12-08 12:39:47,723 [WARN] ModelIntegratedComponent:63 - No mode defined for component null
2025-12-08 12:39:47,723 [WARN] ModelIntegratedComponent:63 - No mode defined for component null
2025-12-08 12:39:47,723 [WARN] ModelIntegratedComponent:63 - No mode defined for component null
2025-12-08 12:39:47,723 [WARN] ModelIntegratedComponent:63 - No mode defined for component null
2025-12-08 12:39:47,723 [WARN] ModelIntegratedComponent:63 - No mode defined for component null
2025-12-08 12:39:47,723 [WARN] ModelIntegratedComponent:63 - No mode defined for component null
2025-12-08 12:39:47,723 [WARN] ModelIntegratedComponent:63 - No mode defined for component null
2025-12-08 12:39:47,723 [WARN] ModelIntegratedComponent:63 - No mode defined for component null
2025-12-08 12:39:47,723 [WARN] ModelIntegratedComponent:63 - No mode defined for component null
2025-12-08 12:39:47,723 [WARN] ModelIntegratedComponent:63 - No mode defined for component null
2025-12-08 12:39:47,723 [WARN] ModelIntegratedComponent:63 - No mode defined for component null
2025-12-08 12:39:47,723 [WARN] ModelIntegratedComponent:63 - No mode defined for component null
2025-12-08 12:39:47,723 [WARN] ModelIntegratedComponent:63 - No mode defined for component null
2025-12-08 12:39:47,723 [WARN] ModelIntegratedComponent:63 - No mode defined for component null
2025-12-08 12:39:47,723 [WARN] ModelIntegratedComponent:63 - No mode defined for component null
2025-12-08 12:39:47,723 [WARN] ModelIntegratedComponent:63 - No mode defined for component null
2025-12-08 12:39:47,723 [WARN] ModelIntegratedComponent:63 - No mode defined for component null
2025-12-08 12:39:47,723 [WARN] ModelIntegratedComponent:63 - No mode defined for component null
2025-12-08 12:39:47,723 [WARN] ModelIntegratedComponent:63 - No mode defined for component null
2025-12-08 12:39:47,723 [WARN] ModelIntegratedComponent:63 - No mode defined for component null
2025-12-08 12:39:47,723 [WARN] ModelIntegratedComponent:63 - No mode defined for component null
2025-12-08 12:39:47,723 [WARN] ModelIntegratedComponent:63 - No mode defined for component null
2025-12-08 12:39:47,723 [WARN] ModelIntegratedComponent:63 - No mode defined for component null
2025-12-08 12:39:47,723 [WARN] ModelIntegratedComponent:63 - No mode defined for component null
2025-12-08 12:39:47,723 [WARN] ModelIntegratedComponent:63 - No mode defined for component null
2025-12-08 12:39:47,723 [WARN] ModelIntegratedComponent:63 - No mode defined for component null
2025-12-08 12:39:47,723 [WARN] ModelIntegratedComponent:63 - No mode defined for component null
2025-12-08 12:39:47,723 [WARN] ModelIntegratedComponent:63 - No mode defined for component null
2025-12-08 12:39:47,723 [WARN] ModelIntegratedComponent:63 - No mode defined for component null
2025-12-08 12:39:47,723 [WARN] ModelIntegratedComponent:63 - No mode defined for component null
2025-12-08 12:39:47,723 [WARN] ModelIntegratedComponent:63 - No mode defined for component null
2025-12-08 12:39:47,723 [WARN] ModelPack:524 - Component already loaded: STMicroelectronics:HAL Drivers:0.0.0:STMicroelectronics:Device:STMicro_Driver:XSPI:HAL::0.0.1:HAL_XSPI
2025-12-08 12:39:47,792 [INFO] ThirdPartyModel:298 - Start build external matchings
2025-12-08 12:39:48,141 [INFO] ThirdPartyModel:316 - End build external matchings
2025-12-08 12:39:48,162 [INFO] ImportTextPane:234 - (OptionalMessage_ERROR) IP (DMA) : Parameter (Instance) has Id (ADC1) currently not set
2025-12-08 12:39:48,162 [INFO] ImportTextPane:234 - (OptionalMessage_ERROR) IP (DMA) : Parameter (Direction) has Id (ADC1) currently not set
2025-12-08 12:39:48,162 [INFO] ImportTextPane:234 - (OptionalMessage_ERROR) IP (DMA) : Parameter (PeriphInc) has Id (ADC1) currently not set
2025-12-08 12:39:48,162 [INFO] ImportTextPane:234 - (OptionalMessage_ERROR) IP (DMA) : Parameter (MemInc) has Id (ADC1) currently not set
2025-12-08 12:39:48,162 [INFO] ImportTextPane:234 - (OptionalMessage_ERROR) IP (DMA) : Parameter (PeriphDataAlignment) has Id (ADC1) currently not set
2025-12-08 12:39:48,162 [INFO] ImportTextPane:234 - (OptionalMessage_ERROR) IP (DMA) : Parameter (MemDataAlignment) has Id (ADC1) currently not set
2025-12-08 12:39:48,162 [INFO] ImportTextPane:234 - (OptionalMessage_ERROR) IP (DMA) : Parameter (Mode) has Id (ADC1) currently not set
2025-12-08 12:39:48,162 [INFO] ImportTextPane:234 - (OptionalMessage_ERROR) IP (DMA) : Parameter (Priority) has Id (ADC1) currently not set
2025-12-08 12:39:48,163 [INFO] ImportTextPane:234 - (OptionalMessage_ERROR) IP (RCC) : Invalid parameter (FamilyName)
2025-12-08 12:39:48,163 [INFO] ImportTextPane:234 - (OptionalMessage_ERROR) IP (RCC) : Parameter (MCOFreq_Value) has invalid value (72000000)
2025-12-08 12:39:48,163 [INFO] ImportTextPane:234 - (OptionalMessage_ERROR) IP (RCC) : Parameter (USBFreq_Value) has invalid value (72000000)
2025-12-08 12:39:48,367 [INFO] UtilMem:75 - End LoadConfig() Used Memory: 851143320 Bytes (1073741824)
2025-12-08 12:39:48,442 [WARN] ThirdParty:833 - waiting for thirdparty lock release [change project]
2025-12-08 12:39:48,443 [INFO] ThirdParty:835 - entering critical section [change project]
2025-12-08 12:39:48,443 [INFO] ThirdParty:1030 - CMSIS Pack Vendor :STMicroelectronics X-CUBE-PM33A1 1.0.0
2025-12-08 12:39:48,443 [INFO] ThirdParty:1030 - CMSIS Pack Vendor :STMicroelectronics USBPD 4.1
2025-12-08 12:39:48,443 [INFO] ThirdParty:1030 - CMSIS Pack Vendor :STMicroelectronics X-CUBE-NFC9 1.0.0
2025-12-08 12:39:48,443 [INFO] ThirdParty:1030 - CMSIS Pack Vendor :STMicroelectronics USB_HOST 2.0.0
2025-12-08 12:39:48,443 [INFO] ThirdParty:1030 - CMSIS Pack Vendor :STMicroelectronics FP-SNS-MOTENVWB1 1.4.0
2025-12-08 12:39:48,443 [INFO] ThirdParty:1030 - CMSIS Pack Vendor :STMicroelectronics X-CUBE-AZRTOS-F4 1.1.0
2025-12-08 12:39:48,443 [INFO] ThirdParty:1030 - CMSIS Pack Vendor :STMicroelectronics LIBJPEG 8.0.0
2025-12-08 12:39:48,443 [INFO] ThirdParty:1030 - CMSIS Pack Vendor :STMicroelectronics FP-ATR-ASTRA1 2.0.2
2025-12-08 12:39:48,443 [INFO] ThirdParty:1030 - CMSIS Pack Vendor :wolfSSL I-CUBE-wolfSSL 5.8.2
2025-12-08 12:39:48,443 [INFO] ThirdParty:1030 - CMSIS Pack Vendor :STMicroelectronics X-CUBE-BLE1 7.1.0
2025-12-08 12:39:48,443 [INFO] ThirdParty:1030 - CMSIS Pack Vendor :Avnet-IotConnect X-CUBE-IoTC-DA16k-PMOD 1.0.0
2025-12-08 12:39:48,443 [INFO] ThirdParty:1030 - CMSIS Pack Vendor :STMicroelectronics X-CUBE-SMBUS 2.1.0
2025-12-08 12:39:48,443 [INFO] ThirdParty:1030 - CMSIS Pack Vendor :wolfSSL I-CUBE-wolfMQTT 1.19.2
2025-12-08 12:39:48,443 [INFO] ThirdParty:1030 - CMSIS Pack Vendor :STMicroelectronics USB_DEVICE 3.0.0
2025-12-08 12:39:48,443 [INFO] ThirdParty:1030 - CMSIS Pack Vendor :STMicroelectronics X-CUBE-ISPU 2.1.0
2025-12-08 12:39:48,443 [INFO] ThirdParty:1030 - CMSIS Pack Vendor :STMicroelectronics X-CUBE-FREERTOS 1.4.0
2025-12-08 12:39:48,443 [INFO] ThirdParty:1030 - CMSIS Pack Vendor :STMicroelectronics X-CUBE-EEPRMA1 5.2.0
2025-12-08 12:39:48,443 [INFO] ThirdParty:1030 - CMSIS Pack Vendor :STMicroelectronics X-CUBE-IPS 3.2.0
2025-12-08 12:39:48,443 [INFO] ThirdParty:1030 - CMSIS Pack Vendor :STMicroelectronics X-CUBE-BLEMGR 4.1.0
2025-12-08 12:39:48,443 [INFO] ThirdParty:1030 - CMSIS Pack Vendor :STMicroelectronics X-CUBE-AZRTOS-WB 2.0.0
2025-12-08 12:39:48,443 [INFO] ThirdParty:1030 - CMSIS Pack Vendor :STMicroelectronics X-CUBE-ST60 1.0.0
2025-12-08 12:39:48,443 [INFO] ThirdParty:1030 - CMSIS Pack Vendor :STMicroelectronics X-CUBE-GNSS1 7.0.1
2025-12-08 12:39:48,443 [INFO] ThirdParty:1030 - CMSIS Pack Vendor :STMicroelectronics X-CUBE-NFC12 1.0.0
2025-12-08 12:39:48,443 [INFO] ThirdParty:1030 - CMSIS Pack Vendor :STMicroelectronics X-CUBE-AZRTOS-F7 1.1.0
2025-12-08 12:39:48,443 [INFO] ThirdParty:1030 - CMSIS Pack Vendor :STMicroelectronics X-CUBE-AZRTOS-L5 2.0.0
2025-12-08 12:39:48,443 [INFO] ThirdParty:1030 - CMSIS Pack Vendor :STMicroelectronics X-CUBE-TOUCHGFX 4.25.0
2025-12-08 12:39:48,443 [INFO] ThirdParty:1030 - CMSIS Pack Vendor :STMicroelectronics USB_DEVICE 2.0.0
2025-12-08 12:39:48,443 [INFO] ThirdParty:1030 - CMSIS Pack Vendor :STMicroelectronics X-CUBE-NFC6 3.1.0
2025-12-08 12:39:48,443 [INFO] ThirdParty:1030 - CMSIS Pack Vendor :STMicroelectronics X-CUBE-ST67W61 1.1.0
2025-12-08 12:39:48,443 [INFO] ThirdParty:1030 - CMSIS Pack Vendor :quantropi X-CUBE-qispace-sdk-base 2.1.0
2025-12-08 12:39:48,443 [INFO] ThirdParty:1030 - CMSIS Pack Vendor :STMicroelectronics X-CUBE-MEMS1 12.0.0
2025-12-08 12:39:48,443 [INFO] ThirdParty:1030 - CMSIS Pack Vendor :STMicroelectronics FP-SNS-MOTENV1 5.1.0
2025-12-08 12:39:48,443 [INFO] ThirdParty:1030 - CMSIS Pack Vendor :STMicroelectronics FreeRTOS 0.0.1
2025-12-08 12:39:48,443 [INFO] ThirdParty:1030 - CMSIS Pack Vendor :STMicroelectronics X-CUBE-AZRTOS-G0 1.1.0
2025-12-08 12:39:48,443 [INFO] ThirdParty:1030 - CMSIS Pack Vendor :STMicroelectronics X-CUBE-SAFEA1 1.2.2
2025-12-08 12:39:48,443 [INFO] ThirdParty:1030 - CMSIS Pack Vendor :STMicroelectronics X-CUBE-NFC4 3.0.0
2025-12-08 12:39:48,443 [INFO] ThirdParty:1030 - CMSIS Pack Vendor :STMicroelectronics X-CUBE-SUBG2 5.0.0
2025-12-08 12:39:48,443 [INFO] ThirdParty:1030 - CMSIS Pack Vendor :STMicroelectronics X-CUBE-AZRTOS-H7RS 1.1.0
2025-12-08 12:39:48,443 [INFO] ThirdParty:1030 - CMSIS Pack Vendor :STMicroelectronics STM32_WPAN 1.0.0
2025-12-08 12:39:48,443 [INFO] ThirdParty:1030 - CMSIS Pack Vendor :EmbeddedOffice I-CUBE-FS-RTOS 1.0.1
2025-12-08 12:39:48,443 [INFO] ThirdParty:1030 - CMSIS Pack Vendor :STMicroelectronics lwIP 2.0.3
2025-12-08 12:39:48,443 [INFO] ThirdParty:1030 - CMSIS Pack Vendor :Cesanta I-CUBE-Mongoose 7.13.0
2025-12-08 12:39:48,443 [INFO] ThirdParty:1030 - CMSIS Pack Vendor :STMicroelectronics USB_HOST 1.0.0
2025-12-08 12:39:48,443 [INFO] ThirdParty:1030 - CMSIS Pack Vendor :Infineon AIROC-Wi-Fi-Bluetooth-STM32 1.7.1
2025-12-08 12:39:48,443 [INFO] ThirdParty:1030 - CMSIS Pack Vendor :STMicroelectronics X-CUBE-AZRTOS-G4 2.0.0
2025-12-08 12:39:48,443 [INFO] ThirdParty:1030 - CMSIS Pack Vendor :STMicroelectronics X-CUBE-WB05N 2.0.0
2025-12-08 12:39:48,443 [INFO] ThirdParty:1030 - CMSIS Pack Vendor :STMicroelectronics PDM2PCM 3.1.0
2025-12-08 12:39:48,443 [INFO] ThirdParty:1030 - CMSIS Pack Vendor :STMicroelectronics PDM2PCM 3.3.0
2025-12-08 12:39:48,443 [INFO] ThirdParty:1030 - CMSIS Pack Vendor :wolfSSL I-CUBE-wolfTPM 3.8.0
2025-12-08 12:39:48,443 [INFO] ThirdParty:1030 - CMSIS Pack Vendor :STMicroelectronics X-CUBE-AZRTOS-H7 3.4.0
2025-12-08 12:39:48,443 [INFO] ThirdParty:1030 - CMSIS Pack Vendor :STMicroelectronics X-CUBE-DISPLAY 3.0.0
2025-12-08 12:39:48,443 [INFO] ThirdParty:1030 - CMSIS Pack Vendor :wolfSSL I-CUBE-wolfSSH 1.4.20
2025-12-08 12:39:48,443 [INFO] ThirdParty:1030 - CMSIS Pack Vendor :STMicroelectronics X-CUBE-NFC7 2.0.0
2025-12-08 12:39:48,443 [INFO] ThirdParty:1030 - CMSIS Pack Vendor :STMicroelectronics X-CUBE-TCPP 4.2.0
2025-12-08 12:39:48,443 [INFO] ThirdParty:1030 - CMSIS Pack Vendor :RealThread X-CUBE-RT-Thread_Nano 4.1.1
2025-12-08 12:39:48,443 [INFO] ThirdParty:1030 - CMSIS Pack Vendor :STMicroelectronics FP-ATR-SIGFOX1 3.2.0
2025-12-08 12:39:48,443 [INFO] ThirdParty:1030 - CMSIS Pack Vendor :STMicroelectronics X-CUBE-NFC10 1.0.0
2025-12-08 12:39:48,443 [INFO] ThirdParty:1030 - CMSIS Pack Vendor :STMicroelectronics X-CUBE-FREERTOS 1.3.1
2025-12-08 12:39:48,444 [INFO] ThirdParty:1030 - CMSIS Pack Vendor :STMicroelectronics HAL Drivers 0.0.0
2025-12-08 12:39:48,444 [INFO] ThirdParty:1030 - CMSIS Pack Vendor :STMicroelectronics MBEDTLS 2.16.2
2025-12-08 12:39:48,444 [INFO] ThirdParty:1030 - CMSIS Pack Vendor :STMicroelectronics X-CUBE-ST60 1.1.0
2025-12-08 12:39:48,444 [INFO] ThirdParty:1030 - CMSIS Pack Vendor :STMicroelectronics X-CUBE-IPS 3.1.0
2025-12-08 12:39:48,444 [INFO] ThirdParty:1030 - CMSIS Pack Vendor :STMicroelectronics X-CUBE-ALS 1.0.2
2025-12-08 12:39:48,444 [INFO] ThirdParty:1030 - CMSIS Pack Vendor :emotas I-CUBE-CANOPEN 1.3.0
2025-12-08 12:39:48,444 [INFO] ThirdParty:1030 - CMSIS Pack Vendor :STMicroelectronics MBEDTLS 2.14.1
2025-12-08 12:39:48,444 [INFO] ThirdParty:1030 - CMSIS Pack Vendor :STMicroelectronics X-CUBE-GNSS1 7.1.0
2025-12-08 12:39:48,444 [INFO] ThirdParty:1030 - CMSIS Pack Vendor :ITTIA_DB I-CUBE-ITTIADB 8.9.0
2025-12-08 12:39:48,444 [INFO] ThirdParty:1030 - CMSIS Pack Vendor :STMicroelectronics X-CUBE-TOUCHGFX 4.26.0
2025-12-08 12:39:48,444 [INFO] ThirdParty:1030 - CMSIS Pack Vendor :STMicroelectronics X-CUBE-STSE01 1.0.0
2025-12-08 12:39:48,444 [INFO] ThirdParty:1030 - CMSIS Pack Vendor :portGmbH I-Cube-SoM-uGOAL 1.1.0
2025-12-08 12:39:48,444 [INFO] ThirdParty:1030 - CMSIS Pack Vendor :STMicroelectronics X-CUBE-ST67W61 1.0.0
2025-12-08 12:39:48,444 [INFO] ThirdParty:1030 - CMSIS Pack Vendor :STMicroelectronics FP-SNS-STBOX1 2.1.0
2025-12-08 12:39:48,444 [INFO] ThirdParty:1030 - CMSIS Pack Vendor :STMicroelectronics X-CUBE-AI 10.2.0
2025-12-08 12:39:48,444 [INFO] ThirdParty:1030 - CMSIS Pack Vendor :STMicroelectronics FP-SNS-STAIOTCFT 1.0.0
2025-12-08 12:39:48,444 [INFO] ThirdParty:1030 - CMSIS Pack Vendor :STMicroelectronics ThreadX 1.0.0
2025-12-08 12:39:48,444 [INFO] ThirdParty:1030 - CMSIS Pack Vendor :STMicroelectronics FP-SNS-SMARTAG2 1.2.0
2025-12-08 12:39:48,444 [INFO] ThirdParty:1030 - CMSIS Pack Vendor :STMicroelectronics FP-SNS-FLIGHT1 5.1.0
2025-12-08 12:39:48,444 [INFO] ThirdParty:1030 - CMSIS Pack Vendor :STMicroelectronics X-CUBE-AZRTOS-WL 2.0.0
2025-12-08 12:39:48,444 [INFO] ThirdParty:1030 - CMSIS Pack Vendor :SEGGER I-CUBE-embOS 1.3.1
2025-12-08 12:39:48,444 [INFO] ThirdParty:1030 - CMSIS Pack Vendor :STMicroelectronics X-CUBE-ALGOBUILD 1.4.0
2025-12-08 12:39:48,444 [INFO] ThirdParty:1030 - CMSIS Pack Vendor :STMicroelectronics X-CUBE-DPower 1.3.0
2025-12-08 12:39:48,444 [INFO] ThirdParty:1030 - CMSIS Pack Vendor :STMicroelectronics X-CUBE-MEMS1 11.3.0
2025-12-08 12:39:48,444 [INFO] ThirdParty:1030 - CMSIS Pack Vendor :STMicroelectronics FP-SNS-MOTENV1 5.0.0
2025-12-08 12:39:48,444 [INFO] ThirdParty:1030 - CMSIS Pack Vendor :STMicroelectronics USB_DEVICE 1.0.0
2025-12-08 12:39:48,444 [INFO] ThirdParty:1030 - CMSIS Pack Vendor :STMicroelectronics X-CUBE-AZRTOS-H7RS 1.2.0
2025-12-08 12:39:48,444 [INFO] ThirdParty:1030 - CMSIS Pack Vendor :STMicroelectronics X-CUBE-AZRTOS-L4 2.0.0
2025-12-08 12:39:48,444 [INFO] ThirdParty:1030 - CMSIS Pack Vendor :STMicroelectronics ThreadX 0.0.2
2025-12-08 12:39:48,444 [INFO] ThirdParty:1030 - CMSIS Pack Vendor :WES I-CUBE-Cesium 1.3.0
2025-12-08 12:39:48,444 [INFO] ThirdParty:1030 - CMSIS Pack Vendor :STMicroelectronics lwIP 2.1.2
2025-12-08 12:39:48,444 [INFO] ThirdParty:1030 - CMSIS Pack Vendor :STMicroelectronics X-CUBE-SFXS2LP1 4.0.0
2025-12-08 12:39:48,444 [INFO] ThirdParty:1030 - CMSIS Pack Vendor :STMicroelectronics X-CUBE-BLE2 3.3.0
2025-12-08 12:39:48,444 [INFO] ThirdParty:1030 - CMSIS Pack Vendor :Avnet-IOTCONNECT X-CUBE-iotc-st67-sdk 1.0.0
2025-12-08 12:39:48,444 [INFO] ThirdParty:1030 - CMSIS Pack Vendor :STMicroelectronics X-CUBE-TOF1 3.4.3
2025-12-08 12:39:48,444 [INFO] ThirdParty:1030 - CMSIS Pack Vendor :STMicroelectronics PDM2PCM 3.2.0
2025-12-08 12:39:48,444 [INFO] ThirdParty:841 - exiting critical section [change project]
2025-12-08 12:39:48,613 [INFO] PinOutPanel:1589 - setPackage(No Configuration,No Configuration)
2025-12-08 12:39:48,614 [INFO] PinOutPanel:1589 - setPackage(STM32F103C8Tx,LQFP48)
2025-12-08 12:39:49,028 [INFO] UtilMem:75 - Before build in PCC Used Memory: 966884832 Bytes (1073741824)
2025-12-08 12:39:49,286 [INFO] UtilMem:75 - After build in PCC Used Memory: 666347584 Bytes (1073741824)
2025-12-08 12:39:49,302 [INFO] IPUIPlugin:80 - create IPUIPlugin
2025-12-08 12:39:49,303 [INFO] IPUIPlugin:80 - create IPUIPlugin
2025-12-08 12:39:49,303 [INFO] IPUIPlugin:80 - create IPUIPlugin
2025-12-08 12:39:49,304 [INFO] IPUIPlugin:80 - create IPUIPlugin
2025-12-08 12:39:49,304 [INFO] IPUIPlugin:80 - create IPUIPlugin
2025-12-08 12:39:49,304 [INFO] IPUIPlugin:80 - create IPUIPlugin
2025-12-08 12:39:49,304 [INFO] IPUIPlugin:80 - create IPUIPlugin
2025-12-08 12:39:49,304 [INFO] IPUIPlugin:80 - create IPUIPlugin
2025-12-08 12:39:49,304 [INFO] IPUIPlugin:80 - create IPUIPlugin
2025-12-08 12:39:49,304 [INFO] IPUIPlugin:80 - create IPUIPlugin
2025-12-08 12:39:49,304 [INFO] IPUIPlugin:80 - create IPUIPlugin
2025-12-08 12:39:49,304 [INFO] IPUIPlugin:80 - create IPUIPlugin
2025-12-08 12:39:49,304 [INFO] IPUIPlugin:80 - create IPUIPlugin
2025-12-08 12:39:49,305 [INFO] IPUIPlugin:80 - create IPUIPlugin
2025-12-08 12:39:49,305 [INFO] IPUIPlugin:80 - create IPUIPlugin
2025-12-08 12:39:49,305 [INFO] IPUIPlugin:80 - create IPUIPlugin
2025-12-08 12:39:49,305 [INFO] IPUIPlugin:80 - create IPUIPlugin
2025-12-08 12:39:49,305 [INFO] IPUIPlugin:80 - create IPUIPlugin
2025-12-08 12:39:49,305 [INFO] IPUIPlugin:80 - create IPUIPlugin
2025-12-08 12:39:49,305 [INFO] IPUIPlugin:80 - create IPUIPlugin
2025-12-08 12:39:49,305 [INFO] IPUIPlugin:80 - create IPUIPlugin
2025-12-08 12:39:49,305 [INFO] IPUIPlugin:80 - create IPUIPlugin
2025-12-08 12:39:49,305 [INFO] IPUIPlugin:80 - create IPUIPlugin
2025-12-08 12:39:49,306 [INFO] IPUIPlugin:80 - create IPUIPlugin
2025-12-08 12:39:49,306 [INFO] IPUIPlugin:80 - create IPUIPlugin
2025-12-08 12:39:49,306 [INFO] IPUIPlugin:80 - create IPUIPlugin
2025-12-08 12:39:49,306 [INFO] IPUIPlugin:80 - create IPUIPlugin
2025-12-08 12:39:49,311 [WARN] IP:2250 - I2C_Coeff_DF not found: check if there is a RefParameter without a condition.
2025-12-08 12:39:49,311 [WARN] IP:2250 - Analog_Filter not found: check if there is a RefParameter without a condition.
2025-12-08 12:39:49,351 [INFO] CADModel:165 - CPN selected for project levelSTM32F103C8T6
2025-12-08 12:39:49,351 [INFO] CADModel:114 - Register for checkConnection events
2025-12-08 12:39:49,412 [INFO] OpenFileManager:386 - Restore cursor
2025-12-08 12:39:49,714 [WARN] IP:2250 - I2C_Coeff_DF not found: check if there is a RefParameter without a condition.
2025-12-08 12:39:49,714 [WARN] IP:2250 - Analog_Filter not found: check if there is a RefParameter without a condition.
2025-12-08 12:39:49,714 [WARN] IP:2250 - I2C_Coeff_DF not found: check if there is a RefParameter without a condition.
2025-12-08 12:39:49,714 [WARN] IP:2250 - Analog_Filter not found: check if there is a RefParameter without a condition.
2025-12-08 12:40:42,828 [INFO] Gpio:278 - dependency for GPIO [ADC1, I2C1, RCC, TIM2]
2025-12-08 12:41:09,656 [INFO] Gpio:278 - dependency for GPIO [ADC1, I2C1, RCC, TIM2]
2025-12-08 12:41:09,739 [INFO] ADCParametersView:116 -                Rank 1 : false
2025-12-08 12:41:09,800 [INFO] ADCParametersView:116 -                Rank 1 : false
2025-12-08 12:41:09,800 [INFO] ADCParametersView:116 -                Rank 1 : false
2025-12-08 12:41:09,800 [INFO] ADCParametersView:116 -                Rank 1 : false
2025-12-08 12:41:09,800 [INFO] ADCParametersView:116 -                Rank 1 : false
2025-12-08 12:41:09,800 [INFO] ADCParametersView:116 -                Rank 1 : false
2025-12-08 12:41:09,800 [INFO] ADCParametersView:116 -                Rank 1 : false
2025-12-08 12:41:09,800 [INFO] ADCParametersView:116 -                Rank 1 : false
2025-12-08 12:41:09,800 [INFO] ADCParametersView:116 -                Rank 1 : false
2025-12-08 12:41:09,800 [INFO] ADCParametersView:116 -                Rank 1 : false
2025-12-08 12:41:09,800 [INFO] ADCParametersView:116 -                Rank 1 : false
2025-12-08 12:41:09,810 [INFO] ADCParametersView:116 -                Rank 1 : false
2025-12-08 12:41:14,898 [INFO] Gpio:278 - dependency for GPIO [ADC1, I2C1, RCC, TIM2]
2025-12-08 12:41:59,518 [INFO] DmaTabbedPanel:205 - Cannot restore the selected Tab for DMA
2025-12-08 12:42:18,187 [INFO] ADCParametersView:116 -                Rank 1 : false
2025-12-08 12:42:18,187 [INFO] ADCParametersView:116 -                Rank 1 : false
2025-12-08 12:42:18,187 [INFO] ADCParametersView:116 -                Rank 1 : false
2025-12-08 12:42:18,187 [INFO] ADCParametersView:116 -                Rank 1 : false
2025-12-08 12:42:18,187 [INFO] ADCParametersView:116 -                Rank 1 : false
2025-12-08 12:42:18,187 [INFO] ADCParametersView:116 -                Rank 1 : false
2025-12-08 12:42:18,187 [INFO] ADCParametersView:116 -                Rank 1 : false
2025-12-08 12:42:18,187 [INFO] ADCParametersView:116 -                Rank 1 : false
2025-12-08 12:42:18,187 [INFO] ADCParametersView:116 -                Rank 1 : false
2025-12-08 12:42:18,187 [INFO] ADCParametersView:116 -                Rank 1 : false
2025-12-08 12:42:18,190 [INFO] ADCParametersView:116 -                Rank 1 : false
2025-12-08 12:42:18,200 [INFO] ADCParametersView:116 -                Rank 1 : false
2025-12-08 12:42:18,201 [INFO] ADCParametersView:116 -                Rank 1 : false
2025-12-08 12:42:18,201 [INFO] ADCParametersView:116 -                Rank 1 : false
2025-12-08 12:42:18,201 [INFO] ADCParametersView:116 -                Rank 1 : false
2025-12-08 12:42:18,201 [INFO] ADCParametersView:116 -                Rank 1 : false
2025-12-08 12:42:18,201 [INFO] ADCParametersView:116 -                Rank 1 : false
2025-12-08 12:42:18,201 [INFO] ADCParametersView:116 -                Rank 1 : false
2025-12-08 12:42:18,201 [INFO] ADCParametersView:116 -                Rank 1 : false
2025-12-08 12:42:18,201 [INFO] ADCParametersView:116 -                Rank 1 : false
2025-12-08 12:42:18,201 [INFO] ADCParametersView:116 -                Rank 1 : false
2025-12-08 12:42:18,204 [INFO] ADCParametersView:116 -                Rank 1 : false
2025-12-08 12:42:34,494 [INFO] ADCParametersView:116 -                Rank 1 : false
2025-12-08 12:42:34,494 [INFO] ADCParametersView:116 -                Rank 1 : false
2025-12-08 12:42:34,494 [INFO] ADCParametersView:116 -                Rank 1 : false
2025-12-08 12:42:34,494 [INFO] ADCParametersView:116 -                Rank 1 : false
2025-12-08 12:42:34,495 [INFO] ADCParametersView:116 -                Rank 1 : false
2025-12-08 12:42:34,495 [INFO] ADCParametersView:116 -                Rank 1 : false
2025-12-08 12:42:34,495 [INFO] ADCParametersView:116 -                Rank 1 : false
2025-12-08 12:42:34,495 [INFO] ADCParametersView:116 -                Rank 1 : false
2025-12-08 12:42:34,495 [INFO] ADCParametersView:116 -                Rank 1 : false
2025-12-08 12:42:34,495 [INFO] ADCParametersView:116 -                Rank 1 : false
2025-12-08 12:42:34,500 [INFO] ADCParametersView:116 -                Rank 1 : false
2025-12-08 12:42:48,309 [INFO] NvicIntPanel:101 - NVIC parent = com.st.microxplorer.plugins.ip.nvic.MultiNvicIntPanel[,0,0,781x412,layout=javax.swing.BoxLayout,alignmentX=0.0,alignmentY=0.0,border=,flags=9,maximumSize=,minimumSize=,preferredSize=]
2025-12-08 13:04:29,001 [INFO] UtilMem:75 - End SaveConfig() Used Memory: 873233192 Bytes (1073741824)
2025-12-08 13:04:29,146 [INFO] UtilMem:75 - End SaveConfig() Used Memory: 890480896 Bytes (1073741824)
2025-12-08 13:04:29,487 [INFO] UtilMem:75 - End SaveConfig() Used Memory: 950683552 Bytes (1073741824)
2025-12-08 13:04:29,985 [INFO] BlockDiagram:2775 - set Specific Code input for plugin: NVIC
2025-12-08 13:04:29,985 [INFO] BlockDiagram:2775 - set Specific Code input for plugin: DMA
2025-12-08 13:04:29,985 [INFO] BlockDiagram:2775 - set Specific Code input for plugin: TIM1_8F1
2025-12-08 13:04:29,985 [INFO] BlockDiagram:2775 - set Specific Code input for plugin: TIM1_8F1
2025-12-08 13:04:29,985 [INFO] BlockDiagram:2775 - set Specific Code input for plugin: SYS
2025-12-08 13:04:29,986 [INFO] BlockDiagram:2775 - set Specific Code input for plugin: GPIO
2025-12-08 13:04:29,986 [INFO] BlockDiagram:2775 - set Specific Code input for plugin: ADC
2025-12-08 13:04:29,986 [INFO] BlockDiagram:2775 - set Specific Code input for plugin: RCC
2025-12-08 13:04:29,986 [INFO] BlockDiagram:2775 - set Specific Code input for plugin: I2C
2025-12-08 13:04:29,988 [INFO] CodeGenerator:892 - code generatio: config db path: C:\ST\STM32CubeIDE_1.19.0\STM32CubeIDE\plugins\com.st.stm32cube.common.mx_6.15.0.202507011659\\db\
2025-12-08 13:04:29,995 [INFO] Argument:325 - Argument : hdmavalue: null
2025-12-08 13:04:29,995 [INFO] Argument:327 - 	 sub Args: 
2025-12-08 13:04:29,996 [INFO] Argument:325 - Argument : Instancevalue: DMA1_Channel1
2025-12-08 13:04:29,996 [INFO] Argument:335 - Argument : Instancevalue: DMA1_Channel1
2025-12-08 13:04:29,996 [INFO] Argument:325 - Argument : Initvalue: null
2025-12-08 13:04:29,996 [INFO] Argument:327 - 	 sub Args: 
2025-12-08 13:04:29,996 [INFO] Argument:325 - Argument : Directionvalue: DMA_PERIPH_TO_MEMORY
2025-12-08 13:04:29,996 [INFO] Argument:335 - Argument : Directionvalue: DMA_PERIPH_TO_MEMORY
2025-12-08 13:04:29,996 [INFO] Argument:325 - Argument : PeriphIncvalue: DMA_PINC_DISABLE
2025-12-08 13:04:29,996 [INFO] Argument:335 - Argument : PeriphIncvalue: DMA_PINC_DISABLE
2025-12-08 13:04:29,997 [INFO] Argument:325 - Argument : MemIncvalue: DMA_MINC_ENABLE
2025-12-08 13:04:29,997 [INFO] Argument:335 - Argument : MemIncvalue: DMA_MINC_ENABLE
2025-12-08 13:04:29,997 [INFO] Argument:325 - Argument : PeriphDataAlignmentvalue: DMA_PDATAALIGN_HALFWORD
2025-12-08 13:04:29,997 [INFO] Argument:335 - Argument : PeriphDataAlignmentvalue: DMA_PDATAALIGN_HALFWORD
2025-12-08 13:04:29,997 [INFO] Argument:325 - Argument : MemDataAlignmentvalue: DMA_MDATAALIGN_HALFWORD
2025-12-08 13:04:29,997 [INFO] Argument:335 - Argument : MemDataAlignmentvalue: DMA_MDATAALIGN_HALFWORD
2025-12-08 13:04:29,997 [INFO] Argument:325 - Argument : Modevalue: DMA_NORMAL
2025-12-08 13:04:29,997 [INFO] Argument:335 - Argument : Modevalue: DMA_NORMAL
2025-12-08 13:04:29,998 [INFO] Argument:325 - Argument : Priorityvalue: DMA_PRIORITY_LOW
2025-12-08 13:04:29,998 [INFO] Argument:335 - Argument : Priorityvalue: DMA_PRIORITY_LOW
2025-12-08 13:04:29,998 [INFO] Argument:325 - Argument : Lockvalue: null
2025-12-08 13:04:29,998 [INFO] Argument:335 - Argument : Lockvalue: null
2025-12-08 13:04:29,998 [INFO] Argument:325 - Argument : Statevalue: null
2025-12-08 13:04:29,998 [INFO] Argument:335 - Argument : Statevalue: null
2025-12-08 13:04:29,998 [INFO] Argument:325 - Argument : Parentvalue: null
2025-12-08 13:04:29,998 [INFO] Argument:335 - Argument : Parentvalue: null
2025-12-08 13:04:29,998 [INFO] Argument:325 - Argument : XferCpltCallbackvalue: null
2025-12-08 13:04:29,998 [INFO] Argument:335 - Argument : XferCpltCallbackvalue: null
2025-12-08 13:04:29,999 [INFO] Argument:325 - Argument : XferHalfCpltCallbackvalue: null
2025-12-08 13:04:29,999 [INFO] Argument:335 - Argument : XferHalfCpltCallbackvalue: null
2025-12-08 13:04:29,999 [INFO] Argument:325 - Argument : XferErrorCallbackvalue: null
2025-12-08 13:04:29,999 [INFO] Argument:335 - Argument : XferErrorCallbackvalue: null
2025-12-08 13:04:29,999 [INFO] Argument:325 - Argument : ErrorCodevalue: null
2025-12-08 13:04:29,999 [INFO] Argument:335 - Argument : ErrorCodevalue: null
2025-12-08 13:04:30,001 [WARN] IP:2250 - I2C_Coeff_DF not found: check if there is a RefParameter without a condition.
2025-12-08 13:04:30,002 [WARN] IP:2250 - Analog_Filter not found: check if there is a RefParameter without a condition.
2025-12-08 13:04:30,375 [INFO] CodeEngine:265 - oldGeneratedFile, C:\Users\nsorr\STM32CubeIDE\workspace_1.19.0\PET_Extruder\MXTmpFiles\license.tmp_save
2025-12-08 13:04:30,547 [INFO] CodeEngine:289 - Generated code: C:\Users\nsorr\STM32CubeIDE\workspace_1.19.0\PET_Extruder\MXTmpFiles\license.tmp
2025-12-08 13:04:30,594 [INFO] CodeEngine:265 - oldGeneratedFile, C:\Users\nsorr\STM32CubeIDE\workspace_1.19.0\PET_Extruder\Core\Src\gpio.c_save
2025-12-08 13:04:30,695 [INFO] CodeEngine:289 - Generated code: C:\Users\nsorr\STM32CubeIDE\workspace_1.19.0\PET_Extruder\Core\Src\gpio.c
2025-12-08 13:04:30,702 [INFO] CodeEngine:265 - oldGeneratedFile, C:\Users\nsorr\STM32CubeIDE\workspace_1.19.0\PET_Extruder\Core\Inc\gpio.h_save
2025-12-08 13:04:30,791 [INFO] CodeEngine:289 - Generated code: C:\Users\nsorr\STM32CubeIDE\workspace_1.19.0\PET_Extruder\Core\Inc\gpio.h
2025-12-08 13:04:30,962 [INFO] CodeEngine:265 - oldGeneratedFile, C:\Users\nsorr\STM32CubeIDE\workspace_1.19.0\PET_Extruder\Core\Src\adc.c_save
2025-12-08 13:04:31,103 [INFO] CodeEngine:289 - Generated code: C:\Users\nsorr\STM32CubeIDE\workspace_1.19.0\PET_Extruder\Core\Src\adc.c
2025-12-08 13:04:31,111 [INFO] CodeEngine:265 - oldGeneratedFile, C:\Users\nsorr\STM32CubeIDE\workspace_1.19.0\PET_Extruder\Core\Inc\adc.h_save
2025-12-08 13:04:31,193 [INFO] CodeEngine:289 - Generated code: C:\Users\nsorr\STM32CubeIDE\workspace_1.19.0\PET_Extruder\Core\Inc\adc.h
2025-12-08 13:04:31,208 [INFO] CodeEngine:265 - oldGeneratedFile, C:\Users\nsorr\STM32CubeIDE\workspace_1.19.0\PET_Extruder\Core\Src\dma.c_save
2025-12-08 13:04:31,284 [INFO] CodeEngine:289 - Generated code: C:\Users\nsorr\STM32CubeIDE\workspace_1.19.0\PET_Extruder\Core\Src\dma.c
2025-12-08 13:04:31,291 [INFO] CodeEngine:265 - oldGeneratedFile, C:\Users\nsorr\STM32CubeIDE\workspace_1.19.0\PET_Extruder\Core\Inc\dma.h_save
2025-12-08 13:04:31,348 [INFO] CodeEngine:289 - Generated code: C:\Users\nsorr\STM32CubeIDE\workspace_1.19.0\PET_Extruder\Core\Inc\dma.h
2025-12-08 13:04:31,363 [INFO] CodeEngine:265 - oldGeneratedFile, C:\Users\nsorr\STM32CubeIDE\workspace_1.19.0\PET_Extruder\Core\Src\i2c.c_save
2025-12-08 13:04:31,453 [INFO] CodeEngine:289 - Generated code: C:\Users\nsorr\STM32CubeIDE\workspace_1.19.0\PET_Extruder\Core\Src\i2c.c
2025-12-08 13:04:31,462 [INFO] CodeEngine:265 - oldGeneratedFile, C:\Users\nsorr\STM32CubeIDE\workspace_1.19.0\PET_Extruder\Core\Inc\i2c.h_save
2025-12-08 13:04:31,529 [INFO] CodeEngine:289 - Generated code: C:\Users\nsorr\STM32CubeIDE\workspace_1.19.0\PET_Extruder\Core\Inc\i2c.h
2025-12-08 13:04:31,544 [INFO] CodeEngine:265 - oldGeneratedFile, C:\Users\nsorr\STM32CubeIDE\workspace_1.19.0\PET_Extruder\Core\Src\tim.c_save
2025-12-08 13:04:31,640 [INFO] CodeEngine:289 - Generated code: C:\Users\nsorr\STM32CubeIDE\workspace_1.19.0\PET_Extruder\Core\Src\tim.c
2025-12-08 13:04:31,651 [INFO] CodeEngine:265 - oldGeneratedFile, C:\Users\nsorr\STM32CubeIDE\workspace_1.19.0\PET_Extruder\Core\Inc\tim.h_save
2025-12-08 13:04:31,735 [INFO] CodeEngine:289 - Generated code: C:\Users\nsorr\STM32CubeIDE\workspace_1.19.0\PET_Extruder\Core\Inc\tim.h
2025-12-08 13:04:31,749 [INFO] CodeEngine:265 - oldGeneratedFile, C:\Users\nsorr\STM32CubeIDE\workspace_1.19.0\PET_Extruder\Core\Src\stm32f1xx_it.c_save
2025-12-08 13:04:34,392 [INFO] CodeEngine:289 - Generated code: C:\Users\nsorr\STM32CubeIDE\workspace_1.19.0\PET_Extruder\Core\Src\stm32f1xx_it.c
2025-12-08 13:04:34,406 [INFO] CodeEngine:265 - oldGeneratedFile, C:\Users\nsorr\STM32CubeIDE\workspace_1.19.0\PET_Extruder\Core\Inc\stm32f1xx_it.h_save
2025-12-08 13:04:34,478 [INFO] CodeEngine:289 - Generated code: C:\Users\nsorr\STM32CubeIDE\workspace_1.19.0\PET_Extruder\Core\Inc\stm32f1xx_it.h
2025-12-08 13:04:34,493 [INFO] CodeEngine:265 - oldGeneratedFile, C:\Users\nsorr\STM32CubeIDE\workspace_1.19.0\PET_Extruder\Core\Src\stm32f1xx_hal_msp.c_save
2025-12-08 13:04:34,559 [INFO] CodeEngine:289 - Generated code: C:\Users\nsorr\STM32CubeIDE\workspace_1.19.0\PET_Extruder\Core\Src\stm32f1xx_hal_msp.c
2025-12-08 13:04:34,566 [INFO] CodeEngine:265 - oldGeneratedFile, C:\Users\nsorr\STM32CubeIDE\workspace_1.19.0\PET_Extruder\MXTmpFiles\system.tmp_save
2025-12-08 13:04:34,609 [INFO] CodeEngine:289 - Generated code: C:\Users\nsorr\STM32CubeIDE\workspace_1.19.0\PET_Extruder\MXTmpFiles\system.tmp
2025-12-08 13:04:34,622 [INFO] CodeEngine:321 - oldGeneratedFile, C:\Users\nsorr\STM32CubeIDE\workspace_1.19.0\PET_Extruder\Core\Inc\stm32f1xx_hal_conf.h_save
2025-12-08 13:04:34,673 [INFO] CodeEngine:345 - Generated code: C:\Users\nsorr\STM32CubeIDE\workspace_1.19.0\PET_Extruder\Core\Inc\stm32f1xx_hal_conf.h
2025-12-08 13:04:34,696 [INFO] ApiDbMcu:532 - Load IP Config File for ADC1
2025-12-08 13:04:34,700 [INFO] ApiDbMcu:532 - Load IP Config File for I2C1
2025-12-08 13:04:34,709 [INFO] ApiDbMcu:532 - Load IP Config File for TIM2
2025-12-08 13:04:34,719 [INFO] ApiDbMcu:532 - Load IP Config File for TIM3
2025-12-08 13:04:34,721 [INFO] ApiDbMcu:532 - Load IP Config File for RCC
2025-12-08 13:04:34,733 [INFO] CodeEngine:265 - oldGeneratedFile, C:\Users\nsorr\STM32CubeIDE\workspace_1.19.0\PET_Extruder\Core\Inc\main.h_save
2025-12-08 13:04:34,812 [INFO] CodeEngine:289 - Generated code: C:\Users\nsorr\STM32CubeIDE\workspace_1.19.0\PET_Extruder\Core\Inc\main.h
2025-12-08 13:04:34,822 [INFO] CodeEngine:265 - oldGeneratedFile, C:\Users\nsorr\STM32CubeIDE\workspace_1.19.0\PET_Extruder\Core\Src\main.c_save
2025-12-08 13:04:34,913 [INFO] CodeEngine:289 - Generated code: C:\Users\nsorr\STM32CubeIDE\workspace_1.19.0\PET_Extruder\Core\Src\main.c
2025-12-08 13:04:35,322 [INFO] ProjectBuilder:3606 - Time for Copy HAL[1] : 221mS.
2025-12-08 13:04:35,326 [INFO] ProjectBuilder:5216 - Project Generator version: 4.7.0-B52
2025-12-08 13:04:35,385 [INFO] ConfigFileManager:1595 - The Die is : DIE410
2025-12-08 13:04:35,390 [INFO] ApiDbMcu:532 - Load IP Config File for FATFS
2025-12-08 13:04:35,394 [INFO] ApiDbMcu:532 - Load IP Config File for FREERTOS
2025-12-08 13:04:35,399 [INFO] ApiDbMcu:532 - Load IP Config File for USB_DEVICE
2025-12-08 13:04:36,206 [INFO] ProjectBuilder:5496 - Time for Generating toolchain IDE Files: 880mS.
2025-12-08 13:04:36,207 [INFO] ProjectBuilder:3463 - Time for Copy CMSIS : 0mS.
2025-12-08 13:04:36,211 [INFO] ProjectBuilder:3463 - Time for Copy CMSIS : 0mS.
2025-12-08 16:24:51,358 [INFO] WebApp:194 - Connection lost
2025-12-08 16:24:51,778 [INFO] WebApp:191 - Connection restablished
2025-12-08 18:15:09,259 [INFO] UtilMem:75 - End SaveConfig() Used Memory: 771260368 Bytes (1073741824)
2025-12-08 18:15:09,483 [INFO] UtilMem:75 - End SaveConfig() Used Memory: 784124680 Bytes (1073741824)
2025-12-08 18:15:11,729 [INFO] UtilMem:75 - End SaveConfig() Used Memory: 867570464 Bytes (1073741824)
2025-12-08 18:15:12,359 [INFO] BlockDiagram:2775 - set Specific Code input for plugin: NVIC
2025-12-08 18:15:12,359 [INFO] BlockDiagram:2775 - set Specific Code input for plugin: USART
2025-12-08 18:15:12,359 [INFO] BlockDiagram:2775 - set Specific Code input for plugin: DMA
2025-12-08 18:15:12,360 [INFO] BlockDiagram:2775 - set Specific Code input for plugin: TIM1_8F1
2025-12-08 18:15:12,360 [INFO] BlockDiagram:2775 - set Specific Code input for plugin: TIM1_8F1
2025-12-08 18:15:12,360 [INFO] BlockDiagram:2775 - set Specific Code input for plugin: SYS
2025-12-08 18:15:12,360 [INFO] BlockDiagram:2775 - set Specific Code input for plugin: GPIO
2025-12-08 18:15:12,361 [INFO] BlockDiagram:2775 - set Specific Code input for plugin: ADC
2025-12-08 18:15:12,361 [INFO] BlockDiagram:2775 - set Specific Code input for plugin: RCC
2025-12-08 18:15:12,361 [INFO] BlockDiagram:2775 - set Specific Code input for plugin: I2C
2025-12-08 18:15:12,364 [INFO] CodeGenerator:892 - code generatio: config db path: C:\ST\STM32CubeIDE_1.19.0\STM32CubeIDE\plugins\com.st.stm32cube.common.mx_6.15.0.202507011659\\db\
2025-12-08 18:15:12,370 [INFO] Argument:325 - Argument : hdmavalue: null
2025-12-08 18:15:12,370 [INFO] Argument:327 - 	 sub Args: 
2025-12-08 18:15:12,370 [INFO] Argument:325 - Argument : Instancevalue: DMA1_Channel1
2025-12-08 18:15:12,371 [INFO] Argument:335 - Argument : Instancevalue: DMA1_Channel1
2025-12-08 18:15:12,371 [INFO] Argument:325 - Argument : Initvalue: null
2025-12-08 18:15:12,371 [INFO] Argument:327 - 	 sub Args: 
2025-12-08 18:15:12,371 [INFO] Argument:325 - Argument : Directionvalue: DMA_PERIPH_TO_MEMORY
2025-12-08 18:15:12,372 [INFO] Argument:335 - Argument : Directionvalue: DMA_PERIPH_TO_MEMORY
2025-12-08 18:15:12,372 [INFO] Argument:325 - Argument : PeriphIncvalue: DMA_PINC_DISABLE
2025-12-08 18:15:12,372 [INFO] Argument:335 - Argument : PeriphIncvalue: DMA_PINC_DISABLE
2025-12-08 18:15:12,372 [INFO] Argument:325 - Argument : MemIncvalue: DMA_MINC_ENABLE
2025-12-08 18:15:12,373 [INFO] Argument:335 - Argument : MemIncvalue: DMA_MINC_ENABLE
2025-12-08 18:15:12,373 [INFO] Argument:325 - Argument : PeriphDataAlignmentvalue: DMA_PDATAALIGN_HALFWORD
2025-12-08 18:15:12,373 [INFO] Argument:335 - Argument : PeriphDataAlignmentvalue: DMA_PDATAALIGN_HALFWORD
2025-12-08 18:15:12,373 [INFO] Argument:325 - Argument : MemDataAlignmentvalue: DMA_MDATAALIGN_HALFWORD
2025-12-08 18:15:12,373 [INFO] Argument:335 - Argument : MemDataAlignmentvalue: DMA_MDATAALIGN_HALFWORD
2025-12-08 18:15:12,374 [INFO] Argument:325 - Argument : Modevalue: DMA_NORMAL
2025-12-08 18:15:12,374 [INFO] Argument:335 - Argument : Modevalue: DMA_NORMAL
2025-12-08 18:15:12,374 [INFO] Argument:325 - Argument : Priorityvalue: DMA_PRIORITY_LOW
2025-12-08 18:15:12,374 [INFO] Argument:335 - Argument : Priorityvalue: DMA_PRIORITY_LOW
2025-12-08 18:15:12,375 [INFO] Argument:325 - Argument : Lockvalue: null
2025-12-08 18:15:12,375 [INFO] Argument:335 - Argument : Lockvalue: null
2025-12-08 18:15:12,375 [INFO] Argument:325 - Argument : Statevalue: null
2025-12-08 18:15:12,375 [INFO] Argument:335 - Argument : Statevalue: null
2025-12-08 18:15:12,375 [INFO] Argument:325 - Argument : Parentvalue: null
2025-12-08 18:15:12,375 [INFO] Argument:335 - Argument : Parentvalue: null
2025-12-08 18:15:12,375 [INFO] Argument:325 - Argument : XferCpltCallbackvalue: null
2025-12-08 18:15:12,375 [INFO] Argument:335 - Argument : XferCpltCallbackvalue: null
2025-12-08 18:15:12,375 [INFO] Argument:325 - Argument : XferHalfCpltCallbackvalue: null
2025-12-08 18:15:12,377 [INFO] Argument:335 - Argument : XferHalfCpltCallbackvalue: null
2025-12-08 18:15:12,377 [INFO] Argument:325 - Argument : XferErrorCallbackvalue: null
2025-12-08 18:15:12,377 [INFO] Argument:335 - Argument : XferErrorCallbackvalue: null
2025-12-08 18:15:12,377 [INFO] Argument:325 - Argument : ErrorCodevalue: null
2025-12-08 18:15:12,377 [INFO] Argument:335 - Argument : ErrorCodevalue: null
2025-12-08 18:15:12,379 [WARN] IP:2250 - I2C_Coeff_DF not found: check if there is a RefParameter without a condition.
2025-12-08 18:15:12,379 [WARN] IP:2250 - Analog_Filter not found: check if there is a RefParameter without a condition.
2025-12-08 18:15:12,513 [INFO] CodeEngine:265 - oldGeneratedFile, C:\Users\nsorr\STM32CubeIDE\workspace_1.19.0\PET_Extruder\MXTmpFiles\license.tmp_save
2025-12-08 18:15:13,055 [INFO] CodeEngine:289 - Generated code: C:\Users\nsorr\STM32CubeIDE\workspace_1.19.0\PET_Extruder\MXTmpFiles\license.tmp
2025-12-08 18:15:13,119 [INFO] CodeEngine:265 - oldGeneratedFile, C:\Users\nsorr\STM32CubeIDE\workspace_1.19.0\PET_Extruder\Core\Src\gpio.c_save
2025-12-08 18:15:13,354 [INFO] CodeEngine:289 - Generated code: C:\Users\nsorr\STM32CubeIDE\workspace_1.19.0\PET_Extruder\Core\Src\gpio.c
2025-12-08 18:15:13,364 [INFO] CodeEngine:265 - oldGeneratedFile, C:\Users\nsorr\STM32CubeIDE\workspace_1.19.0\PET_Extruder\Core\Inc\gpio.h_save
2025-12-08 18:15:13,518 [INFO] CodeEngine:289 - Generated code: C:\Users\nsorr\STM32CubeIDE\workspace_1.19.0\PET_Extruder\Core\Inc\gpio.h
2025-12-08 18:15:13,924 [INFO] CodeEngine:265 - oldGeneratedFile, C:\Users\nsorr\STM32CubeIDE\workspace_1.19.0\PET_Extruder\Core\Src\adc.c_save
2025-12-08 18:15:14,245 [INFO] CodeEngine:289 - Generated code: C:\Users\nsorr\STM32CubeIDE\workspace_1.19.0\PET_Extruder\Core\Src\adc.c
2025-12-08 18:15:14,298 [INFO] CodeEngine:265 - oldGeneratedFile, C:\Users\nsorr\STM32CubeIDE\workspace_1.19.0\PET_Extruder\Core\Inc\adc.h_save
2025-12-08 18:15:14,488 [INFO] CodeEngine:289 - Generated code: C:\Users\nsorr\STM32CubeIDE\workspace_1.19.0\PET_Extruder\Core\Inc\adc.h
2025-12-08 18:15:14,554 [INFO] CodeEngine:265 - oldGeneratedFile, C:\Users\nsorr\STM32CubeIDE\workspace_1.19.0\PET_Extruder\Core\Src\dma.c_save
2025-12-08 18:15:14,724 [INFO] CodeEngine:289 - Generated code: C:\Users\nsorr\STM32CubeIDE\workspace_1.19.0\PET_Extruder\Core\Src\dma.c
2025-12-08 18:15:14,748 [INFO] CodeEngine:265 - oldGeneratedFile, C:\Users\nsorr\STM32CubeIDE\workspace_1.19.0\PET_Extruder\Core\Inc\dma.h_save
2025-12-08 18:15:14,870 [INFO] CodeEngine:289 - Generated code: C:\Users\nsorr\STM32CubeIDE\workspace_1.19.0\PET_Extruder\Core\Inc\dma.h
2025-12-08 18:15:14,902 [INFO] CodeEngine:265 - oldGeneratedFile, C:\Users\nsorr\STM32CubeIDE\workspace_1.19.0\PET_Extruder\Core\Src\i2c.c_save
2025-12-08 18:15:15,171 [INFO] CodeEngine:289 - Generated code: C:\Users\nsorr\STM32CubeIDE\workspace_1.19.0\PET_Extruder\Core\Src\i2c.c
2025-12-08 18:15:15,216 [INFO] CodeEngine:265 - oldGeneratedFile, C:\Users\nsorr\STM32CubeIDE\workspace_1.19.0\PET_Extruder\Core\Inc\i2c.h_save
2025-12-08 18:15:15,375 [INFO] CodeEngine:289 - Generated code: C:\Users\nsorr\STM32CubeIDE\workspace_1.19.0\PET_Extruder\Core\Inc\i2c.h
2025-12-08 18:15:15,403 [INFO] CodeEngine:265 - oldGeneratedFile, C:\Users\nsorr\STM32CubeIDE\workspace_1.19.0\PET_Extruder\Core\Src\tim.c_save
2025-12-08 18:15:15,619 [INFO] CodeEngine:289 - Generated code: C:\Users\nsorr\STM32CubeIDE\workspace_1.19.0\PET_Extruder\Core\Src\tim.c
2025-12-08 18:15:15,638 [INFO] CodeEngine:265 - oldGeneratedFile, C:\Users\nsorr\STM32CubeIDE\workspace_1.19.0\PET_Extruder\Core\Inc\tim.h_save
2025-12-08 18:15:15,771 [INFO] CodeEngine:289 - Generated code: C:\Users\nsorr\STM32CubeIDE\workspace_1.19.0\PET_Extruder\Core\Inc\tim.h
2025-12-08 18:15:15,796 [INFO] CodeEngine:265 - oldGeneratedFile, C:\Users\nsorr\STM32CubeIDE\workspace_1.19.0\PET_Extruder\Core\Src\usart.c_save
2025-12-08 18:15:15,982 [INFO] CodeEngine:289 - Generated code: C:\Users\nsorr\STM32CubeIDE\workspace_1.19.0\PET_Extruder\Core\Src\usart.c
2025-12-08 18:15:15,994 [INFO] CodeEngine:265 - oldGeneratedFile, C:\Users\nsorr\STM32CubeIDE\workspace_1.19.0\PET_Extruder\Core\Inc\usart.h_save
2025-12-08 18:15:16,127 [INFO] CodeEngine:289 - Generated code: C:\Users\nsorr\STM32CubeIDE\workspace_1.19.0\PET_Extruder\Core\Inc\usart.h
2025-12-08 18:15:16,168 [INFO] CodeEngine:265 - oldGeneratedFile, C:\Users\nsorr\STM32CubeIDE\workspace_1.19.0\PET_Extruder\Core\Src\stm32f1xx_it.c_save
2025-12-08 18:15:16,546 [INFO] CodeEngine:289 - Generated code: C:\Users\nsorr\STM32CubeIDE\workspace_1.19.0\PET_Extruder\Core\Src\stm32f1xx_it.c
2025-12-08 18:15:16,574 [INFO] CodeEngine:265 - oldGeneratedFile, C:\Users\nsorr\STM32CubeIDE\workspace_1.19.0\PET_Extruder\Core\Inc\stm32f1xx_it.h_save
2025-12-08 18:15:16,734 [INFO] CodeEngine:289 - Generated code: C:\Users\nsorr\STM32CubeIDE\workspace_1.19.0\PET_Extruder\Core\Inc\stm32f1xx_it.h
2025-12-08 18:15:16,770 [INFO] CodeEngine:265 - oldGeneratedFile, C:\Users\nsorr\STM32CubeIDE\workspace_1.19.0\PET_Extruder\Core\Src\stm32f1xx_hal_msp.c_save
2025-12-08 18:15:16,960 [INFO] CodeEngine:289 - Generated code: C:\Users\nsorr\STM32CubeIDE\workspace_1.19.0\PET_Extruder\Core\Src\stm32f1xx_hal_msp.c
2025-12-08 18:15:16,971 [INFO] CodeEngine:265 - oldGeneratedFile, C:\Users\nsorr\STM32CubeIDE\workspace_1.19.0\PET_Extruder\MXTmpFiles\system.tmp_save
2025-12-08 18:15:17,089 [INFO] CodeEngine:289 - Generated code: C:\Users\nsorr\STM32CubeIDE\workspace_1.19.0\PET_Extruder\MXTmpFiles\system.tmp
2025-12-08 18:15:17,122 [INFO] CodeEngine:321 - oldGeneratedFile, C:\Users\nsorr\STM32CubeIDE\workspace_1.19.0\PET_Extruder\Core\Inc\stm32f1xx_hal_conf.h_save
2025-12-08 18:15:17,275 [INFO] CodeEngine:345 - Generated code: C:\Users\nsorr\STM32CubeIDE\workspace_1.19.0\PET_Extruder\Core\Inc\stm32f1xx_hal_conf.h
2025-12-08 18:15:17,328 [INFO] ApiDbMcu:532 - Load IP Config File for USART1
2025-12-08 18:15:17,358 [INFO] CodeEngine:265 - oldGeneratedFile, C:\Users\nsorr\STM32CubeIDE\workspace_1.19.0\PET_Extruder\Core\Inc\main.h_save
2025-12-08 18:15:17,605 [INFO] CodeEngine:289 - Generated code: C:\Users\nsorr\STM32CubeIDE\workspace_1.19.0\PET_Extruder\Core\Inc\main.h
2025-12-08 18:15:17,624 [INFO] CodeEngine:265 - oldGeneratedFile, C:\Users\nsorr\STM32CubeIDE\workspace_1.19.0\PET_Extruder\Core\Src\main.c_save
2025-12-08 18:15:17,869 [INFO] CodeEngine:289 - Generated code: C:\Users\nsorr\STM32CubeIDE\workspace_1.19.0\PET_Extruder\Core\Src\main.c
2025-12-08 18:15:19,051 [INFO] ProjectBuilder:3606 - Time for Copy HAL[1] : 515mS.
2025-12-08 18:15:19,062 [INFO] ProjectBuilder:5216 - Project Generator version: 4.7.0-B52
2025-12-08 18:15:19,214 [INFO] ConfigFileManager:1595 - The Die is : DIE410
2025-12-08 18:15:21,233 [INFO] ProjectBuilder:5496 - Time for Generating toolchain IDE Files: 2169mS.
2025-12-08 18:15:21,234 [INFO] ProjectBuilder:3463 - Time for Copy CMSIS : 1mS.
2025-12-08 18:15:21,240 [INFO] ProjectBuilder:3463 - Time for Copy CMSIS : 0mS.
2025-12-08 18:58:03,572 [INFO] NvicIntPanel:101 - NVIC parent = com.st.microxplorer.plugins.ip.nvic.MultiNvicIntPanel[,0,0,693x303,layout=javax.swing.BoxLayout,alignmentX=0.0,alignmentY=0.0,border=,flags=9,maximumSize=,minimumSize=,preferredSize=]
2025-12-08 18:58:28,482 [INFO] NvicIntPanel:101 - NVIC parent = com.st.microxplorer.plugins.ip.nvic.MultiNvicIntPanel[,0,0,0x0,invalid,layout=javax.swing.BoxLayout,alignmentX=0.0,alignmentY=0.0,border=,flags=9,maximumSize=,minimumSize=,preferredSize=]
2025-12-08 18:58:32,878 [INFO] UtilMem:75 - End SaveConfig() Used Memory: 962736744 Bytes (1073741824)
2025-12-08 18:58:32,972 [INFO] UtilMem:75 - End SaveConfig() Used Memory: 974744120 Bytes (1073741824)
2025-12-08 18:58:36,655 [INFO] UtilMem:75 - End SaveConfig() Used Memory: 661074568 Bytes (1073741824)
2025-12-08 18:58:36,871 [INFO] BlockDiagram:2775 - set Specific Code input for plugin: NVIC
2025-12-08 18:58:36,871 [INFO] BlockDiagram:2775 - set Specific Code input for plugin: USART
2025-12-08 18:58:36,871 [INFO] BlockDiagram:2775 - set Specific Code input for plugin: DMA
2025-12-08 18:58:36,871 [INFO] BlockDiagram:2775 - set Specific Code input for plugin: TIM1_8F1
2025-12-08 18:58:36,871 [INFO] BlockDiagram:2775 - set Specific Code input for plugin: TIM1_8F1
2025-12-08 18:58:36,871 [INFO] BlockDiagram:2775 - set Specific Code input for plugin: SYS
2025-12-08 18:58:36,871 [INFO] BlockDiagram:2775 - set Specific Code input for plugin: GPIO
2025-12-08 18:58:36,872 [INFO] BlockDiagram:2775 - set Specific Code input for plugin: ADC
2025-12-08 18:58:36,872 [INFO] BlockDiagram:2775 - set Specific Code input for plugin: RCC
2025-12-08 18:58:36,872 [INFO] BlockDiagram:2775 - set Specific Code input for plugin: I2C
2025-12-08 18:58:36,875 [INFO] CodeGenerator:892 - code generatio: config db path: C:\ST\STM32CubeIDE_1.19.0\STM32CubeIDE\plugins\com.st.stm32cube.common.mx_6.15.0.202507011659\\db\
2025-12-08 18:58:36,883 [INFO] Argument:325 - Argument : hdmavalue: null
2025-12-08 18:58:36,883 [INFO] Argument:327 - 	 sub Args: 
2025-12-08 18:58:36,883 [INFO] Argument:325 - Argument : Instancevalue: DMA1_Channel1
2025-12-08 18:58:36,883 [INFO] Argument:335 - Argument : Instancevalue: DMA1_Channel1
2025-12-08 18:58:36,883 [INFO] Argument:325 - Argument : Initvalue: null
2025-12-08 18:58:36,883 [INFO] Argument:327 - 	 sub Args: 
2025-12-08 18:58:36,883 [INFO] Argument:325 - Argument : Directionvalue: DMA_PERIPH_TO_MEMORY
2025-12-08 18:58:36,883 [INFO] Argument:335 - Argument : Directionvalue: DMA_PERIPH_TO_MEMORY
2025-12-08 18:58:36,883 [INFO] Argument:325 - Argument : PeriphIncvalue: DMA_PINC_DISABLE
2025-12-08 18:58:36,883 [INFO] Argument:335 - Argument : PeriphIncvalue: DMA_PINC_DISABLE
2025-12-08 18:58:36,883 [INFO] Argument:325 - Argument : MemIncvalue: DMA_MINC_ENABLE
2025-12-08 18:58:36,883 [INFO] Argument:335 - Argument : MemIncvalue: DMA_MINC_ENABLE
2025-12-08 18:58:36,884 [INFO] Argument:325 - Argument : PeriphDataAlignmentvalue: DMA_PDATAALIGN_HALFWORD
2025-12-08 18:58:36,884 [INFO] Argument:335 - Argument : PeriphDataAlignmentvalue: DMA_PDATAALIGN_HALFWORD
2025-12-08 18:58:36,884 [INFO] Argument:325 - Argument : MemDataAlignmentvalue: DMA_MDATAALIGN_HALFWORD
2025-12-08 18:58:36,884 [INFO] Argument:335 - Argument : MemDataAlignmentvalue: DMA_MDATAALIGN_HALFWORD
2025-12-08 18:58:36,884 [INFO] Argument:325 - Argument : Modevalue: DMA_NORMAL
2025-12-08 18:58:36,884 [INFO] Argument:335 - Argument : Modevalue: DMA_NORMAL
2025-12-08 18:58:36,884 [INFO] Argument:325 - Argument : Priorityvalue: DMA_PRIORITY_LOW
2025-12-08 18:58:36,888 [INFO] Argument:335 - Argument : Priorityvalue: DMA_PRIORITY_LOW
2025-12-08 18:58:36,888 [INFO] Argument:325 - Argument : Lockvalue: null
2025-12-08 18:58:36,888 [INFO] Argument:335 - Argument : Lockvalue: null
2025-12-08 18:58:36,888 [INFO] Argument:325 - Argument : Statevalue: null
2025-12-08 18:58:36,888 [INFO] Argument:335 - Argument : Statevalue: null
2025-12-08 18:58:36,888 [INFO] Argument:325 - Argument : Parentvalue: null
2025-12-08 18:58:36,888 [INFO] Argument:335 - Argument : Parentvalue: null
2025-12-08 18:58:36,888 [INFO] Argument:325 - Argument : XferCpltCallbackvalue: null
2025-12-08 18:58:36,889 [INFO] Argument:335 - Argument : XferCpltCallbackvalue: null
2025-12-08 18:58:36,889 [INFO] Argument:325 - Argument : XferHalfCpltCallbackvalue: null
2025-12-08 18:58:36,889 [INFO] Argument:335 - Argument : XferHalfCpltCallbackvalue: null
2025-12-08 18:58:36,889 [INFO] Argument:325 - Argument : XferErrorCallbackvalue: null
2025-12-08 18:58:36,889 [INFO] Argument:335 - Argument : XferErrorCallbackvalue: null
2025-12-08 18:58:36,889 [INFO] Argument:325 - Argument : ErrorCodevalue: null
2025-12-08 18:58:36,889 [INFO] Argument:335 - Argument : ErrorCodevalue: null
2025-12-08 18:58:36,890 [WARN] IP:2250 - I2C_Coeff_DF not found: check if there is a RefParameter without a condition.
2025-12-08 18:58:36,890 [WARN] IP:2250 - Analog_Filter not found: check if there is a RefParameter without a condition.
2025-12-08 18:58:36,905 [INFO] Argument:325 - Argument : hdmavalue: null
2025-12-08 18:58:36,905 [INFO] Argument:327 - 	 sub Args: 
2025-12-08 18:58:36,905 [INFO] Argument:325 - Argument : Instancevalue: DMA1_Channel4
2025-12-08 18:58:36,905 [INFO] Argument:335 - Argument : Instancevalue: DMA1_Channel4
2025-12-08 18:58:36,905 [INFO] Argument:325 - Argument : Initvalue: null
2025-12-08 18:58:36,905 [INFO] Argument:327 - 	 sub Args: 
2025-12-08 18:58:36,905 [INFO] Argument:325 - Argument : Directionvalue: DMA_MEMORY_TO_PERIPH
2025-12-08 18:58:36,905 [INFO] Argument:335 - Argument : Directionvalue: DMA_MEMORY_TO_PERIPH
2025-12-08 18:58:36,906 [INFO] Argument:325 - Argument : PeriphIncvalue: DMA_PINC_DISABLE
2025-12-08 18:58:36,906 [INFO] Argument:335 - Argument : PeriphIncvalue: DMA_PINC_DISABLE
2025-12-08 18:58:36,907 [INFO] Argument:325 - Argument : MemIncvalue: DMA_MINC_ENABLE
2025-12-08 18:58:36,907 [INFO] Argument:335 - Argument : MemIncvalue: DMA_MINC_ENABLE
2025-12-08 18:58:36,907 [INFO] Argument:325 - Argument : PeriphDataAlignmentvalue: DMA_PDATAALIGN_BYTE
2025-12-08 18:58:36,907 [INFO] Argument:335 - Argument : PeriphDataAlignmentvalue: DMA_PDATAALIGN_BYTE
2025-12-08 18:58:36,907 [INFO] Argument:325 - Argument : MemDataAlignmentvalue: DMA_MDATAALIGN_BYTE
2025-12-08 18:58:36,907 [INFO] Argument:335 - Argument : MemDataAlignmentvalue: DMA_MDATAALIGN_BYTE
2025-12-08 18:58:36,907 [INFO] Argument:325 - Argument : Modevalue: DMA_NORMAL
2025-12-08 18:58:36,907 [INFO] Argument:335 - Argument : Modevalue: DMA_NORMAL
2025-12-08 18:58:36,907 [INFO] Argument:325 - Argument : Priorityvalue: DMA_PRIORITY_LOW
2025-12-08 18:58:36,907 [INFO] Argument:335 - Argument : Priorityvalue: DMA_PRIORITY_LOW
2025-12-08 18:58:36,907 [INFO] Argument:325 - Argument : Lockvalue: null
2025-12-08 18:58:36,907 [INFO] Argument:335 - Argument : Lockvalue: null
2025-12-08 18:58:36,907 [INFO] Argument:325 - Argument : Statevalue: null
2025-12-08 18:58:36,907 [INFO] Argument:335 - Argument : Statevalue: null
2025-12-08 18:58:36,907 [INFO] Argument:325 - Argument : Parentvalue: null
2025-12-08 18:58:36,907 [INFO] Argument:335 - Argument : Parentvalue: null
2025-12-08 18:58:36,907 [INFO] Argument:325 - Argument : XferCpltCallbackvalue: null
2025-12-08 18:58:36,907 [INFO] Argument:335 - Argument : XferCpltCallbackvalue: null
2025-12-08 18:58:36,907 [INFO] Argument:325 - Argument : XferHalfCpltCallbackvalue: null
2025-12-08 18:58:36,907 [INFO] Argument:335 - Argument : XferHalfCpltCallbackvalue: null
2025-12-08 18:58:36,907 [INFO] Argument:325 - Argument : XferErrorCallbackvalue: null
2025-12-08 18:58:36,907 [INFO] Argument:335 - Argument : XferErrorCallbackvalue: null
2025-12-08 18:58:36,907 [INFO] Argument:325 - Argument : ErrorCodevalue: null
2025-12-08 18:58:36,908 [INFO] Argument:335 - Argument : ErrorCodevalue: null
2025-12-08 18:58:36,965 [INFO] CodeEngine:265 - oldGeneratedFile, C:\Users\nsorr\STM32CubeIDE\workspace_1.19.0\PET_Extruder\MXTmpFiles\license.tmp_save
2025-12-08 18:58:37,088 [INFO] CodeEngine:289 - Generated code: C:\Users\nsorr\STM32CubeIDE\workspace_1.19.0\PET_Extruder\MXTmpFiles\license.tmp
2025-12-08 18:58:37,146 [INFO] CodeEngine:265 - oldGeneratedFile, C:\Users\nsorr\STM32CubeIDE\workspace_1.19.0\PET_Extruder\Core\Src\gpio.c_save
2025-12-08 18:58:37,239 [INFO] CodeEngine:289 - Generated code: C:\Users\nsorr\STM32CubeIDE\workspace_1.19.0\PET_Extruder\Core\Src\gpio.c
2025-12-08 18:58:37,249 [INFO] CodeEngine:265 - oldGeneratedFile, C:\Users\nsorr\STM32CubeIDE\workspace_1.19.0\PET_Extruder\Core\Inc\gpio.h_save
2025-12-08 18:58:37,313 [INFO] CodeEngine:289 - Generated code: C:\Users\nsorr\STM32CubeIDE\workspace_1.19.0\PET_Extruder\Core\Inc\gpio.h
2025-12-08 18:58:37,605 [INFO] CodeEngine:265 - oldGeneratedFile, C:\Users\nsorr\STM32CubeIDE\workspace_1.19.0\PET_Extruder\Core\Src\adc.c_save
2025-12-08 18:58:37,718 [INFO] CodeEngine:289 - Generated code: C:\Users\nsorr\STM32CubeIDE\workspace_1.19.0\PET_Extruder\Core\Src\adc.c
2025-12-08 18:58:37,728 [INFO] CodeEngine:265 - oldGeneratedFile, C:\Users\nsorr\STM32CubeIDE\workspace_1.19.0\PET_Extruder\Core\Inc\adc.h_save
2025-12-08 18:58:37,788 [INFO] CodeEngine:289 - Generated code: C:\Users\nsorr\STM32CubeIDE\workspace_1.19.0\PET_Extruder\Core\Inc\adc.h
2025-12-08 18:58:37,816 [INFO] CodeEngine:265 - oldGeneratedFile, C:\Users\nsorr\STM32CubeIDE\workspace_1.19.0\PET_Extruder\Core\Src\dma.c_save
2025-12-08 18:58:37,874 [INFO] CodeEngine:289 - Generated code: C:\Users\nsorr\STM32CubeIDE\workspace_1.19.0\PET_Extruder\Core\Src\dma.c
2025-12-08 18:58:37,882 [INFO] CodeEngine:265 - oldGeneratedFile, C:\Users\nsorr\STM32CubeIDE\workspace_1.19.0\PET_Extruder\Core\Inc\dma.h_save
2025-12-08 18:58:37,938 [INFO] CodeEngine:289 - Generated code: C:\Users\nsorr\STM32CubeIDE\workspace_1.19.0\PET_Extruder\Core\Inc\dma.h
2025-12-08 18:58:37,953 [INFO] CodeEngine:265 - oldGeneratedFile, C:\Users\nsorr\STM32CubeIDE\workspace_1.19.0\PET_Extruder\Core\Src\i2c.c_save
2025-12-08 18:58:38,031 [INFO] CodeEngine:289 - Generated code: C:\Users\nsorr\STM32CubeIDE\workspace_1.19.0\PET_Extruder\Core\Src\i2c.c
2025-12-08 18:58:38,041 [INFO] CodeEngine:265 - oldGeneratedFile, C:\Users\nsorr\STM32CubeIDE\workspace_1.19.0\PET_Extruder\Core\Inc\i2c.h_save
2025-12-08 18:58:38,096 [INFO] CodeEngine:289 - Generated code: C:\Users\nsorr\STM32CubeIDE\workspace_1.19.0\PET_Extruder\Core\Inc\i2c.h
2025-12-08 18:58:38,111 [INFO] CodeEngine:265 - oldGeneratedFile, C:\Users\nsorr\STM32CubeIDE\workspace_1.19.0\PET_Extruder\Core\Src\tim.c_save
2025-12-08 18:58:38,202 [INFO] CodeEngine:289 - Generated code: C:\Users\nsorr\STM32CubeIDE\workspace_1.19.0\PET_Extruder\Core\Src\tim.c
2025-12-08 18:58:38,217 [INFO] CodeEngine:265 - oldGeneratedFile, C:\Users\nsorr\STM32CubeIDE\workspace_1.19.0\PET_Extruder\Core\Inc\tim.h_save
2025-12-08 18:58:38,271 [INFO] CodeEngine:289 - Generated code: C:\Users\nsorr\STM32CubeIDE\workspace_1.19.0\PET_Extruder\Core\Inc\tim.h
2025-12-08 18:58:38,286 [INFO] CodeEngine:265 - oldGeneratedFile, C:\Users\nsorr\STM32CubeIDE\workspace_1.19.0\PET_Extruder\Core\Src\usart.c_save
2025-12-08 18:58:38,364 [INFO] CodeEngine:289 - Generated code: C:\Users\nsorr\STM32CubeIDE\workspace_1.19.0\PET_Extruder\Core\Src\usart.c
2025-12-08 18:58:38,382 [INFO] CodeEngine:265 - oldGeneratedFile, C:\Users\nsorr\STM32CubeIDE\workspace_1.19.0\PET_Extruder\Core\Inc\usart.h_save
2025-12-08 18:58:38,440 [INFO] CodeEngine:289 - Generated code: C:\Users\nsorr\STM32CubeIDE\workspace_1.19.0\PET_Extruder\Core\Inc\usart.h
2025-12-08 18:58:38,455 [INFO] CodeEngine:265 - oldGeneratedFile, C:\Users\nsorr\STM32CubeIDE\workspace_1.19.0\PET_Extruder\Core\Src\stm32f1xx_it.c_save
2025-12-08 18:58:38,603 [INFO] CodeEngine:289 - Generated code: C:\Users\nsorr\STM32CubeIDE\workspace_1.19.0\PET_Extruder\Core\Src\stm32f1xx_it.c
2025-12-08 18:58:38,612 [INFO] CodeEngine:265 - oldGeneratedFile, C:\Users\nsorr\STM32CubeIDE\workspace_1.19.0\PET_Extruder\Core\Inc\stm32f1xx_it.h_save
2025-12-08 18:58:38,674 [INFO] CodeEngine:289 - Generated code: C:\Users\nsorr\STM32CubeIDE\workspace_1.19.0\PET_Extruder\Core\Inc\stm32f1xx_it.h
2025-12-08 18:58:38,688 [INFO] CodeEngine:265 - oldGeneratedFile, C:\Users\nsorr\STM32CubeIDE\workspace_1.19.0\PET_Extruder\Core\Src\stm32f1xx_hal_msp.c_save
2025-12-08 18:58:38,764 [INFO] CodeEngine:289 - Generated code: C:\Users\nsorr\STM32CubeIDE\workspace_1.19.0\PET_Extruder\Core\Src\stm32f1xx_hal_msp.c
2025-12-08 18:58:38,769 [INFO] CodeEngine:265 - oldGeneratedFile, C:\Users\nsorr\STM32CubeIDE\workspace_1.19.0\PET_Extruder\MXTmpFiles\system.tmp_save
2025-12-08 18:58:38,823 [INFO] CodeEngine:289 - Generated code: C:\Users\nsorr\STM32CubeIDE\workspace_1.19.0\PET_Extruder\MXTmpFiles\system.tmp
2025-12-08 18:58:38,838 [INFO] CodeEngine:321 - oldGeneratedFile, C:\Users\nsorr\STM32CubeIDE\workspace_1.19.0\PET_Extruder\Core\Inc\stm32f1xx_hal_conf.h_save
2025-12-08 18:58:38,923 [INFO] CodeEngine:345 - Generated code: C:\Users\nsorr\STM32CubeIDE\workspace_1.19.0\PET_Extruder\Core\Inc\stm32f1xx_hal_conf.h
2025-12-08 18:58:38,955 [INFO] CodeEngine:265 - oldGeneratedFile, C:\Users\nsorr\STM32CubeIDE\workspace_1.19.0\PET_Extruder\Core\Inc\main.h_save
2025-12-08 18:58:39,037 [INFO] CodeEngine:289 - Generated code: C:\Users\nsorr\STM32CubeIDE\workspace_1.19.0\PET_Extruder\Core\Inc\main.h
2025-12-08 18:58:39,044 [INFO] CodeEngine:265 - oldGeneratedFile, C:\Users\nsorr\STM32CubeIDE\workspace_1.19.0\PET_Extruder\Core\Src\main.c_save
2025-12-08 18:58:39,137 [INFO] CodeEngine:289 - Generated code: C:\Users\nsorr\STM32CubeIDE\workspace_1.19.0\PET_Extruder\Core\Src\main.c
2025-12-08 18:58:39,395 [INFO] ProjectBuilder:3606 - Time for Copy HAL[1] : 116mS.
2025-12-08 18:58:39,398 [INFO] ProjectBuilder:5216 - Project Generator version: 4.7.0-B52
2025-12-08 18:58:39,502 [INFO] ConfigFileManager:1595 - The Die is : DIE410
2025-12-08 18:58:40,357 [INFO] ProjectBuilder:5496 - Time for Generating toolchain IDE Files: 959mS.
2025-12-08 18:58:40,358 [INFO] ProjectBuilder:3463 - Time for Copy CMSIS : 1mS.
2025-12-08 18:58:40,361 [INFO] ProjectBuilder:3463 - Time for Copy CMSIS : 0mS.
2025-12-08 19:15:20,475 [INFO] WebApp:194 - Connection lost
2025-12-08 19:15:20,765 [INFO] WebApp:191 - Connection restablished
2025-12-08 19:34:29,532 [INFO] ADCParametersView:116 -                Rank 1 : false
2025-12-08 19:34:29,533 [INFO] ADCParametersView:116 -                Rank 1 : false
2025-12-08 19:34:29,533 [INFO] ADCParametersView:116 -                Rank 1 : false
2025-12-08 19:34:29,533 [INFO] ADCParametersView:116 -                Rank 1 : false
2025-12-08 19:34:29,533 [INFO] ADCParametersView:116 -                Rank 1 : false
2025-12-08 19:34:29,533 [INFO] ADCParametersView:116 -                Rank 1 : false
2025-12-08 19:34:29,533 [INFO] ADCParametersView:116 -                Rank 1 : false
2025-12-08 19:34:29,533 [INFO] ADCParametersView:116 -                Rank 1 : false
2025-12-08 19:34:29,534 [INFO] ADCParametersView:116 -                Rank 1 : false
2025-12-08 19:34:29,534 [INFO] ADCParametersView:116 -                Rank 1 : false
2025-12-08 19:34:29,540 [INFO] ADCParametersView:116 -                Rank 1 : false
2025-12-08 19:34:29,556 [INFO] ADCParametersView:116 -                Rank 1 : false
2025-12-08 19:34:29,557 [INFO] ADCParametersView:116 -                Rank 1 : false
2025-12-08 19:34:29,557 [INFO] ADCParametersView:116 -                Rank 1 : false
2025-12-08 19:34:29,557 [INFO] ADCParametersView:116 -                Rank 1 : false
2025-12-08 19:34:29,557 [INFO] ADCParametersView:116 -                Rank 1 : false
2025-12-08 19:34:29,557 [INFO] ADCParametersView:116 -                Rank 1 : false
2025-12-08 19:34:29,557 [INFO] ADCParametersView:116 -                Rank 1 : false
2025-12-08 19:34:29,557 [INFO] ADCParametersView:116 -                Rank 1 : false
2025-12-08 19:34:29,557 [INFO] ADCParametersView:116 -                Rank 1 : false
2025-12-08 19:34:29,557 [INFO] ADCParametersView:116 -                Rank 1 : false
2025-12-08 19:34:29,560 [INFO] ADCParametersView:116 -                Rank 1 : false
2025-12-08 19:34:43,474 [INFO] ADCParametersView:116 -                Rank 1 : false
2025-12-08 19:34:43,475 [INFO] ADCParametersView:116 -                Rank 1 : false
2025-12-08 19:34:43,475 [INFO] ADCParametersView:116 -                Rank 1 : false
2025-12-08 19:34:43,475 [INFO] ADCParametersView:116 -                Rank 1 : false
2025-12-08 19:34:43,475 [INFO] ADCParametersView:116 -                Rank 1 : false
2025-12-08 19:34:43,475 [INFO] ADCParametersView:116 -                Rank 1 : false
2025-12-08 19:34:43,475 [INFO] ADCParametersView:116 -                Rank 1 : false
2025-12-08 19:34:43,475 [INFO] ADCParametersView:116 -                Rank 1 : false
2025-12-08 19:34:43,475 [INFO] ADCParametersView:116 -                Rank 1 : false
2025-12-08 19:34:43,475 [INFO] ADCParametersView:116 -                Rank 1 : false
2025-12-08 19:34:43,482 [INFO] ADCParametersView:116 -                Rank 1 : false
2025-12-08 19:35:11,996 [INFO] ADCParametersView:116 -                Rank 1 : true
2025-12-08 19:35:19,582 [INFO] NvicIntPanel:101 - NVIC parent = com.st.microxplorer.plugins.ip.nvic.MultiNvicIntPanel[,0,0,0x0,invalid,layout=javax.swing.BoxLayout,alignmentX=0.0,alignmentY=0.0,border=,flags=9,maximumSize=,minimumSize=,preferredSize=]
2025-12-08 19:35:19,603 [INFO] ADCParametersView:116 -                Rank 1 : true
2025-12-08 19:35:19,605 [INFO] ADCParametersView:116 -                Rank 1 : true
2025-12-08 19:35:19,605 [INFO] ADCParametersView:116 -                Rank 1 : true
2025-12-08 19:35:19,605 [INFO] ADCParametersView:116 -                Rank 1 : true
2025-12-08 19:35:19,605 [INFO] ADCParametersView:116 -                Rank 1 : true
2025-12-08 19:35:19,605 [INFO] ADCParametersView:116 -                Rank 1 : true
2025-12-08 19:35:19,605 [INFO] ADCParametersView:116 -                Rank 1 : true
2025-12-08 19:35:19,605 [INFO] ADCParametersView:116 -                Rank 1 : true
2025-12-08 19:35:19,605 [INFO] ADCParametersView:116 -                Rank 1 : true
2025-12-08 19:35:19,605 [INFO] ADCParametersView:116 -                Rank 1 : true
2025-12-08 19:35:19,609 [INFO] ADCParametersView:116 -                Rank 1 : true
2025-12-08 19:35:21,331 [INFO] UtilMem:75 - End SaveConfig() Used Memory: 779674016 Bytes (1073741824)
2025-12-08 19:35:21,390 [INFO] UtilMem:75 - End SaveConfig() Used Memory: 792256456 Bytes (1073741824)
2025-12-08 19:35:23,250 [INFO] UtilMem:75 - End SaveConfig() Used Memory: 835687416 Bytes (1073741824)
2025-12-08 19:35:23,343 [INFO] BlockDiagram:2775 - set Specific Code input for plugin: NVIC
2025-12-08 19:35:23,343 [INFO] BlockDiagram:2775 - set Specific Code input for plugin: USART
2025-12-08 19:35:23,343 [INFO] BlockDiagram:2775 - set Specific Code input for plugin: DMA
2025-12-08 19:35:23,343 [INFO] BlockDiagram:2775 - set Specific Code input for plugin: TIM1_8F1
2025-12-08 19:35:23,343 [INFO] BlockDiagram:2775 - set Specific Code input for plugin: TIM1_8F1
2025-12-08 19:35:23,343 [INFO] BlockDiagram:2775 - set Specific Code input for plugin: SYS
2025-12-08 19:35:23,343 [INFO] BlockDiagram:2775 - set Specific Code input for plugin: GPIO
2025-12-08 19:35:23,343 [INFO] BlockDiagram:2775 - set Specific Code input for plugin: ADC
2025-12-08 19:35:23,343 [INFO] BlockDiagram:2775 - set Specific Code input for plugin: RCC
2025-12-08 19:35:23,343 [INFO] BlockDiagram:2775 - set Specific Code input for plugin: I2C
2025-12-08 19:35:23,345 [INFO] CodeGenerator:892 - code generatio: config db path: C:\ST\STM32CubeIDE_1.19.0\STM32CubeIDE\plugins\com.st.stm32cube.common.mx_6.15.0.202507011659\\db\
2025-12-08 19:35:23,349 [INFO] Argument:325 - Argument : hdmavalue: null
2025-12-08 19:35:23,349 [INFO] Argument:327 - 	 sub Args: 
2025-12-08 19:35:23,349 [INFO] Argument:325 - Argument : Instancevalue: DMA1_Channel1
2025-12-08 19:35:23,349 [INFO] Argument:335 - Argument : Instancevalue: DMA1_Channel1
2025-12-08 19:35:23,349 [INFO] Argument:325 - Argument : Initvalue: null
2025-12-08 19:35:23,349 [INFO] Argument:327 - 	 sub Args: 
2025-12-08 19:35:23,349 [INFO] Argument:325 - Argument : Directionvalue: DMA_PERIPH_TO_MEMORY
2025-12-08 19:35:23,349 [INFO] Argument:335 - Argument : Directionvalue: DMA_PERIPH_TO_MEMORY
2025-12-08 19:35:23,349 [INFO] Argument:325 - Argument : PeriphIncvalue: DMA_PINC_DISABLE
2025-12-08 19:35:23,349 [INFO] Argument:335 - Argument : PeriphIncvalue: DMA_PINC_DISABLE
2025-12-08 19:35:23,350 [INFO] Argument:325 - Argument : MemIncvalue: DMA_MINC_ENABLE
2025-12-08 19:35:23,350 [INFO] Argument:335 - Argument : MemIncvalue: DMA_MINC_ENABLE
2025-12-08 19:35:23,350 [INFO] Argument:325 - Argument : PeriphDataAlignmentvalue: DMA_PDATAALIGN_HALFWORD
2025-12-08 19:35:23,350 [INFO] Argument:335 - Argument : PeriphDataAlignmentvalue: DMA_PDATAALIGN_HALFWORD
2025-12-08 19:35:23,350 [INFO] Argument:325 - Argument : MemDataAlignmentvalue: DMA_MDATAALIGN_HALFWORD
2025-12-08 19:35:23,350 [INFO] Argument:335 - Argument : MemDataAlignmentvalue: DMA_MDATAALIGN_HALFWORD
2025-12-08 19:35:23,350 [INFO] Argument:325 - Argument : Modevalue: DMA_NORMAL
2025-12-08 19:35:23,350 [INFO] Argument:335 - Argument : Modevalue: DMA_NORMAL
2025-12-08 19:35:23,350 [INFO] Argument:325 - Argument : Priorityvalue: DMA_PRIORITY_LOW
2025-12-08 19:35:23,350 [INFO] Argument:335 - Argument : Priorityvalue: DMA_PRIORITY_LOW
2025-12-08 19:35:23,350 [INFO] Argument:325 - Argument : Lockvalue: null
2025-12-08 19:35:23,350 [INFO] Argument:335 - Argument : Lockvalue: null
2025-12-08 19:35:23,350 [INFO] Argument:325 - Argument : Statevalue: null
2025-12-08 19:35:23,350 [INFO] Argument:335 - Argument : Statevalue: null
2025-12-08 19:35:23,350 [INFO] Argument:325 - Argument : Parentvalue: null
2025-12-08 19:35:23,350 [INFO] Argument:335 - Argument : Parentvalue: null
2025-12-08 19:35:23,350 [INFO] Argument:325 - Argument : XferCpltCallbackvalue: null
2025-12-08 19:35:23,350 [INFO] Argument:335 - Argument : XferCpltCallbackvalue: null
2025-12-08 19:35:23,350 [INFO] Argument:325 - Argument : XferHalfCpltCallbackvalue: null
2025-12-08 19:35:23,350 [INFO] Argument:335 - Argument : XferHalfCpltCallbackvalue: null
2025-12-08 19:35:23,350 [INFO] Argument:325 - Argument : XferErrorCallbackvalue: null
2025-12-08 19:35:23,350 [INFO] Argument:335 - Argument : XferErrorCallbackvalue: null
2025-12-08 19:35:23,350 [INFO] Argument:325 - Argument : ErrorCodevalue: null
2025-12-08 19:35:23,350 [INFO] Argument:335 - Argument : ErrorCodevalue: null
2025-12-08 19:35:23,351 [WARN] IP:2250 - I2C_Coeff_DF not found: check if there is a RefParameter without a condition.
2025-12-08 19:35:23,351 [WARN] IP:2250 - Analog_Filter not found: check if there is a RefParameter without a condition.
2025-12-08 19:35:23,358 [INFO] Argument:325 - Argument : hdmavalue: null
2025-12-08 19:35:23,358 [INFO] Argument:327 - 	 sub Args: 
2025-12-08 19:35:23,358 [INFO] Argument:325 - Argument : Instancevalue: DMA1_Channel4
2025-12-08 19:35:23,358 [INFO] Argument:335 - Argument : Instancevalue: DMA1_Channel4
2025-12-08 19:35:23,358 [INFO] Argument:325 - Argument : Initvalue: null
2025-12-08 19:35:23,358 [INFO] Argument:327 - 	 sub Args: 
2025-12-08 19:35:23,358 [INFO] Argument:325 - Argument : Directionvalue: DMA_MEMORY_TO_PERIPH
2025-12-08 19:35:23,358 [INFO] Argument:335 - Argument : Directionvalue: DMA_MEMORY_TO_PERIPH
2025-12-08 19:35:23,358 [INFO] Argument:325 - Argument : PeriphIncvalue: DMA_PINC_DISABLE
2025-12-08 19:35:23,358 [INFO] Argument:335 - Argument : PeriphIncvalue: DMA_PINC_DISABLE
2025-12-08 19:35:23,358 [INFO] Argument:325 - Argument : MemIncvalue: DMA_MINC_ENABLE
2025-12-08 19:35:23,358 [INFO] Argument:335 - Argument : MemIncvalue: DMA_MINC_ENABLE
2025-12-08 19:35:23,358 [INFO] Argument:325 - Argument : PeriphDataAlignmentvalue: DMA_PDATAALIGN_BYTE
2025-12-08 19:35:23,358 [INFO] Argument:335 - Argument : PeriphDataAlignmentvalue: DMA_PDATAALIGN_BYTE
2025-12-08 19:35:23,358 [INFO] Argument:325 - Argument : MemDataAlignmentvalue: DMA_MDATAALIGN_BYTE
2025-12-08 19:35:23,358 [INFO] Argument:335 - Argument : MemDataAlignmentvalue: DMA_MDATAALIGN_BYTE
2025-12-08 19:35:23,358 [INFO] Argument:325 - Argument : Modevalue: DMA_NORMAL
2025-12-08 19:35:23,358 [INFO] Argument:335 - Argument : Modevalue: DMA_NORMAL
2025-12-08 19:35:23,358 [INFO] Argument:325 - Argument : Priorityvalue: DMA_PRIORITY_LOW
2025-12-08 19:35:23,358 [INFO] Argument:335 - Argument : Priorityvalue: DMA_PRIORITY_LOW
2025-12-08 19:35:23,358 [INFO] Argument:325 - Argument : Lockvalue: null
2025-12-08 19:35:23,358 [INFO] Argument:335 - Argument : Lockvalue: null
2025-12-08 19:35:23,358 [INFO] Argument:325 - Argument : Statevalue: null
2025-12-08 19:35:23,358 [INFO] Argument:335 - Argument : Statevalue: null
2025-12-08 19:35:23,358 [INFO] Argument:325 - Argument : Parentvalue: null
2025-12-08 19:35:23,358 [INFO] Argument:335 - Argument : Parentvalue: null
2025-12-08 19:35:23,358 [INFO] Argument:325 - Argument : XferCpltCallbackvalue: null
2025-12-08 19:35:23,358 [INFO] Argument:335 - Argument : XferCpltCallbackvalue: null
2025-12-08 19:35:23,358 [INFO] Argument:325 - Argument : XferHalfCpltCallbackvalue: null
2025-12-08 19:35:23,358 [INFO] Argument:335 - Argument : XferHalfCpltCallbackvalue: null
2025-12-08 19:35:23,358 [INFO] Argument:325 - Argument : XferErrorCallbackvalue: null
2025-12-08 19:35:23,358 [INFO] Argument:335 - Argument : XferErrorCallbackvalue: null
2025-12-08 19:35:23,358 [INFO] Argument:325 - Argument : ErrorCodevalue: null
2025-12-08 19:35:23,358 [INFO] Argument:335 - Argument : ErrorCodevalue: null
2025-12-08 19:35:23,405 [INFO] CodeEngine:265 - oldGeneratedFile, C:\Users\nsorr\STM32CubeIDE\workspace_1.19.0\PET_Extruder\MXTmpFiles\license.tmp_save
2025-12-08 19:35:23,455 [INFO] CodeEngine:289 - Generated code: C:\Users\nsorr\STM32CubeIDE\workspace_1.19.0\PET_Extruder\MXTmpFiles\license.tmp
2025-12-08 19:35:23,476 [INFO] CodeEngine:265 - oldGeneratedFile, C:\Users\nsorr\STM32CubeIDE\workspace_1.19.0\PET_Extruder\Core\Src\gpio.c_save
2025-12-08 19:35:23,562 [INFO] CodeEngine:289 - Generated code: C:\Users\nsorr\STM32CubeIDE\workspace_1.19.0\PET_Extruder\Core\Src\gpio.c
2025-12-08 19:35:23,568 [INFO] CodeEngine:265 - oldGeneratedFile, C:\Users\nsorr\STM32CubeIDE\workspace_1.19.0\PET_Extruder\Core\Inc\gpio.h_save
2025-12-08 19:35:23,609 [INFO] CodeEngine:289 - Generated code: C:\Users\nsorr\STM32CubeIDE\workspace_1.19.0\PET_Extruder\Core\Inc\gpio.h
2025-12-08 19:35:23,707 [INFO] CodeEngine:265 - oldGeneratedFile, C:\Users\nsorr\STM32CubeIDE\workspace_1.19.0\PET_Extruder\Core\Src\adc.c_save
2025-12-08 19:35:23,773 [INFO] CodeEngine:289 - Generated code: C:\Users\nsorr\STM32CubeIDE\workspace_1.19.0\PET_Extruder\Core\Src\adc.c
2025-12-08 19:35:23,778 [INFO] CodeEngine:265 - oldGeneratedFile, C:\Users\nsorr\STM32CubeIDE\workspace_1.19.0\PET_Extruder\Core\Inc\adc.h_save
2025-12-08 19:35:23,818 [INFO] CodeEngine:289 - Generated code: C:\Users\nsorr\STM32CubeIDE\workspace_1.19.0\PET_Extruder\Core\Inc\adc.h
2025-12-08 19:35:23,835 [INFO] CodeEngine:265 - oldGeneratedFile, C:\Users\nsorr\STM32CubeIDE\workspace_1.19.0\PET_Extruder\Core\Src\dma.c_save
2025-12-08 19:35:23,878 [INFO] CodeEngine:289 - Generated code: C:\Users\nsorr\STM32CubeIDE\workspace_1.19.0\PET_Extruder\Core\Src\dma.c
2025-12-08 19:35:23,883 [INFO] CodeEngine:265 - oldGeneratedFile, C:\Users\nsorr\STM32CubeIDE\workspace_1.19.0\PET_Extruder\Core\Inc\dma.h_save
2025-12-08 19:35:23,922 [INFO] CodeEngine:289 - Generated code: C:\Users\nsorr\STM32CubeIDE\workspace_1.19.0\PET_Extruder\Core\Inc\dma.h
2025-12-08 19:35:23,931 [INFO] CodeEngine:265 - oldGeneratedFile, C:\Users\nsorr\STM32CubeIDE\workspace_1.19.0\PET_Extruder\Core\Src\i2c.c_save
2025-12-08 19:35:23,984 [INFO] CodeEngine:289 - Generated code: C:\Users\nsorr\STM32CubeIDE\workspace_1.19.0\PET_Extruder\Core\Src\i2c.c
2025-12-08 19:35:23,990 [INFO] CodeEngine:265 - oldGeneratedFile, C:\Users\nsorr\STM32CubeIDE\workspace_1.19.0\PET_Extruder\Core\Inc\i2c.h_save
2025-12-08 19:35:24,028 [INFO] CodeEngine:289 - Generated code: C:\Users\nsorr\STM32CubeIDE\workspace_1.19.0\PET_Extruder\Core\Inc\i2c.h
2025-12-08 19:35:24,038 [INFO] CodeEngine:265 - oldGeneratedFile, C:\Users\nsorr\STM32CubeIDE\workspace_1.19.0\PET_Extruder\Core\Src\tim.c_save
2025-12-08 19:35:24,093 [INFO] CodeEngine:289 - Generated code: C:\Users\nsorr\STM32CubeIDE\workspace_1.19.0\PET_Extruder\Core\Src\tim.c
2025-12-08 19:35:24,097 [INFO] CodeEngine:265 - oldGeneratedFile, C:\Users\nsorr\STM32CubeIDE\workspace_1.19.0\PET_Extruder\Core\Inc\tim.h_save
2025-12-08 19:35:24,134 [INFO] CodeEngine:289 - Generated code: C:\Users\nsorr\STM32CubeIDE\workspace_1.19.0\PET_Extruder\Core\Inc\tim.h
2025-12-08 19:35:24,142 [INFO] CodeEngine:265 - oldGeneratedFile, C:\Users\nsorr\STM32CubeIDE\workspace_1.19.0\PET_Extruder\Core\Src\usart.c_save
2025-12-08 19:35:24,201 [INFO] CodeEngine:289 - Generated code: C:\Users\nsorr\STM32CubeIDE\workspace_1.19.0\PET_Extruder\Core\Src\usart.c
2025-12-08 19:35:24,205 [INFO] CodeEngine:265 - oldGeneratedFile, C:\Users\nsorr\STM32CubeIDE\workspace_1.19.0\PET_Extruder\Core\Inc\usart.h_save
2025-12-08 19:35:24,240 [INFO] CodeEngine:289 - Generated code: C:\Users\nsorr\STM32CubeIDE\workspace_1.19.0\PET_Extruder\Core\Inc\usart.h
2025-12-08 19:35:24,248 [INFO] CodeEngine:265 - oldGeneratedFile, C:\Users\nsorr\STM32CubeIDE\workspace_1.19.0\PET_Extruder\Core\Src\stm32f1xx_it.c_save
2025-12-08 19:35:24,325 [INFO] CodeEngine:289 - Generated code: C:\Users\nsorr\STM32CubeIDE\workspace_1.19.0\PET_Extruder\Core\Src\stm32f1xx_it.c
2025-12-08 19:35:24,329 [INFO] CodeEngine:265 - oldGeneratedFile, C:\Users\nsorr\STM32CubeIDE\workspace_1.19.0\PET_Extruder\Core\Inc\stm32f1xx_it.h_save
2025-12-08 19:35:24,364 [INFO] CodeEngine:289 - Generated code: C:\Users\nsorr\STM32CubeIDE\workspace_1.19.0\PET_Extruder\Core\Inc\stm32f1xx_it.h
2025-12-08 19:35:24,373 [INFO] CodeEngine:265 - oldGeneratedFile, C:\Users\nsorr\STM32CubeIDE\workspace_1.19.0\PET_Extruder\Core\Src\stm32f1xx_hal_msp.c_save
2025-12-08 19:35:24,424 [INFO] CodeEngine:289 - Generated code: C:\Users\nsorr\STM32CubeIDE\workspace_1.19.0\PET_Extruder\Core\Src\stm32f1xx_hal_msp.c
2025-12-08 19:35:24,428 [INFO] CodeEngine:265 - oldGeneratedFile, C:\Users\nsorr\STM32CubeIDE\workspace_1.19.0\PET_Extruder\MXTmpFiles\system.tmp_save
2025-12-08 19:35:24,460 [INFO] CodeEngine:289 - Generated code: C:\Users\nsorr\STM32CubeIDE\workspace_1.19.0\PET_Extruder\MXTmpFiles\system.tmp
2025-12-08 19:35:24,467 [INFO] CodeEngine:321 - oldGeneratedFile, C:\Users\nsorr\STM32CubeIDE\workspace_1.19.0\PET_Extruder\Core\Inc\stm32f1xx_hal_conf.h_save
2025-12-08 19:35:24,507 [INFO] CodeEngine:345 - Generated code: C:\Users\nsorr\STM32CubeIDE\workspace_1.19.0\PET_Extruder\Core\Inc\stm32f1xx_hal_conf.h
2025-12-08 19:35:24,526 [INFO] CodeEngine:265 - oldGeneratedFile, C:\Users\nsorr\STM32CubeIDE\workspace_1.19.0\PET_Extruder\Core\Inc\main.h_save
2025-12-08 19:35:24,581 [INFO] CodeEngine:289 - Generated code: C:\Users\nsorr\STM32CubeIDE\workspace_1.19.0\PET_Extruder\Core\Inc\main.h
2025-12-08 19:35:24,586 [INFO] CodeEngine:265 - oldGeneratedFile, C:\Users\nsorr\STM32CubeIDE\workspace_1.19.0\PET_Extruder\Core\Src\main.c_save
2025-12-08 19:35:24,649 [INFO] CodeEngine:289 - Generated code: C:\Users\nsorr\STM32CubeIDE\workspace_1.19.0\PET_Extruder\Core\Src\main.c
2025-12-08 19:35:24,815 [INFO] ProjectBuilder:3606 - Time for Copy HAL[1] : 81mS.
2025-12-08 19:35:24,817 [INFO] ProjectBuilder:5216 - Project Generator version: 4.7.0-B52
2025-12-08 19:35:24,864 [INFO] ConfigFileManager:1595 - The Die is : DIE410
2025-12-08 19:35:25,428 [INFO] ProjectBuilder:5496 - Time for Generating toolchain IDE Files: 611mS.
2025-12-08 19:35:25,429 [INFO] ProjectBuilder:3463 - Time for Copy CMSIS : 1mS.
2025-12-08 19:35:25,432 [INFO] ProjectBuilder:3463 - Time for Copy CMSIS : 0mS.
2025-12-08 20:51:16,401 [INFO] WebApp:194 - Connection lost
2025-12-08 20:51:22,451 [INFO] WebApp:191 - Connection restablished
2025-12-08 20:54:29,477 [INFO] WebApp:194 - Connection lost
2025-12-08 20:54:29,890 [INFO] WebApp:191 - Connection restablished
2025-12-08 20:54:32,701 [INFO] WebApp:194 - Connection lost
2025-12-08 20:54:32,934 [INFO] WebApp:191 - Connection restablished
2025-12-08 21:54:20,022 [INFO] WebApp:194 - Connection lost
2025-12-08 23:43:31,504 [INFO] WebApp:191 - Connection restablished
