2025-12-07 11:49:43,052 [INFO] LogOutputStream:77 - [STDOUT_REDIRECT] 
2025-12-07 11:49:43,880 [INFO] ProjectBuilder:5496 - Time for Generating toolchain IDE Files: 1187mS.
2025-12-07 11:49:43,881 [INFO] ProjectBuilder:3463 - Time for Copy CMSIS : 0mS.
2025-12-07 11:49:43,884 [INFO] ProjectBuilder:3463 - Time for Copy CMSIS : 0mS.
2025-12-07 11:52:07,641 [INFO] NvicIntPanel:101 - NVIC parent = com.st.microxplorer.plugins.ip.nvic.MultiNvicIntPanel[,0,0,0x0,invalid,layout=javax.swing.BoxLayout,alignmentX=0.0,alignmentY=0.0,border=,flags=9,maximumSize=,minimumSize=,preferredSize=]
2025-12-07 11:52:15,046 [WARN] IP:2250 - I2C_Coeff_DF not found: check if there is a RefParameter without a condition.
2025-12-07 11:52:15,046 [WARN] IP:2250 - Analog_Filter not found: check if there is a RefParameter without a condition.
2025-12-07 11:52:15,046 [WARN] IP:2250 - I2C_Coeff_DF not found: check if there is a RefParameter without a condition.
2025-12-07 11:52:15,047 [WARN] IP:2250 - Analog_Filter not found: check if there is a RefParameter without a condition.
2025-12-07 11:52:15,058 [WARN] IP:2250 - I2C_Coeff_DF not found: check if there is a RefParameter without a condition.
2025-12-07 11:52:15,058 [WARN] IP:2250 - Analog_Filter not found: check if there is a RefParameter without a condition.
2025-12-07 11:52:15,070 [WARN] IP:2250 - I2C_Coeff_DF not found: check if there is a RefParameter without a condition.
2025-12-07 11:52:15,071 [WARN] IP:2250 - Analog_Filter not found: check if there is a RefParameter without a condition.
2025-12-07 12:34:12,074 [INFO] UtilMem:75 - End SaveConfig() Used Memory: 652952808 Bytes (1073741824)
2025-12-07 12:34:12,233 [INFO] UtilMem:75 - End SaveConfig() Used Memory: 671824600 Bytes (1073741824)
2025-12-07 12:34:14,058 [INFO] UtilMem:75 - End SaveConfig() Used Memory: 711084744 Bytes (1073741824)
2025-12-07 12:34:14,475 [INFO] BlockDiagram:2775 - set Specific Code input for plugin: NVIC
2025-12-07 12:34:14,476 [INFO] BlockDiagram:2775 - set Specific Code input for plugin: DMA
2025-12-07 12:34:14,476 [INFO] BlockDiagram:2775 - set Specific Code input for plugin: TIM1_8F1
2025-12-07 12:34:14,476 [INFO] BlockDiagram:2775 - set Specific Code input for plugin: SYS
2025-12-07 12:34:14,476 [INFO] BlockDiagram:2775 - set Specific Code input for plugin: GPIO
2025-12-07 12:34:14,476 [INFO] BlockDiagram:2775 - set Specific Code input for plugin: ADC
2025-12-07 12:34:14,477 [INFO] BlockDiagram:2775 - set Specific Code input for plugin: RCC
2025-12-07 12:34:14,477 [INFO] BlockDiagram:2775 - set Specific Code input for plugin: I2C
2025-12-07 12:34:14,478 [INFO] CodeGenerator:892 - code generatio: config db path: C:\ST\STM32CubeIDE_1.19.0\STM32CubeIDE\plugins\com.st.stm32cube.common.mx_6.15.0.202507011659\\db\
2025-12-07 12:34:14,487 [INFO] Argument:325 - Argument : hdmavalue: null
2025-12-07 12:34:14,487 [INFO] Argument:327 - 	 sub Args: 
2025-12-07 12:34:14,487 [INFO] Argument:325 - Argument : Instancevalue: DMA1_Channel1
2025-12-07 12:34:14,487 [INFO] Argument:335 - Argument : Instancevalue: DMA1_Channel1
2025-12-07 12:34:14,488 [INFO] Argument:325 - Argument : Initvalue: null
2025-12-07 12:34:14,488 [INFO] Argument:327 - 	 sub Args: 
2025-12-07 12:34:14,488 [INFO] Argument:325 - Argument : Directionvalue: DMA_PERIPH_TO_MEMORY
2025-12-07 12:34:14,488 [INFO] Argument:335 - Argument : Directionvalue: DMA_PERIPH_TO_MEMORY
2025-12-07 12:34:14,488 [INFO] Argument:325 - Argument : PeriphIncvalue: DMA_PINC_DISABLE
2025-12-07 12:34:14,489 [INFO] Argument:335 - Argument : PeriphIncvalue: DMA_PINC_DISABLE
2025-12-07 12:34:14,489 [INFO] Argument:325 - Argument : MemIncvalue: DMA_MINC_ENABLE
2025-12-07 12:34:14,489 [INFO] Argument:335 - Argument : MemIncvalue: DMA_MINC_ENABLE
2025-12-07 12:34:14,489 [INFO] Argument:325 - Argument : PeriphDataAlignmentvalue: DMA_PDATAALIGN_HALFWORD
2025-12-07 12:34:14,489 [INFO] Argument:335 - Argument : PeriphDataAlignmentvalue: DMA_PDATAALIGN_HALFWORD
2025-12-07 12:34:14,490 [INFO] Argument:325 - Argument : MemDataAlignmentvalue: DMA_MDATAALIGN_HALFWORD
2025-12-07 12:34:14,490 [INFO] Argument:335 - Argument : MemDataAlignmentvalue: DMA_MDATAALIGN_HALFWORD
2025-12-07 12:34:14,490 [INFO] Argument:325 - Argument : Modevalue: DMA_NORMAL
2025-12-07 12:34:14,490 [INFO] Argument:335 - Argument : Modevalue: DMA_NORMAL
2025-12-07 12:34:14,490 [INFO] Argument:325 - Argument : Priorityvalue: DMA_PRIORITY_LOW
2025-12-07 12:34:14,490 [INFO] Argument:335 - Argument : Priorityvalue: DMA_PRIORITY_LOW
2025-12-07 12:34:14,490 [INFO] Argument:325 - Argument : Lockvalue: null
2025-12-07 12:34:14,490 [INFO] Argument:335 - Argument : Lockvalue: null
2025-12-07 12:34:14,491 [INFO] Argument:325 - Argument : Statevalue: null
2025-12-07 12:34:14,491 [INFO] Argument:335 - Argument : Statevalue: null
2025-12-07 12:34:14,491 [INFO] Argument:325 - Argument : Parentvalue: null
2025-12-07 12:34:14,491 [INFO] Argument:335 - Argument : Parentvalue: null
2025-12-07 12:34:14,491 [INFO] Argument:325 - Argument : XferCpltCallbackvalue: null
2025-12-07 12:34:14,491 [INFO] Argument:335 - Argument : XferCpltCallbackvalue: null
2025-12-07 12:34:14,491 [INFO] Argument:325 - Argument : XferHalfCpltCallbackvalue: null
2025-12-07 12:34:14,491 [INFO] Argument:335 - Argument : XferHalfCpltCallbackvalue: null
2025-12-07 12:34:14,491 [INFO] Argument:325 - Argument : XferErrorCallbackvalue: null
2025-12-07 12:34:14,491 [INFO] Argument:335 - Argument : XferErrorCallbackvalue: null
2025-12-07 12:34:14,491 [INFO] Argument:325 - Argument : ErrorCodevalue: null
2025-12-07 12:34:14,491 [INFO] Argument:335 - Argument : ErrorCodevalue: null
2025-12-07 12:34:14,492 [WARN] IP:2250 - I2C_Coeff_DF not found: check if there is a RefParameter without a condition.
2025-12-07 12:34:14,492 [WARN] IP:2250 - Analog_Filter not found: check if there is a RefParameter without a condition.
2025-12-07 12:34:14,581 [INFO] CodeEngine:265 - oldGeneratedFile, C:\Users\nsorr\STM32CubeIDE\workspace_1.19.0\Temp_Prueba\MXTmpFiles\license.tmp_save
2025-12-07 12:34:14,758 [INFO] CodeEngine:289 - Generated code: C:\Users\nsorr\STM32CubeIDE\workspace_1.19.0\Temp_Prueba\MXTmpFiles\license.tmp
2025-12-07 12:34:14,786 [INFO] CodeEngine:265 - oldGeneratedFile, C:\Users\nsorr\STM32CubeIDE\workspace_1.19.0\Temp_Prueba\Core\Src\gpio.c_save
2025-12-07 12:34:14,877 [INFO] CodeEngine:289 - Generated code: C:\Users\nsorr\STM32CubeIDE\workspace_1.19.0\Temp_Prueba\Core\Src\gpio.c
2025-12-07 12:34:14,887 [INFO] CodeEngine:265 - oldGeneratedFile, C:\Users\nsorr\STM32CubeIDE\workspace_1.19.0\Temp_Prueba\Core\Inc\gpio.h_save
2025-12-07 12:34:14,949 [INFO] CodeEngine:289 - Generated code: C:\Users\nsorr\STM32CubeIDE\workspace_1.19.0\Temp_Prueba\Core\Inc\gpio.h
2025-12-07 12:34:15,091 [INFO] CodeEngine:265 - oldGeneratedFile, C:\Users\nsorr\STM32CubeIDE\workspace_1.19.0\Temp_Prueba\Core\Src\adc.c_save
2025-12-07 12:34:15,207 [INFO] CodeEngine:289 - Generated code: C:\Users\nsorr\STM32CubeIDE\workspace_1.19.0\Temp_Prueba\Core\Src\adc.c
2025-12-07 12:34:15,216 [INFO] CodeEngine:265 - oldGeneratedFile, C:\Users\nsorr\STM32CubeIDE\workspace_1.19.0\Temp_Prueba\Core\Inc\adc.h_save
2025-12-07 12:34:15,278 [INFO] CodeEngine:289 - Generated code: C:\Users\nsorr\STM32CubeIDE\workspace_1.19.0\Temp_Prueba\Core\Inc\adc.h
2025-12-07 12:34:15,297 [INFO] CodeEngine:265 - oldGeneratedFile, C:\Users\nsorr\STM32CubeIDE\workspace_1.19.0\Temp_Prueba\Core\Src\dma.c_save
2025-12-07 12:34:15,349 [INFO] CodeEngine:289 - Generated code: C:\Users\nsorr\STM32CubeIDE\workspace_1.19.0\Temp_Prueba\Core\Src\dma.c
2025-12-07 12:34:15,355 [INFO] CodeEngine:265 - oldGeneratedFile, C:\Users\nsorr\STM32CubeIDE\workspace_1.19.0\Temp_Prueba\Core\Inc\dma.h_save
2025-12-07 12:34:15,402 [INFO] CodeEngine:289 - Generated code: C:\Users\nsorr\STM32CubeIDE\workspace_1.19.0\Temp_Prueba\Core\Inc\dma.h
2025-12-07 12:34:15,412 [INFO] CodeEngine:265 - oldGeneratedFile, C:\Users\nsorr\STM32CubeIDE\workspace_1.19.0\Temp_Prueba\Core\Src\i2c.c_save
2025-12-07 12:34:15,473 [INFO] CodeEngine:289 - Generated code: C:\Users\nsorr\STM32CubeIDE\workspace_1.19.0\Temp_Prueba\Core\Src\i2c.c
2025-12-07 12:34:15,480 [INFO] CodeEngine:265 - oldGeneratedFile, C:\Users\nsorr\STM32CubeIDE\workspace_1.19.0\Temp_Prueba\Core\Inc\i2c.h_save
2025-12-07 12:34:15,527 [INFO] CodeEngine:289 - Generated code: C:\Users\nsorr\STM32CubeIDE\workspace_1.19.0\Temp_Prueba\Core\Inc\i2c.h
2025-12-07 12:34:15,539 [INFO] CodeEngine:265 - oldGeneratedFile, C:\Users\nsorr\STM32CubeIDE\workspace_1.19.0\Temp_Prueba\Core\Src\tim.c_save
2025-12-07 12:34:15,602 [INFO] CodeEngine:289 - Generated code: C:\Users\nsorr\STM32CubeIDE\workspace_1.19.0\Temp_Prueba\Core\Src\tim.c
2025-12-07 12:34:15,608 [INFO] CodeEngine:265 - oldGeneratedFile, C:\Users\nsorr\STM32CubeIDE\workspace_1.19.0\Temp_Prueba\Core\Inc\tim.h_save
2025-12-07 12:34:15,657 [INFO] CodeEngine:289 - Generated code: C:\Users\nsorr\STM32CubeIDE\workspace_1.19.0\Temp_Prueba\Core\Inc\tim.h
2025-12-07 12:34:15,671 [INFO] CodeEngine:265 - oldGeneratedFile, C:\Users\nsorr\STM32CubeIDE\workspace_1.19.0\Temp_Prueba\Core\Src\stm32f1xx_it.c_save
2025-12-07 12:34:15,805 [INFO] CodeEngine:289 - Generated code: C:\Users\nsorr\STM32CubeIDE\workspace_1.19.0\Temp_Prueba\Core\Src\stm32f1xx_it.c
2025-12-07 12:34:15,811 [INFO] CodeEngine:265 - oldGeneratedFile, C:\Users\nsorr\STM32CubeIDE\workspace_1.19.0\Temp_Prueba\Core\Inc\stm32f1xx_it.h_save
2025-12-07 12:34:15,852 [INFO] CodeEngine:289 - Generated code: C:\Users\nsorr\STM32CubeIDE\workspace_1.19.0\Temp_Prueba\Core\Inc\stm32f1xx_it.h
2025-12-07 12:34:15,863 [INFO] CodeEngine:265 - oldGeneratedFile, C:\Users\nsorr\STM32CubeIDE\workspace_1.19.0\Temp_Prueba\Core\Src\stm32f1xx_hal_msp.c_save
2025-12-07 12:34:15,922 [INFO] CodeEngine:289 - Generated code: C:\Users\nsorr\STM32CubeIDE\workspace_1.19.0\Temp_Prueba\Core\Src\stm32f1xx_hal_msp.c
2025-12-07 12:34:15,926 [INFO] CodeEngine:265 - oldGeneratedFile, C:\Users\nsorr\STM32CubeIDE\workspace_1.19.0\Temp_Prueba\MXTmpFiles\system.tmp_save
2025-12-07 12:34:15,962 [INFO] CodeEngine:289 - Generated code: C:\Users\nsorr\STM32CubeIDE\workspace_1.19.0\Temp_Prueba\MXTmpFiles\system.tmp
2025-12-07 12:34:15,972 [INFO] CodeEngine:321 - oldGeneratedFile, C:\Users\nsorr\STM32CubeIDE\workspace_1.19.0\Temp_Prueba\Core\Inc\stm32f1xx_hal_conf.h_save
2025-12-07 12:34:16,021 [INFO] CodeEngine:345 - Generated code: C:\Users\nsorr\STM32CubeIDE\workspace_1.19.0\Temp_Prueba\Core\Inc\stm32f1xx_hal_conf.h
2025-12-07 12:34:16,046 [INFO] CodeEngine:265 - oldGeneratedFile, C:\Users\nsorr\STM32CubeIDE\workspace_1.19.0\Temp_Prueba\Core\Inc\main.h_save
2025-12-07 12:34:16,113 [INFO] CodeEngine:289 - Generated code: C:\Users\nsorr\STM32CubeIDE\workspace_1.19.0\Temp_Prueba\Core\Inc\main.h
2025-12-07 12:34:16,121 [INFO] CodeEngine:265 - oldGeneratedFile, C:\Users\nsorr\STM32CubeIDE\workspace_1.19.0\Temp_Prueba\Core\Src\main.c_save
2025-12-07 12:34:16,200 [INFO] CodeEngine:289 - Generated code: C:\Users\nsorr\STM32CubeIDE\workspace_1.19.0\Temp_Prueba\Core\Src\main.c
2025-12-07 12:34:16,434 [INFO] ProjectBuilder:3606 - Time for Copy HAL[1] : 129mS.
2025-12-07 12:34:16,436 [INFO] ProjectBuilder:5216 - Project Generator version: 4.7.0-B52
2025-12-07 12:34:16,486 [INFO] ConfigFileManager:1595 - The Die is : DIE410
2025-12-07 12:34:17,368 [INFO] ProjectBuilder:5496 - Time for Generating toolchain IDE Files: 931mS.
2025-12-07 12:34:17,368 [INFO] ProjectBuilder:3463 - Time for Copy CMSIS : 0mS.
2025-12-07 12:34:17,371 [INFO] ProjectBuilder:3463 - Time for Copy CMSIS : 0mS.
2025-12-07 12:34:19,889 [INFO] MainUpdater:2872 - connection check result : 10
2025-12-07 12:34:19,889 [INFO] MainUpdater:2872 - connection check result : 10
2025-12-07 12:34:19,951 [INFO] MicroXplorer:468 - Change Database Path : 
2025-12-07 12:34:19,952 [INFO] MicroXplorer:498 - Change Database Version : DB.6.0.150
2025-12-07 12:34:19,986 [ERROR] ProjectManagerView:395 - 
java.lang.NullPointerException: Cannot invoke "javax.swing.JTextField.getText()" because the return value of "java.util.List.get(int)" is null
	at com.st.microxplorer.plugins.projectmanager.gui.ProjectChoiceTab$9.caretUpdate(ProjectChoiceTab.java:2706) ~[filemanager.jar:?]
	at javax.swing.text.JTextComponent.fireCaretUpdate(JTextComponent.java:408) ~[?:?]
	at javax.swing.text.JTextComponent$MutableCaretEvent.fire(JTextComponent.java:4484) ~[?:?]
	at javax.swing.text.JTextComponent$MutableCaretEvent.stateChanged(JTextComponent.java:4506) ~[?:?]
	at javax.swing.text.DefaultCaret.fireStateChanged(DefaultCaret.java:857) ~[?:?]
	at javax.swing.text.DefaultCaret.changeCaretPosition(DefaultCaret.java:1343) ~[?:?]
	at javax.swing.text.DefaultCaret.handleSetDot(DefaultCaret.java:1242) ~[?:?]
	at javax.swing.text.DefaultCaret.setDot(DefaultCaret.java:1223) ~[?:?]
	at javax.swing.text.DefaultCaret$Handler.insertUpdate(DefaultCaret.java:1819) ~[?:?]
	at javax.swing.text.AbstractDocument.fireInsertUpdate(AbstractDocument.java:227) ~[?:?]
	at javax.swing.text.AbstractDocument.handleInsertString(AbstractDocument.java:781) ~[?:?]
	at javax.swing.text.AbstractDocument.insertString(AbstractDocument.java:740) ~[?:?]
	at javax.swing.text.PlainDocument.insertString(PlainDocument.java:131) ~[?:?]
	at javax.swing.text.AbstractDocument.replace(AbstractDocument.java:699) ~[?:?]
	at javax.swing.text.JTextComponent.setText(JTextComponent.java:1725) ~[?:?]
	at com.st.microxplorer.plugins.projectmanager.gui.ProjectChoiceTab.createHeapStackFields(ProjectChoiceTab.java:993) ~[filemanager.jar:?]
	at com.st.microxplorer.plugins.projectmanager.gui.ProjectChoiceTab.buildLinkSettingsPanel(ProjectChoiceTab.java:3813) ~[filemanager.jar:?]
	at com.st.microxplorer.plugins.projectmanager.gui.ProjectChoiceTab.defineWindowsFields(ProjectChoiceTab.java:1987) ~[filemanager.jar:?]
	at com.st.microxplorer.plugins.projectmanager.gui.ProjectChoiceTab.updateSettings(ProjectChoiceTab.java:558) ~[filemanager.jar:?]
	at com.st.microxplorer.plugins.projectmanager.gui.ProjectSettingsPanel.UpdateDialog(ProjectSettingsPanel.java:247) ~[filemanager.jar:?]
	at com.st.microxplorer.plugins.projectmanager.ProjectManagerView.propertyChange(ProjectManagerView.java:392) ~[filemanager.jar:?]
	at java.beans.PropertyChangeSupport.fire(PropertyChangeSupport.java:343) ~[?:?]
	at java.beans.PropertyChangeSupport.firePropertyChange(PropertyChangeSupport.java:335) ~[?:?]
	at java.beans.PropertyChangeSupport.firePropertyChange(PropertyChangeSupport.java:268) ~[?:?]
	at com.st.microxplorer.util.MXPropertyChangeSupport.firePropertyChange(MXPropertyChangeSupport.java:54) ~[STM32CubeMX.jar:?]
	at com.st.microxplorer.mxsystem.MxSystem.closeConfig(MxSystem.java:899) ~[STM32CubeMX.jar:?]
	at com.st.microxplorer.maingui.MainPanel.closeConfig(MainPanel.java:792) ~[STM32CubeMX.jar:?]
	at com.st.microxplorer.plugins.filemanager.engine.OpenFileManager.loadConfigurationFile(OpenFileManager.java:288) ~[filemanager.jar:?]
	at com.st.microxplorer.plugins.filemanager.engine.MainFileManager.userLoadConfig(MainFileManager.java:364) ~[filemanager.jar:?]
	at com.st.microxplorer.plugins.filemanager.engine.MainFileManager.userLoadConfig(MainFileManager.java:342) ~[filemanager.jar:?]
	at com.st.microxplorer.plugins.filemanager.FileManagerView.getSpecificTask(FileManagerView.java:264) ~[filemanager.jar:?]
	at com.st.stm32cube.common.mx.editor.CubeMxEditor.getMxTabbedPaneInstance(CubeMxEditor.java:1198) ~[com.st.stm32cube.common.mx_6.15.0.202507011659/:?]
	at com.st.stm32cube.common.mx.editor.CubeMxEditor$12$1.createSwingComponent(CubeMxEditor.java:1068) ~[com.st.stm32cube.common.mx_6.15.0.202507011659/:?]
	at com.st.stm32cube.common.mx.oss.core.awtswtbridge.EmbeddedSwingComposite.doComponentCreation(EmbeddedSwingComposite.java:492) ~[com.st.stm32cube.common.mx.oss_6.15.0.202507011659/:?]
	at com.st.stm32cube.common.mx.oss.core.awtswtbridge.EmbeddedSwingComposite$4.run(EmbeddedSwingComposite.java:291) ~[com.st.stm32cube.common.mx.oss_6.15.0.202507011659/:?]
	at com.st.stm32cube.common.mx.oss.core.awtswtbridge.AwtEnvironment$2.run(AwtEnvironment.java:166) ~[com.st.stm32cube.common.mx.oss_6.15.0.202507011659/:?]
	at java.awt.event.InvocationEvent.dispatch(InvocationEvent.java:318) ~[?:?]
	at java.awt.EventQueue.dispatchEventImpl(EventQueue.java:773) ~[?:?]
	at java.awt.EventQueue$4.run(EventQueue.java:720) ~[?:?]
	at java.awt.EventQueue$4.run(EventQueue.java:714) ~[?:?]
	at java.security.AccessController.doPrivileged(AccessController.java:400) ~[?:?]
	at java.security.ProtectionDomain$JavaSecurityAccessImpl.doIntersectionPrivilege(ProtectionDomain.java:87) ~[?:?]
	at java.awt.EventQueue.dispatchEvent(EventQueue.java:742) ~[?:?]
	at java.awt.EventDispatchThread.pumpOneEventForFilters(EventDispatchThread.java:203) ~[?:?]
	at java.awt.EventDispatchThread.pumpEventsForFilter(EventDispatchThread.java:124) ~[?:?]
	at java.awt.EventDispatchThread.pumpEventsForHierarchy(EventDispatchThread.java:113) ~[?:?]
	at java.awt.EventDispatchThread.pumpEvents(EventDispatchThread.java:109) ~[?:?]
	at java.awt.EventDispatchThread.pumpEvents(EventDispatchThread.java:101) ~[?:?]
	at java.awt.EventDispatchThread.run(EventDispatchThread.java:90) ~[?:?]
2025-12-07 12:34:20,013 [WARN] ThirdParty:871 - waiting for thirdparty lock release [close project]
2025-12-07 12:34:20,013 [INFO] ThirdParty:873 - entering critical section [close project]
2025-12-07 12:34:20,014 [INFO] ThirdParty:883 - exiting critical section [close project]
2025-12-07 12:34:20,017 [INFO] PinOutPanel:1589 - setPackage(No Configuration,No Configuration)
2025-12-07 12:34:20,030 [INFO] UtilMem:75 - Begin LoadConfig() Used Memory: 764626536 Bytes (1073741824)
2025-12-07 12:34:20,031 [INFO] MicroXplorer:468 - Change Database Path : 
2025-12-07 12:34:20,031 [INFO] MicroXplorer:498 - Change Database Version : DB.6.0.150
2025-12-07 12:34:20,031 [INFO] OpenFileManager:355 - Change cursor
2025-12-07 12:34:20,054 [INFO] RulesReader:64 - Compatibility file has been processed (317 Rules)
2025-12-07 12:34:20,059 [INFO] Mcu:2029 - Initializing MCU STM32F103C(8-B)Tx STM32F103C8Tx STM32F103C8T6
2025-12-07 12:34:20,465 [INFO] Context:786 - Trying to add GPIOservice into a context  which must be forbidden
2025-12-07 12:34:20,626 [INFO] ImportTextPane:234 - (OptionalMessage_ERROR) Pin15 (VP_RIF_VS_RIF1) cannot be retrieved for this MCU
2025-12-07 12:34:20,698 [INFO] RtosManager:558 - Registered RTOS mode: class=CMSIS, group=RTOS, mode=CMSIS_V1, owner=FREERTOS
2025-12-07 12:34:20,699 [INFO] RtosManager:558 - Registered RTOS mode: class=CMSIS, group=RTOS2, mode=CMSIS_V2, owner=FREERTOS
2025-12-07 12:34:20,699 [INFO] RtosManager:558 - Registered RTOS mode: class=RTOS, group=Core, mode=CMSIS_V1, owner=FREERTOS
2025-12-07 12:34:20,699 [INFO] RtosManager:558 - Registered RTOS mode: class=RTOS, group=Core, mode=CMSIS_V2, owner=FREERTOS
2025-12-07 12:34:20,699 [WARN] ModelIntegratedComponent:184 - Missing modes for component STMicroelectronics:FreeRTOS:0.0.1:STMicroelectronics:RTOS:FreeRTOS:Core:::10.2.0:
2025-12-07 12:34:20,704 [WARN] ModelIntegratedComponent:63 - No mode defined for component null
2025-12-07 12:34:20,704 [WARN] ModelIntegratedComponent:63 - No mode defined for component null
2025-12-07 12:34:20,704 [WARN] ModelIntegratedComponent:63 - No mode defined for component null
2025-12-07 12:34:20,704 [WARN] ModelIntegratedComponent:63 - No mode defined for component null
2025-12-07 12:34:20,704 [WARN] ModelIntegratedComponent:63 - No mode defined for component null
2025-12-07 12:34:20,705 [WARN] ModelIntegratedComponent:63 - No mode defined for component null
2025-12-07 12:34:20,705 [WARN] ModelIntegratedComponent:63 - No mode defined for component null
2025-12-07 12:34:20,705 [WARN] ModelIntegratedComponent:63 - No mode defined for component null
2025-12-07 12:34:20,705 [WARN] ModelIntegratedComponent:63 - No mode defined for component null
2025-12-07 12:34:20,705 [WARN] ModelIntegratedComponent:63 - No mode defined for component null
2025-12-07 12:34:20,705 [WARN] ModelIntegratedComponent:63 - No mode defined for component null
2025-12-07 12:34:20,705 [WARN] ModelIntegratedComponent:63 - No mode defined for component null
2025-12-07 12:34:20,705 [WARN] ModelIntegratedComponent:63 - No mode defined for component null
2025-12-07 12:34:20,705 [WARN] ModelIntegratedComponent:63 - No mode defined for component null
2025-12-07 12:34:20,705 [WARN] ModelIntegratedComponent:63 - No mode defined for component null
2025-12-07 12:34:20,705 [WARN] ModelIntegratedComponent:63 - No mode defined for component null
2025-12-07 12:34:20,705 [WARN] ModelIntegratedComponent:63 - No mode defined for component null
2025-12-07 12:34:20,705 [WARN] ModelIntegratedComponent:63 - No mode defined for component null
2025-12-07 12:34:20,705 [WARN] ModelIntegratedComponent:63 - No mode defined for component null
2025-12-07 12:34:20,705 [WARN] ModelIntegratedComponent:63 - No mode defined for component null
2025-12-07 12:34:20,705 [WARN] ModelIntegratedComponent:63 - No mode defined for component null
2025-12-07 12:34:20,705 [WARN] ModelIntegratedComponent:63 - No mode defined for component null
2025-12-07 12:34:20,705 [WARN] ModelIntegratedComponent:63 - No mode defined for component null
2025-12-07 12:34:20,705 [WARN] ModelIntegratedComponent:63 - No mode defined for component null
2025-12-07 12:34:20,705 [WARN] ModelIntegratedComponent:63 - No mode defined for component null
2025-12-07 12:34:20,705 [WARN] ModelIntegratedComponent:63 - No mode defined for component null
2025-12-07 12:34:20,705 [WARN] ModelIntegratedComponent:63 - No mode defined for component null
2025-12-07 12:34:20,705 [WARN] ModelIntegratedComponent:63 - No mode defined for component null
2025-12-07 12:34:20,705 [WARN] ModelIntegratedComponent:63 - No mode defined for component null
2025-12-07 12:34:20,705 [WARN] ModelIntegratedComponent:63 - No mode defined for component null
2025-12-07 12:34:20,705 [WARN] ModelIntegratedComponent:63 - No mode defined for component null
2025-12-07 12:34:20,705 [WARN] ModelIntegratedComponent:63 - No mode defined for component null
2025-12-07 12:34:20,705 [WARN] ModelIntegratedComponent:63 - No mode defined for component null
2025-12-07 12:34:20,705 [WARN] ModelIntegratedComponent:63 - No mode defined for component null
2025-12-07 12:34:20,705 [WARN] ModelIntegratedComponent:63 - No mode defined for component null
2025-12-07 12:34:20,705 [WARN] ModelPack:524 - Component already loaded: STMicroelectronics:HAL Drivers:0.0.0:STMicroelectronics:Device:STMicro_Driver:XSPI:HAL::0.0.1:HAL_XSPI
2025-12-07 12:34:20,753 [INFO] ThirdPartyModel:298 - Start build external matchings
2025-12-07 12:34:21,035 [INFO] ThirdPartyModel:316 - End build external matchings
2025-12-07 12:34:21,053 [INFO] ImportTextPane:234 - (OptionalMessage_ERROR) IP (DMA) : Parameter (Instance) has Id (ADC1) currently not set
2025-12-07 12:34:21,053 [INFO] ImportTextPane:234 - (OptionalMessage_ERROR) IP (DMA) : Parameter (Direction) has Id (ADC1) currently not set
2025-12-07 12:34:21,053 [INFO] ImportTextPane:234 - (OptionalMessage_ERROR) IP (DMA) : Parameter (PeriphInc) has Id (ADC1) currently not set
2025-12-07 12:34:21,053 [INFO] ImportTextPane:234 - (OptionalMessage_ERROR) IP (DMA) : Parameter (MemInc) has Id (ADC1) currently not set
2025-12-07 12:34:21,053 [INFO] ImportTextPane:234 - (OptionalMessage_ERROR) IP (DMA) : Parameter (PeriphDataAlignment) has Id (ADC1) currently not set
2025-12-07 12:34:21,053 [INFO] ImportTextPane:234 - (OptionalMessage_ERROR) IP (DMA) : Parameter (MemDataAlignment) has Id (ADC1) currently not set
2025-12-07 12:34:21,053 [INFO] ImportTextPane:234 - (OptionalMessage_ERROR) IP (DMA) : Parameter (Mode) has Id (ADC1) currently not set
2025-12-07 12:34:21,053 [INFO] ImportTextPane:234 - (OptionalMessage_ERROR) IP (DMA) : Parameter (Priority) has Id (ADC1) currently not set
2025-12-07 12:34:21,054 [INFO] ImportTextPane:234 - (OptionalMessage_ERROR) IP (RCC) : Invalid parameter (FamilyName)
2025-12-07 12:34:21,054 [INFO] ImportTextPane:234 - (OptionalMessage_ERROR) IP (RCC) : Parameter (MCOFreq_Value) has invalid value (72000000)
2025-12-07 12:34:21,054 [INFO] ImportTextPane:234 - (OptionalMessage_ERROR) IP (RCC) : Parameter (USBFreq_Value) has invalid value (72000000)
2025-12-07 12:34:21,211 [INFO] UtilMem:75 - End LoadConfig() Used Memory: 658478168 Bytes (1073741824)
2025-12-07 12:34:21,283 [WARN] ThirdParty:833 - waiting for thirdparty lock release [change project]
2025-12-07 12:34:21,284 [INFO] ThirdParty:835 - entering critical section [change project]
2025-12-07 12:34:21,284 [INFO] ThirdParty:1030 - CMSIS Pack Vendor :STMicroelectronics X-CUBE-PM33A1 1.0.0
2025-12-07 12:34:21,284 [INFO] ThirdParty:1030 - CMSIS Pack Vendor :STMicroelectronics USBPD 4.1
2025-12-07 12:34:21,284 [INFO] ThirdParty:1030 - CMSIS Pack Vendor :STMicroelectronics X-CUBE-NFC9 1.0.0
2025-12-07 12:34:21,284 [INFO] ThirdParty:1030 - CMSIS Pack Vendor :STMicroelectronics USB_HOST 2.0.0
2025-12-07 12:34:21,284 [INFO] ThirdParty:1030 - CMSIS Pack Vendor :STMicroelectronics FP-SNS-MOTENVWB1 1.4.0
2025-12-07 12:34:21,284 [INFO] ThirdParty:1030 - CMSIS Pack Vendor :STMicroelectronics X-CUBE-AZRTOS-F4 1.1.0
2025-12-07 12:34:21,284 [INFO] ThirdParty:1030 - CMSIS Pack Vendor :STMicroelectronics LIBJPEG 8.0.0
2025-12-07 12:34:21,284 [INFO] ThirdParty:1030 - CMSIS Pack Vendor :STMicroelectronics FP-ATR-ASTRA1 2.0.2
2025-12-07 12:34:21,284 [INFO] ThirdParty:1030 - CMSIS Pack Vendor :wolfSSL I-CUBE-wolfSSL 5.8.2
2025-12-07 12:34:21,284 [INFO] ThirdParty:1030 - CMSIS Pack Vendor :STMicroelectronics X-CUBE-BLE1 7.1.0
2025-12-07 12:34:21,284 [INFO] ThirdParty:1030 - CMSIS Pack Vendor :Avnet-IotConnect X-CUBE-IoTC-DA16k-PMOD 1.0.0
2025-12-07 12:34:21,284 [INFO] ThirdParty:1030 - CMSIS Pack Vendor :STMicroelectronics X-CUBE-SMBUS 2.1.0
2025-12-07 12:34:21,284 [INFO] ThirdParty:1030 - CMSIS Pack Vendor :wolfSSL I-CUBE-wolfMQTT 1.19.2
2025-12-07 12:34:21,284 [INFO] ThirdParty:1030 - CMSIS Pack Vendor :STMicroelectronics USB_DEVICE 3.0.0
2025-12-07 12:34:21,284 [INFO] ThirdParty:1030 - CMSIS Pack Vendor :STMicroelectronics X-CUBE-ISPU 2.1.0
2025-12-07 12:34:21,284 [INFO] ThirdParty:1030 - CMSIS Pack Vendor :STMicroelectronics X-CUBE-FREERTOS 1.4.0
2025-12-07 12:34:21,284 [INFO] ThirdParty:1030 - CMSIS Pack Vendor :STMicroelectronics X-CUBE-EEPRMA1 5.2.0
2025-12-07 12:34:21,284 [INFO] ThirdParty:1030 - CMSIS Pack Vendor :STMicroelectronics X-CUBE-IPS 3.2.0
2025-12-07 12:34:21,284 [INFO] ThirdParty:1030 - CMSIS Pack Vendor :STMicroelectronics X-CUBE-BLEMGR 4.1.0
2025-12-07 12:34:21,284 [INFO] ThirdParty:1030 - CMSIS Pack Vendor :STMicroelectronics X-CUBE-AZRTOS-WB 2.0.0
2025-12-07 12:34:21,284 [INFO] ThirdParty:1030 - CMSIS Pack Vendor :STMicroelectronics X-CUBE-ST60 1.0.0
2025-12-07 12:34:21,284 [INFO] ThirdParty:1030 - CMSIS Pack Vendor :STMicroelectronics X-CUBE-GNSS1 7.0.1
2025-12-07 12:34:21,284 [INFO] ThirdParty:1030 - CMSIS Pack Vendor :STMicroelectronics X-CUBE-NFC12 1.0.0
2025-12-07 12:34:21,284 [INFO] ThirdParty:1030 - CMSIS Pack Vendor :STMicroelectronics X-CUBE-AZRTOS-F7 1.1.0
2025-12-07 12:34:21,284 [INFO] ThirdParty:1030 - CMSIS Pack Vendor :STMicroelectronics X-CUBE-AZRTOS-L5 2.0.0
2025-12-07 12:34:21,284 [INFO] ThirdParty:1030 - CMSIS Pack Vendor :STMicroelectronics X-CUBE-TOUCHGFX 4.25.0
2025-12-07 12:34:21,284 [INFO] ThirdParty:1030 - CMSIS Pack Vendor :STMicroelectronics USB_DEVICE 2.0.0
2025-12-07 12:34:21,284 [INFO] ThirdParty:1030 - CMSIS Pack Vendor :STMicroelectronics X-CUBE-NFC6 3.1.0
2025-12-07 12:34:21,284 [INFO] ThirdParty:1030 - CMSIS Pack Vendor :STMicroelectronics X-CUBE-ST67W61 1.1.0
2025-12-07 12:34:21,284 [INFO] ThirdParty:1030 - CMSIS Pack Vendor :quantropi X-CUBE-qispace-sdk-base 2.1.0
2025-12-07 12:34:21,284 [INFO] ThirdParty:1030 - CMSIS Pack Vendor :STMicroelectronics X-CUBE-MEMS1 12.0.0
2025-12-07 12:34:21,285 [INFO] ThirdParty:1030 - CMSIS Pack Vendor :STMicroelectronics FP-SNS-MOTENV1 5.1.0
2025-12-07 12:34:21,285 [INFO] ThirdParty:1030 - CMSIS Pack Vendor :STMicroelectronics FreeRTOS 0.0.1
2025-12-07 12:34:21,285 [INFO] ThirdParty:1030 - CMSIS Pack Vendor :STMicroelectronics X-CUBE-AZRTOS-G0 1.1.0
2025-12-07 12:34:21,285 [INFO] ThirdParty:1030 - CMSIS Pack Vendor :STMicroelectronics X-CUBE-SAFEA1 1.2.2
2025-12-07 12:34:21,285 [INFO] ThirdParty:1030 - CMSIS Pack Vendor :STMicroelectronics X-CUBE-NFC4 3.0.0
2025-12-07 12:34:21,285 [INFO] ThirdParty:1030 - CMSIS Pack Vendor :STMicroelectronics X-CUBE-SUBG2 5.0.0
2025-12-07 12:34:21,285 [INFO] ThirdParty:1030 - CMSIS Pack Vendor :STMicroelectronics X-CUBE-AZRTOS-H7RS 1.1.0
2025-12-07 12:34:21,285 [INFO] ThirdParty:1030 - CMSIS Pack Vendor :STMicroelectronics STM32_WPAN 1.0.0
2025-12-07 12:34:21,285 [INFO] ThirdParty:1030 - CMSIS Pack Vendor :EmbeddedOffice I-CUBE-FS-RTOS 1.0.1
2025-12-07 12:34:21,285 [INFO] ThirdParty:1030 - CMSIS Pack Vendor :STMicroelectronics lwIP 2.0.3
2025-12-07 12:34:21,285 [INFO] ThirdParty:1030 - CMSIS Pack Vendor :Cesanta I-CUBE-Mongoose 7.13.0
2025-12-07 12:34:21,285 [INFO] ThirdParty:1030 - CMSIS Pack Vendor :STMicroelectronics USB_HOST 1.0.0
2025-12-07 12:34:21,285 [INFO] ThirdParty:1030 - CMSIS Pack Vendor :Infineon AIROC-Wi-Fi-Bluetooth-STM32 1.7.1
2025-12-07 12:34:21,285 [INFO] ThirdParty:1030 - CMSIS Pack Vendor :STMicroelectronics X-CUBE-AZRTOS-G4 2.0.0
2025-12-07 12:34:21,285 [INFO] ThirdParty:1030 - CMSIS Pack Vendor :STMicroelectronics X-CUBE-WB05N 2.0.0
2025-12-07 12:34:21,285 [INFO] ThirdParty:1030 - CMSIS Pack Vendor :STMicroelectronics PDM2PCM 3.1.0
2025-12-07 12:34:21,285 [INFO] ThirdParty:1030 - CMSIS Pack Vendor :STMicroelectronics PDM2PCM 3.3.0
2025-12-07 12:34:21,285 [INFO] ThirdParty:1030 - CMSIS Pack Vendor :wolfSSL I-CUBE-wolfTPM 3.8.0
2025-12-07 12:34:21,285 [INFO] ThirdParty:1030 - CMSIS Pack Vendor :STMicroelectronics X-CUBE-AZRTOS-H7 3.4.0
2025-12-07 12:34:21,285 [INFO] ThirdParty:1030 - CMSIS Pack Vendor :STMicroelectronics X-CUBE-DISPLAY 3.0.0
2025-12-07 12:34:21,285 [INFO] ThirdParty:1030 - CMSIS Pack Vendor :wolfSSL I-CUBE-wolfSSH 1.4.20
2025-12-07 12:34:21,285 [INFO] ThirdParty:1030 - CMSIS Pack Vendor :STMicroelectronics X-CUBE-NFC7 2.0.0
2025-12-07 12:34:21,285 [INFO] ThirdParty:1030 - CMSIS Pack Vendor :STMicroelectronics X-CUBE-TCPP 4.2.0
2025-12-07 12:34:21,285 [INFO] ThirdParty:1030 - CMSIS Pack Vendor :RealThread X-CUBE-RT-Thread_Nano 4.1.1
2025-12-07 12:34:21,285 [INFO] ThirdParty:1030 - CMSIS Pack Vendor :STMicroelectronics FP-ATR-SIGFOX1 3.2.0
2025-12-07 12:34:21,285 [INFO] ThirdParty:1030 - CMSIS Pack Vendor :STMicroelectronics X-CUBE-NFC10 1.0.0
2025-12-07 12:34:21,285 [INFO] ThirdParty:1030 - CMSIS Pack Vendor :STMicroelectronics X-CUBE-FREERTOS 1.3.1
2025-12-07 12:34:21,285 [INFO] ThirdParty:1030 - CMSIS Pack Vendor :STMicroelectronics HAL Drivers 0.0.0
2025-12-07 12:34:21,285 [INFO] ThirdParty:1030 - CMSIS Pack Vendor :STMicroelectronics MBEDTLS 2.16.2
2025-12-07 12:34:21,285 [INFO] ThirdParty:1030 - CMSIS Pack Vendor :STMicroelectronics X-CUBE-ST60 1.1.0
2025-12-07 12:34:21,285 [INFO] ThirdParty:1030 - CMSIS Pack Vendor :STMicroelectronics X-CUBE-IPS 3.1.0
2025-12-07 12:34:21,285 [INFO] ThirdParty:1030 - CMSIS Pack Vendor :STMicroelectronics X-CUBE-ALS 1.0.2
2025-12-07 12:34:21,286 [INFO] ThirdParty:1030 - CMSIS Pack Vendor :emotas I-CUBE-CANOPEN 1.3.0
2025-12-07 12:34:21,286 [INFO] ThirdParty:1030 - CMSIS Pack Vendor :STMicroelectronics MBEDTLS 2.14.1
2025-12-07 12:34:21,286 [INFO] ThirdParty:1030 - CMSIS Pack Vendor :STMicroelectronics X-CUBE-GNSS1 7.1.0
2025-12-07 12:34:21,286 [INFO] ThirdParty:1030 - CMSIS Pack Vendor :ITTIA_DB I-CUBE-ITTIADB 8.9.0
2025-12-07 12:34:21,286 [INFO] ThirdParty:1030 - CMSIS Pack Vendor :STMicroelectronics X-CUBE-TOUCHGFX 4.26.0
2025-12-07 12:34:21,286 [INFO] ThirdParty:1030 - CMSIS Pack Vendor :STMicroelectronics X-CUBE-STSE01 1.0.0
2025-12-07 12:34:21,286 [INFO] ThirdParty:1030 - CMSIS Pack Vendor :portGmbH I-Cube-SoM-uGOAL 1.1.0
2025-12-07 12:34:21,286 [INFO] ThirdParty:1030 - CMSIS Pack Vendor :STMicroelectronics X-CUBE-ST67W61 1.0.0
2025-12-07 12:34:21,286 [INFO] ThirdParty:1030 - CMSIS Pack Vendor :STMicroelectronics FP-SNS-STBOX1 2.1.0
2025-12-07 12:34:21,286 [INFO] ThirdParty:1030 - CMSIS Pack Vendor :STMicroelectronics X-CUBE-AI 10.2.0
2025-12-07 12:34:21,286 [INFO] ThirdParty:1030 - CMSIS Pack Vendor :STMicroelectronics FP-SNS-STAIOTCFT 1.0.0
2025-12-07 12:34:21,286 [INFO] ThirdParty:1030 - CMSIS Pack Vendor :STMicroelectronics ThreadX 1.0.0
2025-12-07 12:34:21,286 [INFO] ThirdParty:1030 - CMSIS Pack Vendor :STMicroelectronics FP-SNS-SMARTAG2 1.2.0
2025-12-07 12:34:21,286 [INFO] ThirdParty:1030 - CMSIS Pack Vendor :STMicroelectronics FP-SNS-FLIGHT1 5.1.0
2025-12-07 12:34:21,286 [INFO] ThirdParty:1030 - CMSIS Pack Vendor :STMicroelectronics X-CUBE-AZRTOS-WL 2.0.0
2025-12-07 12:34:21,286 [INFO] ThirdParty:1030 - CMSIS Pack Vendor :SEGGER I-CUBE-embOS 1.3.1
2025-12-07 12:34:21,286 [INFO] ThirdParty:1030 - CMSIS Pack Vendor :STMicroelectronics X-CUBE-ALGOBUILD 1.4.0
2025-12-07 12:34:21,286 [INFO] ThirdParty:1030 - CMSIS Pack Vendor :STMicroelectronics X-CUBE-DPower 1.3.0
2025-12-07 12:34:21,286 [INFO] ThirdParty:1030 - CMSIS Pack Vendor :STMicroelectronics X-CUBE-MEMS1 11.3.0
2025-12-07 12:34:21,286 [INFO] ThirdParty:1030 - CMSIS Pack Vendor :STMicroelectronics FP-SNS-MOTENV1 5.0.0
2025-12-07 12:34:21,286 [INFO] ThirdParty:1030 - CMSIS Pack Vendor :STMicroelectronics USB_DEVICE 1.0.0
2025-12-07 12:34:21,286 [INFO] ThirdParty:1030 - CMSIS Pack Vendor :STMicroelectronics X-CUBE-AZRTOS-H7RS 1.2.0
2025-12-07 12:34:21,286 [INFO] ThirdParty:1030 - CMSIS Pack Vendor :STMicroelectronics X-CUBE-AZRTOS-L4 2.0.0
2025-12-07 12:34:21,286 [INFO] ThirdParty:1030 - CMSIS Pack Vendor :STMicroelectronics ThreadX 0.0.2
2025-12-07 12:34:21,286 [INFO] ThirdParty:1030 - CMSIS Pack Vendor :WES I-CUBE-Cesium 1.3.0
2025-12-07 12:34:21,286 [INFO] ThirdParty:1030 - CMSIS Pack Vendor :STMicroelectronics lwIP 2.1.2
2025-12-07 12:34:21,286 [INFO] ThirdParty:1030 - CMSIS Pack Vendor :STMicroelectronics X-CUBE-SFXS2LP1 4.0.0
2025-12-07 12:34:21,286 [INFO] ThirdParty:1030 - CMSIS Pack Vendor :STMicroelectronics X-CUBE-BLE2 3.3.0
2025-12-07 12:34:21,286 [INFO] ThirdParty:1030 - CMSIS Pack Vendor :Avnet-IOTCONNECT X-CUBE-iotc-st67-sdk 1.0.0
2025-12-07 12:34:21,286 [INFO] ThirdParty:1030 - CMSIS Pack Vendor :STMicroelectronics X-CUBE-TOF1 3.4.3
2025-12-07 12:34:21,286 [INFO] ThirdParty:1030 - CMSIS Pack Vendor :STMicroelectronics PDM2PCM 3.2.0
2025-12-07 12:34:21,286 [INFO] ThirdParty:841 - exiting critical section [change project]
2025-12-07 12:34:21,397 [INFO] PinOutPanel:1589 - setPackage(No Configuration,No Configuration)
2025-12-07 12:34:21,399 [INFO] PinOutPanel:1589 - setPackage(STM32F103C8Tx,LQFP48)
2025-12-07 12:34:21,604 [INFO] UtilMem:75 - Before build in PCC Used Memory: 768225592 Bytes (1073741824)
2025-12-07 12:34:21,787 [INFO] UtilMem:75 - After build in PCC Used Memory: 811943976 Bytes (1073741824)
2025-12-07 12:34:21,799 [INFO] IPUIPlugin:80 - create IPUIPlugin
2025-12-07 12:34:21,799 [INFO] IPUIPlugin:80 - create IPUIPlugin
2025-12-07 12:34:21,799 [INFO] IPUIPlugin:80 - create IPUIPlugin
2025-12-07 12:34:21,799 [INFO] IPUIPlugin:80 - create IPUIPlugin
2025-12-07 12:34:21,799 [INFO] IPUIPlugin:80 - create IPUIPlugin
2025-12-07 12:34:21,799 [INFO] IPUIPlugin:80 - create IPUIPlugin
2025-12-07 12:34:21,799 [INFO] IPUIPlugin:80 - create IPUIPlugin
2025-12-07 12:34:21,799 [INFO] IPUIPlugin:80 - create IPUIPlugin
2025-12-07 12:34:21,800 [INFO] IPUIPlugin:80 - create IPUIPlugin
2025-12-07 12:34:21,800 [INFO] IPUIPlugin:80 - create IPUIPlugin
2025-12-07 12:34:21,800 [INFO] IPUIPlugin:80 - create IPUIPlugin
2025-12-07 12:34:21,800 [INFO] IPUIPlugin:80 - create IPUIPlugin
2025-12-07 12:34:21,800 [INFO] IPUIPlugin:80 - create IPUIPlugin
2025-12-07 12:34:21,800 [INFO] IPUIPlugin:80 - create IPUIPlugin
2025-12-07 12:34:21,800 [INFO] IPUIPlugin:80 - create IPUIPlugin
2025-12-07 12:34:21,800 [INFO] IPUIPlugin:80 - create IPUIPlugin
2025-12-07 12:34:21,800 [INFO] IPUIPlugin:80 - create IPUIPlugin
2025-12-07 12:34:21,800 [INFO] IPUIPlugin:80 - create IPUIPlugin
2025-12-07 12:34:21,801 [INFO] IPUIPlugin:80 - create IPUIPlugin
2025-12-07 12:34:21,801 [INFO] IPUIPlugin:80 - create IPUIPlugin
2025-12-07 12:34:21,801 [INFO] IPUIPlugin:80 - create IPUIPlugin
2025-12-07 12:34:21,801 [INFO] IPUIPlugin:80 - create IPUIPlugin
2025-12-07 12:34:21,801 [INFO] IPUIPlugin:80 - create IPUIPlugin
2025-12-07 12:34:21,801 [INFO] IPUIPlugin:80 - create IPUIPlugin
2025-12-07 12:34:21,801 [INFO] IPUIPlugin:80 - create IPUIPlugin
2025-12-07 12:34:21,801 [INFO] IPUIPlugin:80 - create IPUIPlugin
2025-12-07 12:34:21,801 [INFO] IPUIPlugin:80 - create IPUIPlugin
2025-12-07 12:34:21,806 [WARN] IP:2250 - I2C_Coeff_DF not found: check if there is a RefParameter without a condition.
2025-12-07 12:34:21,806 [WARN] IP:2250 - Analog_Filter not found: check if there is a RefParameter without a condition.
2025-12-07 12:34:21,835 [INFO] CADModel:165 - CPN selected for project levelSTM32F103C8T6
2025-12-07 12:34:21,835 [INFO] CADModel:114 - Register for checkConnection events
2025-12-07 12:34:21,894 [INFO] OpenFileManager:386 - Restore cursor
2025-12-07 12:34:22,116 [WARN] IP:2250 - I2C_Coeff_DF not found: check if there is a RefParameter without a condition.
2025-12-07 12:34:22,116 [WARN] IP:2250 - Analog_Filter not found: check if there is a RefParameter without a condition.
2025-12-07 12:34:22,116 [WARN] IP:2250 - I2C_Coeff_DF not found: check if there is a RefParameter without a condition.
2025-12-07 12:34:22,116 [WARN] IP:2250 - Analog_Filter not found: check if there is a RefParameter without a condition.
2025-12-07 12:34:37,645 [INFO] MainUpdater:2872 - connection check result : 10
2025-12-07 12:34:37,645 [INFO] MainUpdater:2872 - connection check result : 10
2025-12-07 12:34:37,699 [INFO] MicroXplorer:468 - Change Database Path : 
2025-12-07 12:34:37,699 [INFO] MicroXplorer:498 - Change Database Version : DB.6.0.150
2025-12-07 12:34:37,706 [ERROR] ProjectManagerView:395 - 
java.lang.NullPointerException: Cannot invoke "javax.swing.JTextField.getText()" because the return value of "java.util.List.get(int)" is null
	at com.st.microxplorer.plugins.projectmanager.gui.ProjectChoiceTab$9.caretUpdate(ProjectChoiceTab.java:2706) ~[filemanager.jar:?]
	at javax.swing.text.JTextComponent.fireCaretUpdate(JTextComponent.java:408) ~[?:?]
	at javax.swing.text.JTextComponent$MutableCaretEvent.fire(JTextComponent.java:4484) ~[?:?]
	at javax.swing.text.JTextComponent$MutableCaretEvent.stateChanged(JTextComponent.java:4506) ~[?:?]
	at javax.swing.text.DefaultCaret.fireStateChanged(DefaultCaret.java:857) ~[?:?]
	at javax.swing.text.DefaultCaret.changeCaretPosition(DefaultCaret.java:1343) ~[?:?]
	at javax.swing.text.DefaultCaret.handleSetDot(DefaultCaret.java:1242) ~[?:?]
	at javax.swing.text.DefaultCaret.setDot(DefaultCaret.java:1223) ~[?:?]
	at javax.swing.text.DefaultCaret$Handler.insertUpdate(DefaultCaret.java:1819) ~[?:?]
	at javax.swing.text.AbstractDocument.fireInsertUpdate(AbstractDocument.java:227) ~[?:?]
	at javax.swing.text.AbstractDocument.handleInsertString(AbstractDocument.java:781) ~[?:?]
	at javax.swing.text.AbstractDocument.insertString(AbstractDocument.java:740) ~[?:?]
	at javax.swing.text.PlainDocument.insertString(PlainDocument.java:131) ~[?:?]
	at javax.swing.text.AbstractDocument.replace(AbstractDocument.java:699) ~[?:?]
	at javax.swing.text.JTextComponent.setText(JTextComponent.java:1725) ~[?:?]
	at com.st.microxplorer.plugins.projectmanager.gui.ProjectChoiceTab.createHeapStackFields(ProjectChoiceTab.java:993) ~[filemanager.jar:?]
	at com.st.microxplorer.plugins.projectmanager.gui.ProjectChoiceTab.buildLinkSettingsPanel(ProjectChoiceTab.java:3813) ~[filemanager.jar:?]
	at com.st.microxplorer.plugins.projectmanager.gui.ProjectChoiceTab.defineWindowsFields(ProjectChoiceTab.java:1987) ~[filemanager.jar:?]
	at com.st.microxplorer.plugins.projectmanager.gui.ProjectChoiceTab.updateSettings(ProjectChoiceTab.java:558) ~[filemanager.jar:?]
	at com.st.microxplorer.plugins.projectmanager.gui.ProjectSettingsPanel.UpdateDialog(ProjectSettingsPanel.java:247) ~[filemanager.jar:?]
	at com.st.microxplorer.plugins.projectmanager.ProjectManagerView.propertyChange(ProjectManagerView.java:392) ~[filemanager.jar:?]
	at java.beans.PropertyChangeSupport.fire(PropertyChangeSupport.java:343) ~[?:?]
	at java.beans.PropertyChangeSupport.firePropertyChange(PropertyChangeSupport.java:335) ~[?:?]
	at java.beans.PropertyChangeSupport.firePropertyChange(PropertyChangeSupport.java:268) ~[?:?]
	at com.st.microxplorer.util.MXPropertyChangeSupport.firePropertyChange(MXPropertyChangeSupport.java:54) ~[STM32CubeMX.jar:?]
	at com.st.microxplorer.mxsystem.MxSystem.closeConfig(MxSystem.java:899) ~[STM32CubeMX.jar:?]
	at com.st.microxplorer.maingui.MainPanel.closeConfig(MainPanel.java:792) ~[STM32CubeMX.jar:?]
	at com.st.microxplorer.plugins.filemanager.engine.OpenFileManager.loadConfigurationFile(OpenFileManager.java:288) ~[filemanager.jar:?]
	at com.st.microxplorer.plugins.filemanager.engine.MainFileManager.userLoadConfig(MainFileManager.java:364) ~[filemanager.jar:?]
	at com.st.microxplorer.plugins.filemanager.engine.MainFileManager.userLoadConfig(MainFileManager.java:342) ~[filemanager.jar:?]
	at com.st.microxplorer.plugins.filemanager.FileManagerView.getSpecificTask(FileManagerView.java:264) ~[filemanager.jar:?]
	at com.st.stm32cube.common.mx.editor.CubeMxEditor.getMxTabbedPaneInstance(CubeMxEditor.java:1198) ~[com.st.stm32cube.common.mx_6.15.0.202507011659/:?]
	at com.st.stm32cube.common.mx.editor.CubeMxEditor$12$1.createSwingComponent(CubeMxEditor.java:1068) ~[com.st.stm32cube.common.mx_6.15.0.202507011659/:?]
	at com.st.stm32cube.common.mx.oss.core.awtswtbridge.EmbeddedSwingComposite.doComponentCreation(EmbeddedSwingComposite.java:492) ~[com.st.stm32cube.common.mx.oss_6.15.0.202507011659/:?]
	at com.st.stm32cube.common.mx.oss.core.awtswtbridge.EmbeddedSwingComposite$4.run(EmbeddedSwingComposite.java:291) ~[com.st.stm32cube.common.mx.oss_6.15.0.202507011659/:?]
	at com.st.stm32cube.common.mx.oss.core.awtswtbridge.AwtEnvironment$2.run(AwtEnvironment.java:166) ~[com.st.stm32cube.common.mx.oss_6.15.0.202507011659/:?]
	at java.awt.event.InvocationEvent.dispatch(InvocationEvent.java:318) ~[?:?]
	at java.awt.EventQueue.dispatchEventImpl(EventQueue.java:773) ~[?:?]
	at java.awt.EventQueue$4.run(EventQueue.java:720) ~[?:?]
	at java.awt.EventQueue$4.run(EventQueue.java:714) ~[?:?]
	at java.security.AccessController.doPrivileged(AccessController.java:400) ~[?:?]
	at java.security.ProtectionDomain$JavaSecurityAccessImpl.doIntersectionPrivilege(ProtectionDomain.java:87) ~[?:?]
	at java.awt.EventQueue.dispatchEvent(EventQueue.java:742) ~[?:?]
	at java.awt.EventDispatchThread.pumpOneEventForFilters(EventDispatchThread.java:203) ~[?:?]
	at java.awt.EventDispatchThread.pumpEventsForFilter(EventDispatchThread.java:124) ~[?:?]
	at java.awt.EventDispatchThread.pumpEventsForHierarchy(EventDispatchThread.java:113) ~[?:?]
	at java.awt.EventDispatchThread.pumpEvents(EventDispatchThread.java:109) ~[?:?]
	at java.awt.EventDispatchThread.pumpEvents(EventDispatchThread.java:101) ~[?:?]
	at java.awt.EventDispatchThread.run(EventDispatchThread.java:90) ~[?:?]
2025-12-07 12:34:37,707 [WARN] ThirdParty:871 - waiting for thirdparty lock release [close project]
2025-12-07 12:34:37,707 [INFO] ThirdParty:873 - entering critical section [close project]
2025-12-07 12:34:37,707 [INFO] ThirdParty:883 - exiting critical section [close project]
2025-12-07 12:34:37,708 [INFO] PinOutPanel:1589 - setPackage(No Configuration,No Configuration)
2025-12-07 12:34:37,709 [INFO] UtilMem:75 - Begin LoadConfig() Used Memory: 967279240 Bytes (1073741824)
2025-12-07 12:34:37,710 [INFO] MicroXplorer:468 - Change Database Path : 
2025-12-07 12:34:37,710 [INFO] MicroXplorer:498 - Change Database Version : DB.6.0.150
2025-12-07 12:34:37,710 [INFO] OpenFileManager:355 - Change cursor
2025-12-07 12:34:37,714 [INFO] Mcu:2029 - Initializing MCU STM32F103C(8-B)Tx STM32F103C8Tx STM32F103C8T6
2025-12-07 12:34:37,986 [INFO] Context:786 - Trying to add GPIOservice into a context  which must be forbidden
2025-12-07 12:34:38,136 [INFO] ImportTextPane:234 - (OptionalMessage_ERROR) Pin11 (VP_RIF_VS_RIF1) cannot be retrieved for this MCU
2025-12-07 12:34:38,172 [INFO] RtosManager:558 - Registered RTOS mode: class=CMSIS, group=RTOS, mode=CMSIS_V1, owner=FREERTOS
2025-12-07 12:34:38,172 [INFO] RtosManager:558 - Registered RTOS mode: class=CMSIS, group=RTOS2, mode=CMSIS_V2, owner=FREERTOS
2025-12-07 12:34:38,172 [INFO] RtosManager:558 - Registered RTOS mode: class=RTOS, group=Core, mode=CMSIS_V1, owner=FREERTOS
2025-12-07 12:34:38,172 [INFO] RtosManager:558 - Registered RTOS mode: class=RTOS, group=Core, mode=CMSIS_V2, owner=FREERTOS
2025-12-07 12:34:38,172 [WARN] ModelIntegratedComponent:184 - Missing modes for component STMicroelectronics:FreeRTOS:0.0.1:STMicroelectronics:RTOS:FreeRTOS:Core:::10.2.0:
2025-12-07 12:34:38,177 [WARN] ModelIntegratedComponent:63 - No mode defined for component null
2025-12-07 12:34:38,177 [WARN] ModelIntegratedComponent:63 - No mode defined for component null
2025-12-07 12:34:38,177 [WARN] ModelIntegratedComponent:63 - No mode defined for component null
2025-12-07 12:34:38,177 [WARN] ModelIntegratedComponent:63 - No mode defined for component null
2025-12-07 12:34:38,178 [WARN] ModelIntegratedComponent:63 - No mode defined for component null
2025-12-07 12:34:38,178 [WARN] ModelIntegratedComponent:63 - No mode defined for component null
2025-12-07 12:34:38,178 [WARN] ModelIntegratedComponent:63 - No mode defined for component null
2025-12-07 12:34:38,178 [WARN] ModelIntegratedComponent:63 - No mode defined for component null
2025-12-07 12:34:38,178 [WARN] ModelIntegratedComponent:63 - No mode defined for component null
2025-12-07 12:34:38,178 [WARN] ModelIntegratedComponent:63 - No mode defined for component null
2025-12-07 12:34:38,178 [WARN] ModelIntegratedComponent:63 - No mode defined for component null
2025-12-07 12:34:38,178 [WARN] ModelIntegratedComponent:63 - No mode defined for component null
2025-12-07 12:34:38,178 [WARN] ModelIntegratedComponent:63 - No mode defined for component null
2025-12-07 12:34:38,178 [WARN] ModelIntegratedComponent:63 - No mode defined for component null
2025-12-07 12:34:38,178 [WARN] ModelIntegratedComponent:63 - No mode defined for component null
2025-12-07 12:34:38,178 [WARN] ModelIntegratedComponent:63 - No mode defined for component null
2025-12-07 12:34:38,178 [WARN] ModelIntegratedComponent:63 - No mode defined for component null
2025-12-07 12:34:38,178 [WARN] ModelIntegratedComponent:63 - No mode defined for component null
2025-12-07 12:34:38,178 [WARN] ModelIntegratedComponent:63 - No mode defined for component null
2025-12-07 12:34:38,178 [WARN] ModelIntegratedComponent:63 - No mode defined for component null
2025-12-07 12:34:38,178 [WARN] ModelIntegratedComponent:63 - No mode defined for component null
2025-12-07 12:34:38,178 [WARN] ModelIntegratedComponent:63 - No mode defined for component null
2025-12-07 12:34:38,178 [WARN] ModelIntegratedComponent:63 - No mode defined for component null
2025-12-07 12:34:38,178 [WARN] ModelIntegratedComponent:63 - No mode defined for component null
2025-12-07 12:34:38,178 [WARN] ModelIntegratedComponent:63 - No mode defined for component null
2025-12-07 12:34:38,178 [WARN] ModelIntegratedComponent:63 - No mode defined for component null
2025-12-07 12:34:38,178 [WARN] ModelIntegratedComponent:63 - No mode defined for component null
2025-12-07 12:34:38,178 [WARN] ModelIntegratedComponent:63 - No mode defined for component null
2025-12-07 12:34:38,178 [WARN] ModelIntegratedComponent:63 - No mode defined for component null
2025-12-07 12:34:38,178 [WARN] ModelIntegratedComponent:63 - No mode defined for component null
2025-12-07 12:34:38,178 [WARN] ModelIntegratedComponent:63 - No mode defined for component null
2025-12-07 12:34:38,178 [WARN] ModelIntegratedComponent:63 - No mode defined for component null
2025-12-07 12:34:38,178 [WARN] ModelIntegratedComponent:63 - No mode defined for component null
2025-12-07 12:34:38,178 [WARN] ModelIntegratedComponent:63 - No mode defined for component null
2025-12-07 12:34:38,178 [WARN] ModelIntegratedComponent:63 - No mode defined for component null
2025-12-07 12:34:38,178 [WARN] ModelPack:524 - Component already loaded: STMicroelectronics:HAL Drivers:0.0.0:STMicroelectronics:Device:STMicro_Driver:XSPI:HAL::0.0.1:HAL_XSPI
2025-12-07 12:34:38,220 [INFO] ThirdPartyModel:298 - Start build external matchings
2025-12-07 12:34:38,536 [INFO] ThirdPartyModel:316 - End build external matchings
2025-12-07 12:34:38,546 [INFO] ImportTextPane:234 - (OptionalMessage_ERROR) IP (DMA) : Parameter (Instance) has Id (ADC1) currently not set
2025-12-07 12:34:38,546 [INFO] ImportTextPane:234 - (OptionalMessage_ERROR) IP (DMA) : Parameter (Direction) has Id (ADC1) currently not set
2025-12-07 12:34:38,546 [INFO] ImportTextPane:234 - (OptionalMessage_ERROR) IP (DMA) : Parameter (PeriphInc) has Id (ADC1) currently not set
2025-12-07 12:34:38,546 [INFO] ImportTextPane:234 - (OptionalMessage_ERROR) IP (DMA) : Parameter (MemInc) has Id (ADC1) currently not set
2025-12-07 12:34:38,546 [INFO] ImportTextPane:234 - (OptionalMessage_ERROR) IP (DMA) : Parameter (PeriphDataAlignment) has Id (ADC1) currently not set
2025-12-07 12:34:38,546 [INFO] ImportTextPane:234 - (OptionalMessage_ERROR) IP (DMA) : Parameter (MemDataAlignment) has Id (ADC1) currently not set
2025-12-07 12:34:38,546 [INFO] ImportTextPane:234 - (OptionalMessage_ERROR) IP (DMA) : Parameter (Mode) has Id (ADC1) currently not set
2025-12-07 12:34:38,546 [INFO] ImportTextPane:234 - (OptionalMessage_ERROR) IP (DMA) : Parameter (Priority) has Id (ADC1) currently not set
2025-12-07 12:34:38,546 [INFO] ImportTextPane:234 - (OptionalMessage_ERROR) IP (RCC) : Invalid parameter (FamilyName)
2025-12-07 12:34:38,546 [INFO] ImportTextPane:234 - (OptionalMessage_ERROR) IP (RCC) : Parameter (MCOFreq_Value) has invalid value (72000000)
2025-12-07 12:34:38,546 [INFO] ImportTextPane:234 - (OptionalMessage_ERROR) IP (RCC) : Parameter (USBFreq_Value) has invalid value (72000000)
2025-12-07 12:34:38,684 [INFO] UtilMem:75 - End LoadConfig() Used Memory: 793837944 Bytes (1073741824)
2025-12-07 12:34:38,744 [WARN] ThirdParty:833 - waiting for thirdparty lock release [change project]
2025-12-07 12:34:38,744 [INFO] ThirdParty:835 - entering critical section [change project]
2025-12-07 12:34:38,744 [INFO] ThirdParty:1030 - CMSIS Pack Vendor :STMicroelectronics X-CUBE-PM33A1 1.0.0
2025-12-07 12:34:38,744 [INFO] ThirdParty:1030 - CMSIS Pack Vendor :STMicroelectronics USBPD 4.1
2025-12-07 12:34:38,744 [INFO] ThirdParty:1030 - CMSIS Pack Vendor :STMicroelectronics X-CUBE-NFC9 1.0.0
2025-12-07 12:34:38,744 [INFO] ThirdParty:1030 - CMSIS Pack Vendor :STMicroelectronics USB_HOST 2.0.0
2025-12-07 12:34:38,744 [INFO] ThirdParty:1030 - CMSIS Pack Vendor :STMicroelectronics FP-SNS-MOTENVWB1 1.4.0
2025-12-07 12:34:38,744 [INFO] ThirdParty:1030 - CMSIS Pack Vendor :STMicroelectronics X-CUBE-AZRTOS-F4 1.1.0
2025-12-07 12:34:38,744 [INFO] ThirdParty:1030 - CMSIS Pack Vendor :STMicroelectronics LIBJPEG 8.0.0
2025-12-07 12:34:38,744 [INFO] ThirdParty:1030 - CMSIS Pack Vendor :STMicroelectronics FP-ATR-ASTRA1 2.0.2
2025-12-07 12:34:38,744 [INFO] ThirdParty:1030 - CMSIS Pack Vendor :wolfSSL I-CUBE-wolfSSL 5.8.2
2025-12-07 12:34:38,744 [INFO] ThirdParty:1030 - CMSIS Pack Vendor :STMicroelectronics X-CUBE-BLE1 7.1.0
2025-12-07 12:34:38,744 [INFO] ThirdParty:1030 - CMSIS Pack Vendor :Avnet-IotConnect X-CUBE-IoTC-DA16k-PMOD 1.0.0
2025-12-07 12:34:38,744 [INFO] ThirdParty:1030 - CMSIS Pack Vendor :STMicroelectronics X-CUBE-SMBUS 2.1.0
2025-12-07 12:34:38,744 [INFO] ThirdParty:1030 - CMSIS Pack Vendor :wolfSSL I-CUBE-wolfMQTT 1.19.2
2025-12-07 12:34:38,744 [INFO] ThirdParty:1030 - CMSIS Pack Vendor :STMicroelectronics USB_DEVICE 3.0.0
2025-12-07 12:34:38,744 [INFO] ThirdParty:1030 - CMSIS Pack Vendor :STMicroelectronics X-CUBE-ISPU 2.1.0
2025-12-07 12:34:38,744 [INFO] ThirdParty:1030 - CMSIS Pack Vendor :STMicroelectronics X-CUBE-FREERTOS 1.4.0
2025-12-07 12:34:38,744 [INFO] ThirdParty:1030 - CMSIS Pack Vendor :STMicroelectronics X-CUBE-EEPRMA1 5.2.0
2025-12-07 12:34:38,744 [INFO] ThirdParty:1030 - CMSIS Pack Vendor :STMicroelectronics X-CUBE-IPS 3.2.0
2025-12-07 12:34:38,744 [INFO] ThirdParty:1030 - CMSIS Pack Vendor :STMicroelectronics X-CUBE-BLEMGR 4.1.0
2025-12-07 12:34:38,744 [INFO] ThirdParty:1030 - CMSIS Pack Vendor :STMicroelectronics X-CUBE-AZRTOS-WB 2.0.0
2025-12-07 12:34:38,744 [INFO] ThirdParty:1030 - CMSIS Pack Vendor :STMicroelectronics X-CUBE-ST60 1.0.0
2025-12-07 12:34:38,744 [INFO] ThirdParty:1030 - CMSIS Pack Vendor :STMicroelectronics X-CUBE-GNSS1 7.0.1
2025-12-07 12:34:38,744 [INFO] ThirdParty:1030 - CMSIS Pack Vendor :STMicroelectronics X-CUBE-NFC12 1.0.0
2025-12-07 12:34:38,744 [INFO] ThirdParty:1030 - CMSIS Pack Vendor :STMicroelectronics X-CUBE-AZRTOS-F7 1.1.0
2025-12-07 12:34:38,744 [INFO] ThirdParty:1030 - CMSIS Pack Vendor :STMicroelectronics X-CUBE-AZRTOS-L5 2.0.0
2025-12-07 12:34:38,744 [INFO] ThirdParty:1030 - CMSIS Pack Vendor :STMicroelectronics X-CUBE-TOUCHGFX 4.25.0
2025-12-07 12:34:38,744 [INFO] ThirdParty:1030 - CMSIS Pack Vendor :STMicroelectronics USB_DEVICE 2.0.0
2025-12-07 12:34:38,744 [INFO] ThirdParty:1030 - CMSIS Pack Vendor :STMicroelectronics X-CUBE-NFC6 3.1.0
2025-12-07 12:34:38,744 [INFO] ThirdParty:1030 - CMSIS Pack Vendor :STMicroelectronics X-CUBE-ST67W61 1.1.0
2025-12-07 12:34:38,744 [INFO] ThirdParty:1030 - CMSIS Pack Vendor :quantropi X-CUBE-qispace-sdk-base 2.1.0
2025-12-07 12:34:38,744 [INFO] ThirdParty:1030 - CMSIS Pack Vendor :STMicroelectronics X-CUBE-MEMS1 12.0.0
2025-12-07 12:34:38,744 [INFO] ThirdParty:1030 - CMSIS Pack Vendor :STMicroelectronics FP-SNS-MOTENV1 5.1.0
2025-12-07 12:34:38,744 [INFO] ThirdParty:1030 - CMSIS Pack Vendor :STMicroelectronics FreeRTOS 0.0.1
2025-12-07 12:34:38,744 [INFO] ThirdParty:1030 - CMSIS Pack Vendor :STMicroelectronics X-CUBE-AZRTOS-G0 1.1.0
2025-12-07 12:34:38,744 [INFO] ThirdParty:1030 - CMSIS Pack Vendor :STMicroelectronics X-CUBE-SAFEA1 1.2.2
2025-12-07 12:34:38,744 [INFO] ThirdParty:1030 - CMSIS Pack Vendor :STMicroelectronics X-CUBE-NFC4 3.0.0
2025-12-07 12:34:38,744 [INFO] ThirdParty:1030 - CMSIS Pack Vendor :STMicroelectronics X-CUBE-SUBG2 5.0.0
2025-12-07 12:34:38,744 [INFO] ThirdParty:1030 - CMSIS Pack Vendor :STMicroelectronics X-CUBE-AZRTOS-H7RS 1.1.0
2025-12-07 12:34:38,744 [INFO] ThirdParty:1030 - CMSIS Pack Vendor :STMicroelectronics STM32_WPAN 1.0.0
2025-12-07 12:34:38,744 [INFO] ThirdParty:1030 - CMSIS Pack Vendor :EmbeddedOffice I-CUBE-FS-RTOS 1.0.1
2025-12-07 12:34:38,744 [INFO] ThirdParty:1030 - CMSIS Pack Vendor :STMicroelectronics lwIP 2.0.3
2025-12-07 12:34:38,744 [INFO] ThirdParty:1030 - CMSIS Pack Vendor :Cesanta I-CUBE-Mongoose 7.13.0
2025-12-07 12:34:38,744 [INFO] ThirdParty:1030 - CMSIS Pack Vendor :STMicroelectronics USB_HOST 1.0.0
2025-12-07 12:34:38,744 [INFO] ThirdParty:1030 - CMSIS Pack Vendor :Infineon AIROC-Wi-Fi-Bluetooth-STM32 1.7.1
2025-12-07 12:34:38,744 [INFO] ThirdParty:1030 - CMSIS Pack Vendor :STMicroelectronics X-CUBE-AZRTOS-G4 2.0.0
2025-12-07 12:34:38,744 [INFO] ThirdParty:1030 - CMSIS Pack Vendor :STMicroelectronics X-CUBE-WB05N 2.0.0
2025-12-07 12:34:38,744 [INFO] ThirdParty:1030 - CMSIS Pack Vendor :STMicroelectronics PDM2PCM 3.1.0
2025-12-07 12:34:38,744 [INFO] ThirdParty:1030 - CMSIS Pack Vendor :STMicroelectronics PDM2PCM 3.3.0
2025-12-07 12:34:38,744 [INFO] ThirdParty:1030 - CMSIS Pack Vendor :wolfSSL I-CUBE-wolfTPM 3.8.0
2025-12-07 12:34:38,744 [INFO] ThirdParty:1030 - CMSIS Pack Vendor :STMicroelectronics X-CUBE-AZRTOS-H7 3.4.0
2025-12-07 12:34:38,744 [INFO] ThirdParty:1030 - CMSIS Pack Vendor :STMicroelectronics X-CUBE-DISPLAY 3.0.0
2025-12-07 12:34:38,744 [INFO] ThirdParty:1030 - CMSIS Pack Vendor :wolfSSL I-CUBE-wolfSSH 1.4.20
2025-12-07 12:34:38,744 [INFO] ThirdParty:1030 - CMSIS Pack Vendor :STMicroelectronics X-CUBE-NFC7 2.0.0
2025-12-07 12:34:38,744 [INFO] ThirdParty:1030 - CMSIS Pack Vendor :STMicroelectronics X-CUBE-TCPP 4.2.0
2025-12-07 12:34:38,744 [INFO] ThirdParty:1030 - CMSIS Pack Vendor :RealThread X-CUBE-RT-Thread_Nano 4.1.1
2025-12-07 12:34:38,744 [INFO] ThirdParty:1030 - CMSIS Pack Vendor :STMicroelectronics FP-ATR-SIGFOX1 3.2.0
2025-12-07 12:34:38,744 [INFO] ThirdParty:1030 - CMSIS Pack Vendor :STMicroelectronics X-CUBE-NFC10 1.0.0
2025-12-07 12:34:38,744 [INFO] ThirdParty:1030 - CMSIS Pack Vendor :STMicroelectronics X-CUBE-FREERTOS 1.3.1
2025-12-07 12:34:38,744 [INFO] ThirdParty:1030 - CMSIS Pack Vendor :STMicroelectronics HAL Drivers 0.0.0
2025-12-07 12:34:38,744 [INFO] ThirdParty:1030 - CMSIS Pack Vendor :STMicroelectronics MBEDTLS 2.16.2
2025-12-07 12:34:38,745 [INFO] ThirdParty:1030 - CMSIS Pack Vendor :STMicroelectronics X-CUBE-ST60 1.1.0
2025-12-07 12:34:38,745 [INFO] ThirdParty:1030 - CMSIS Pack Vendor :STMicroelectronics X-CUBE-IPS 3.1.0
2025-12-07 12:34:38,745 [INFO] ThirdParty:1030 - CMSIS Pack Vendor :STMicroelectronics X-CUBE-ALS 1.0.2
2025-12-07 12:34:38,745 [INFO] ThirdParty:1030 - CMSIS Pack Vendor :emotas I-CUBE-CANOPEN 1.3.0
2025-12-07 12:34:38,745 [INFO] ThirdParty:1030 - CMSIS Pack Vendor :STMicroelectronics MBEDTLS 2.14.1
2025-12-07 12:34:38,745 [INFO] ThirdParty:1030 - CMSIS Pack Vendor :STMicroelectronics X-CUBE-GNSS1 7.1.0
2025-12-07 12:34:38,745 [INFO] ThirdParty:1030 - CMSIS Pack Vendor :ITTIA_DB I-CUBE-ITTIADB 8.9.0
2025-12-07 12:34:38,745 [INFO] ThirdParty:1030 - CMSIS Pack Vendor :STMicroelectronics X-CUBE-TOUCHGFX 4.26.0
2025-12-07 12:34:38,745 [INFO] ThirdParty:1030 - CMSIS Pack Vendor :STMicroelectronics X-CUBE-STSE01 1.0.0
2025-12-07 12:34:38,745 [INFO] ThirdParty:1030 - CMSIS Pack Vendor :portGmbH I-Cube-SoM-uGOAL 1.1.0
2025-12-07 12:34:38,745 [INFO] ThirdParty:1030 - CMSIS Pack Vendor :STMicroelectronics X-CUBE-ST67W61 1.0.0
2025-12-07 12:34:38,745 [INFO] ThirdParty:1030 - CMSIS Pack Vendor :STMicroelectronics FP-SNS-STBOX1 2.1.0
2025-12-07 12:34:38,745 [INFO] ThirdParty:1030 - CMSIS Pack Vendor :STMicroelectronics X-CUBE-AI 10.2.0
2025-12-07 12:34:38,745 [INFO] ThirdParty:1030 - CMSIS Pack Vendor :STMicroelectronics FP-SNS-STAIOTCFT 1.0.0
2025-12-07 12:34:38,745 [INFO] ThirdParty:1030 - CMSIS Pack Vendor :STMicroelectronics ThreadX 1.0.0
2025-12-07 12:34:38,745 [INFO] ThirdParty:1030 - CMSIS Pack Vendor :STMicroelectronics FP-SNS-SMARTAG2 1.2.0
2025-12-07 12:34:38,745 [INFO] ThirdParty:1030 - CMSIS Pack Vendor :STMicroelectronics FP-SNS-FLIGHT1 5.1.0
2025-12-07 12:34:38,745 [INFO] ThirdParty:1030 - CMSIS Pack Vendor :STMicroelectronics X-CUBE-AZRTOS-WL 2.0.0
2025-12-07 12:34:38,745 [INFO] ThirdParty:1030 - CMSIS Pack Vendor :SEGGER I-CUBE-embOS 1.3.1
2025-12-07 12:34:38,745 [INFO] ThirdParty:1030 - CMSIS Pack Vendor :STMicroelectronics X-CUBE-ALGOBUILD 1.4.0
2025-12-07 12:34:38,745 [INFO] ThirdParty:1030 - CMSIS Pack Vendor :STMicroelectronics X-CUBE-DPower 1.3.0
2025-12-07 12:34:38,745 [INFO] ThirdParty:1030 - CMSIS Pack Vendor :STMicroelectronics X-CUBE-MEMS1 11.3.0
2025-12-07 12:34:38,745 [INFO] ThirdParty:1030 - CMSIS Pack Vendor :STMicroelectronics FP-SNS-MOTENV1 5.0.0
2025-12-07 12:34:38,745 [INFO] ThirdParty:1030 - CMSIS Pack Vendor :STMicroelectronics USB_DEVICE 1.0.0
2025-12-07 12:34:38,745 [INFO] ThirdParty:1030 - CMSIS Pack Vendor :STMicroelectronics X-CUBE-AZRTOS-H7RS 1.2.0
2025-12-07 12:34:38,745 [INFO] ThirdParty:1030 - CMSIS Pack Vendor :STMicroelectronics X-CUBE-AZRTOS-L4 2.0.0
2025-12-07 12:34:38,745 [INFO] ThirdParty:1030 - CMSIS Pack Vendor :STMicroelectronics ThreadX 0.0.2
2025-12-07 12:34:38,745 [INFO] ThirdParty:1030 - CMSIS Pack Vendor :WES I-CUBE-Cesium 1.3.0
2025-12-07 12:34:38,745 [INFO] ThirdParty:1030 - CMSIS Pack Vendor :STMicroelectronics lwIP 2.1.2
2025-12-07 12:34:38,745 [INFO] ThirdParty:1030 - CMSIS Pack Vendor :STMicroelectronics X-CUBE-SFXS2LP1 4.0.0
2025-12-07 12:34:38,745 [INFO] ThirdParty:1030 - CMSIS Pack Vendor :STMicroelectronics X-CUBE-BLE2 3.3.0
2025-12-07 12:34:38,745 [INFO] ThirdParty:1030 - CMSIS Pack Vendor :Avnet-IOTCONNECT X-CUBE-iotc-st67-sdk 1.0.0
2025-12-07 12:34:38,745 [INFO] ThirdParty:1030 - CMSIS Pack Vendor :STMicroelectronics X-CUBE-TOF1 3.4.3
2025-12-07 12:34:38,745 [INFO] ThirdParty:1030 - CMSIS Pack Vendor :STMicroelectronics PDM2PCM 3.2.0
2025-12-07 12:34:38,745 [INFO] ThirdParty:841 - exiting critical section [change project]
2025-12-07 12:34:38,811 [INFO] PinOutPanel:1589 - setPackage(No Configuration,No Configuration)
2025-12-07 12:34:38,812 [INFO] PinOutPanel:1589 - setPackage(STM32F103C8Tx,LQFP48)
2025-12-07 12:34:38,896 [INFO] UtilMem:75 - Before build in PCC Used Memory: 917794688 Bytes (1073741824)
2025-12-07 12:34:39,003 [INFO] UtilMem:75 - After build in PCC Used Memory: 960054424 Bytes (1073741824)
2025-12-07 12:34:39,013 [INFO] IPUIPlugin:80 - create IPUIPlugin
2025-12-07 12:34:39,013 [INFO] IPUIPlugin:80 - create IPUIPlugin
2025-12-07 12:34:39,013 [INFO] IPUIPlugin:80 - create IPUIPlugin
2025-12-07 12:34:39,013 [INFO] IPUIPlugin:80 - create IPUIPlugin
2025-12-07 12:34:39,013 [INFO] IPUIPlugin:80 - create IPUIPlugin
2025-12-07 12:34:39,013 [INFO] IPUIPlugin:80 - create IPUIPlugin
2025-12-07 12:34:39,013 [INFO] IPUIPlugin:80 - create IPUIPlugin
2025-12-07 12:34:39,013 [INFO] IPUIPlugin:80 - create IPUIPlugin
2025-12-07 12:34:39,013 [INFO] IPUIPlugin:80 - create IPUIPlugin
2025-12-07 12:34:39,013 [INFO] IPUIPlugin:80 - create IPUIPlugin
2025-12-07 12:34:39,013 [INFO] IPUIPlugin:80 - create IPUIPlugin
2025-12-07 12:34:39,014 [INFO] IPUIPlugin:80 - create IPUIPlugin
2025-12-07 12:34:39,014 [INFO] IPUIPlugin:80 - create IPUIPlugin
2025-12-07 12:34:39,014 [INFO] IPUIPlugin:80 - create IPUIPlugin
2025-12-07 12:34:39,014 [INFO] IPUIPlugin:80 - create IPUIPlugin
2025-12-07 12:34:39,014 [INFO] IPUIPlugin:80 - create IPUIPlugin
2025-12-07 12:34:39,014 [INFO] IPUIPlugin:80 - create IPUIPlugin
2025-12-07 12:34:39,014 [INFO] IPUIPlugin:80 - create IPUIPlugin
2025-12-07 12:34:39,014 [INFO] IPUIPlugin:80 - create IPUIPlugin
2025-12-07 12:34:39,014 [INFO] IPUIPlugin:80 - create IPUIPlugin
2025-12-07 12:34:39,014 [INFO] IPUIPlugin:80 - create IPUIPlugin
2025-12-07 12:34:39,014 [INFO] IPUIPlugin:80 - create IPUIPlugin
2025-12-07 12:34:39,014 [INFO] IPUIPlugin:80 - create IPUIPlugin
2025-12-07 12:34:39,014 [INFO] IPUIPlugin:80 - create IPUIPlugin
2025-12-07 12:34:39,015 [INFO] IPUIPlugin:80 - create IPUIPlugin
2025-12-07 12:34:39,015 [INFO] IPUIPlugin:80 - create IPUIPlugin
2025-12-07 12:34:39,015 [INFO] IPUIPlugin:80 - create IPUIPlugin
2025-12-07 12:34:39,018 [WARN] IP:2250 - I2C_Coeff_DF not found: check if there is a RefParameter without a condition.
2025-12-07 12:34:39,018 [WARN] IP:2250 - Analog_Filter not found: check if there is a RefParameter without a condition.
2025-12-07 12:34:39,041 [INFO] CADModel:165 - CPN selected for project levelSTM32F103C8T6
2025-12-07 12:34:39,041 [INFO] CADModel:114 - Register for checkConnection events
2025-12-07 12:34:39,116 [INFO] OpenFileManager:386 - Restore cursor
2025-12-07 12:34:39,208 [WARN] IP:2250 - I2C_Coeff_DF not found: check if there is a RefParameter without a condition.
2025-12-07 12:34:39,208 [WARN] IP:2250 - Analog_Filter not found: check if there is a RefParameter without a condition.
2025-12-07 12:34:39,209 [WARN] IP:2250 - I2C_Coeff_DF not found: check if there is a RefParameter without a condition.
2025-12-07 12:34:39,209 [WARN] IP:2250 - Analog_Filter not found: check if there is a RefParameter without a condition.
2025-12-07 12:49:44,278 [WARN] IP:2250 - I2C_Coeff_DF not found: check if there is a RefParameter without a condition.
2025-12-07 12:49:44,278 [WARN] IP:2250 - Analog_Filter not found: check if there is a RefParameter without a condition.
2025-12-07 12:49:51,961 [INFO] UtilMem:75 - End SaveConfig() Used Memory: 943751112 Bytes (1073741824)
2025-12-07 12:49:52,076 [INFO] UtilMem:75 - End SaveConfig() Used Memory: 961054664 Bytes (1073741824)
2025-12-07 12:49:54,483 [INFO] UtilMem:75 - End SaveConfig() Used Memory: 667696480 Bytes (1073741824)
2025-12-07 12:49:54,553 [INFO] BlockDiagram:2775 - set Specific Code input for plugin: NVIC
2025-12-07 12:49:54,553 [INFO] BlockDiagram:2775 - set Specific Code input for plugin: USART
2025-12-07 12:49:54,553 [INFO] BlockDiagram:2775 - set Specific Code input for plugin: DMA
2025-12-07 12:49:54,553 [INFO] BlockDiagram:2775 - set Specific Code input for plugin: TIM1_8F1
2025-12-07 12:49:54,553 [INFO] BlockDiagram:2775 - set Specific Code input for plugin: SYS
2025-12-07 12:49:54,553 [INFO] BlockDiagram:2775 - set Specific Code input for plugin: GPIO
2025-12-07 12:49:54,553 [INFO] BlockDiagram:2775 - set Specific Code input for plugin: ADC
2025-12-07 12:49:54,553 [INFO] BlockDiagram:2775 - set Specific Code input for plugin: RCC
2025-12-07 12:49:54,553 [INFO] BlockDiagram:2775 - set Specific Code input for plugin: I2C
2025-12-07 12:49:54,554 [INFO] CodeGenerator:892 - code generatio: config db path: C:\ST\STM32CubeIDE_1.19.0\STM32CubeIDE\plugins\com.st.stm32cube.common.mx_6.15.0.202507011659\\db\
2025-12-07 12:49:54,556 [INFO] Argument:325 - Argument : hdmavalue: null
2025-12-07 12:49:54,556 [INFO] Argument:327 - 	 sub Args: 
2025-12-07 12:49:54,556 [INFO] Argument:325 - Argument : Instancevalue: DMA1_Channel1
2025-12-07 12:49:54,556 [INFO] Argument:335 - Argument : Instancevalue: DMA1_Channel1
2025-12-07 12:49:54,556 [INFO] Argument:325 - Argument : Initvalue: null
2025-12-07 12:49:54,556 [INFO] Argument:327 - 	 sub Args: 
2025-12-07 12:49:54,556 [INFO] Argument:325 - Argument : Directionvalue: DMA_PERIPH_TO_MEMORY
2025-12-07 12:49:54,556 [INFO] Argument:335 - Argument : Directionvalue: DMA_PERIPH_TO_MEMORY
2025-12-07 12:49:54,556 [INFO] Argument:325 - Argument : PeriphIncvalue: DMA_PINC_DISABLE
2025-12-07 12:49:54,556 [INFO] Argument:335 - Argument : PeriphIncvalue: DMA_PINC_DISABLE
2025-12-07 12:49:54,556 [INFO] Argument:325 - Argument : MemIncvalue: DMA_MINC_ENABLE
2025-12-07 12:49:54,556 [INFO] Argument:335 - Argument : MemIncvalue: DMA_MINC_ENABLE
2025-12-07 12:49:54,556 [INFO] Argument:325 - Argument : PeriphDataAlignmentvalue: DMA_PDATAALIGN_HALFWORD
2025-12-07 12:49:54,556 [INFO] Argument:335 - Argument : PeriphDataAlignmentvalue: DMA_PDATAALIGN_HALFWORD
2025-12-07 12:49:54,556 [INFO] Argument:325 - Argument : MemDataAlignmentvalue: DMA_MDATAALIGN_HALFWORD
2025-12-07 12:49:54,556 [INFO] Argument:335 - Argument : MemDataAlignmentvalue: DMA_MDATAALIGN_HALFWORD
2025-12-07 12:49:54,556 [INFO] Argument:325 - Argument : Modevalue: DMA_NORMAL
2025-12-07 12:49:54,556 [INFO] Argument:335 - Argument : Modevalue: DMA_NORMAL
2025-12-07 12:49:54,556 [INFO] Argument:325 - Argument : Priorityvalue: DMA_PRIORITY_LOW
2025-12-07 12:49:54,556 [INFO] Argument:335 - Argument : Priorityvalue: DMA_PRIORITY_LOW
2025-12-07 12:49:54,556 [INFO] Argument:325 - Argument : Lockvalue: null
2025-12-07 12:49:54,556 [INFO] Argument:335 - Argument : Lockvalue: null
2025-12-07 12:49:54,556 [INFO] Argument:325 - Argument : Statevalue: null
2025-12-07 12:49:54,556 [INFO] Argument:335 - Argument : Statevalue: null
2025-12-07 12:49:54,556 [INFO] Argument:325 - Argument : Parentvalue: null
2025-12-07 12:49:54,556 [INFO] Argument:335 - Argument : Parentvalue: null
2025-12-07 12:49:54,556 [INFO] Argument:325 - Argument : XferCpltCallbackvalue: null
2025-12-07 12:49:54,556 [INFO] Argument:335 - Argument : XferCpltCallbackvalue: null
2025-12-07 12:49:54,556 [INFO] Argument:325 - Argument : XferHalfCpltCallbackvalue: null
2025-12-07 12:49:54,556 [INFO] Argument:335 - Argument : XferHalfCpltCallbackvalue: null
2025-12-07 12:49:54,556 [INFO] Argument:325 - Argument : XferErrorCallbackvalue: null
2025-12-07 12:49:54,556 [INFO] Argument:335 - Argument : XferErrorCallbackvalue: null
2025-12-07 12:49:54,556 [INFO] Argument:325 - Argument : ErrorCodevalue: null
2025-12-07 12:49:54,556 [INFO] Argument:335 - Argument : ErrorCodevalue: null
2025-12-07 12:49:54,557 [WARN] IP:2250 - I2C_Coeff_DF not found: check if there is a RefParameter without a condition.
2025-12-07 12:49:54,557 [WARN] IP:2250 - Analog_Filter not found: check if there is a RefParameter without a condition.
2025-12-07 12:49:54,596 [INFO] CodeEngine:265 - oldGeneratedFile, C:\Users\nsorr\STM32CubeIDE\workspace_1.19.0\Temp_Prueba\MXTmpFiles\license.tmp_save
2025-12-07 12:49:54,804 [INFO] CodeEngine:289 - Generated code: C:\Users\nsorr\STM32CubeIDE\workspace_1.19.0\Temp_Prueba\MXTmpFiles\license.tmp
2025-12-07 12:49:54,844 [INFO] CodeEngine:265 - oldGeneratedFile, C:\Users\nsorr\STM32CubeIDE\workspace_1.19.0\Temp_Prueba\Core\Src\gpio.c_save
2025-12-07 12:49:54,944 [INFO] CodeEngine:289 - Generated code: C:\Users\nsorr\STM32CubeIDE\workspace_1.19.0\Temp_Prueba\Core\Src\gpio.c
2025-12-07 12:49:54,951 [INFO] CodeEngine:265 - oldGeneratedFile, C:\Users\nsorr\STM32CubeIDE\workspace_1.19.0\Temp_Prueba\Core\Inc\gpio.h_save
2025-12-07 12:49:55,021 [INFO] CodeEngine:289 - Generated code: C:\Users\nsorr\STM32CubeIDE\workspace_1.19.0\Temp_Prueba\Core\Inc\gpio.h
2025-12-07 12:49:55,110 [INFO] CodeEngine:265 - oldGeneratedFile, C:\Users\nsorr\STM32CubeIDE\workspace_1.19.0\Temp_Prueba\Core\Src\adc.c_save
2025-12-07 12:49:55,228 [INFO] CodeEngine:289 - Generated code: C:\Users\nsorr\STM32CubeIDE\workspace_1.19.0\Temp_Prueba\Core\Src\adc.c
2025-12-07 12:49:55,233 [INFO] CodeEngine:265 - oldGeneratedFile, C:\Users\nsorr\STM32CubeIDE\workspace_1.19.0\Temp_Prueba\Core\Inc\adc.h_save
2025-12-07 12:49:55,289 [INFO] CodeEngine:289 - Generated code: C:\Users\nsorr\STM32CubeIDE\workspace_1.19.0\Temp_Prueba\Core\Inc\adc.h
2025-12-07 12:49:55,300 [INFO] CodeEngine:265 - oldGeneratedFile, C:\Users\nsorr\STM32CubeIDE\workspace_1.19.0\Temp_Prueba\Core\Src\dma.c_save
2025-12-07 12:49:55,363 [INFO] CodeEngine:289 - Generated code: C:\Users\nsorr\STM32CubeIDE\workspace_1.19.0\Temp_Prueba\Core\Src\dma.c
2025-12-07 12:49:55,368 [INFO] CodeEngine:265 - oldGeneratedFile, C:\Users\nsorr\STM32CubeIDE\workspace_1.19.0\Temp_Prueba\Core\Inc\dma.h_save
2025-12-07 12:49:55,419 [INFO] CodeEngine:289 - Generated code: C:\Users\nsorr\STM32CubeIDE\workspace_1.19.0\Temp_Prueba\Core\Inc\dma.h
2025-12-07 12:49:55,430 [INFO] CodeEngine:265 - oldGeneratedFile, C:\Users\nsorr\STM32CubeIDE\workspace_1.19.0\Temp_Prueba\Core\Src\i2c.c_save
2025-12-07 12:49:55,497 [INFO] CodeEngine:289 - Generated code: C:\Users\nsorr\STM32CubeIDE\workspace_1.19.0\Temp_Prueba\Core\Src\i2c.c
2025-12-07 12:49:55,504 [INFO] CodeEngine:265 - oldGeneratedFile, C:\Users\nsorr\STM32CubeIDE\workspace_1.19.0\Temp_Prueba\Core\Inc\i2c.h_save
2025-12-07 12:49:55,551 [INFO] CodeEngine:289 - Generated code: C:\Users\nsorr\STM32CubeIDE\workspace_1.19.0\Temp_Prueba\Core\Inc\i2c.h
2025-12-07 12:49:55,564 [INFO] CodeEngine:265 - oldGeneratedFile, C:\Users\nsorr\STM32CubeIDE\workspace_1.19.0\Temp_Prueba\Core\Src\tim.c_save
2025-12-07 12:49:55,624 [INFO] CodeEngine:289 - Generated code: C:\Users\nsorr\STM32CubeIDE\workspace_1.19.0\Temp_Prueba\Core\Src\tim.c
2025-12-07 12:49:55,629 [INFO] CodeEngine:265 - oldGeneratedFile, C:\Users\nsorr\STM32CubeIDE\workspace_1.19.0\Temp_Prueba\Core\Inc\tim.h_save
2025-12-07 12:49:55,672 [INFO] CodeEngine:289 - Generated code: C:\Users\nsorr\STM32CubeIDE\workspace_1.19.0\Temp_Prueba\Core\Inc\tim.h
2025-12-07 12:49:55,680 [INFO] CodeEngine:265 - oldGeneratedFile, C:\Users\nsorr\STM32CubeIDE\workspace_1.19.0\Temp_Prueba\Core\Src\usart.c_save
2025-12-07 12:49:55,736 [INFO] CodeEngine:289 - Generated code: C:\Users\nsorr\STM32CubeIDE\workspace_1.19.0\Temp_Prueba\Core\Src\usart.c
2025-12-07 12:49:55,739 [INFO] CodeEngine:265 - oldGeneratedFile, C:\Users\nsorr\STM32CubeIDE\workspace_1.19.0\Temp_Prueba\Core\Inc\usart.h_save
2025-12-07 12:49:55,792 [INFO] CodeEngine:289 - Generated code: C:\Users\nsorr\STM32CubeIDE\workspace_1.19.0\Temp_Prueba\Core\Inc\usart.h
2025-12-07 12:49:55,802 [INFO] CodeEngine:265 - oldGeneratedFile, C:\Users\nsorr\STM32CubeIDE\workspace_1.19.0\Temp_Prueba\Core\Src\stm32f1xx_it.c_save
2025-12-07 12:49:55,917 [INFO] CodeEngine:289 - Generated code: C:\Users\nsorr\STM32CubeIDE\workspace_1.19.0\Temp_Prueba\Core\Src\stm32f1xx_it.c
2025-12-07 12:49:55,923 [INFO] CodeEngine:265 - oldGeneratedFile, C:\Users\nsorr\STM32CubeIDE\workspace_1.19.0\Temp_Prueba\Core\Inc\stm32f1xx_it.h_save
2025-12-07 12:49:55,967 [INFO] CodeEngine:289 - Generated code: C:\Users\nsorr\STM32CubeIDE\workspace_1.19.0\Temp_Prueba\Core\Inc\stm32f1xx_it.h
2025-12-07 12:49:55,978 [INFO] CodeEngine:265 - oldGeneratedFile, C:\Users\nsorr\STM32CubeIDE\workspace_1.19.0\Temp_Prueba\Core\Src\stm32f1xx_hal_msp.c_save
2025-12-07 12:49:56,029 [INFO] CodeEngine:289 - Generated code: C:\Users\nsorr\STM32CubeIDE\workspace_1.19.0\Temp_Prueba\Core\Src\stm32f1xx_hal_msp.c
2025-12-07 12:49:56,034 [INFO] CodeEngine:265 - oldGeneratedFile, C:\Users\nsorr\STM32CubeIDE\workspace_1.19.0\Temp_Prueba\MXTmpFiles\system.tmp_save
2025-12-07 12:49:56,073 [INFO] CodeEngine:289 - Generated code: C:\Users\nsorr\STM32CubeIDE\workspace_1.19.0\Temp_Prueba\MXTmpFiles\system.tmp
2025-12-07 12:49:56,082 [INFO] CodeEngine:321 - oldGeneratedFile, C:\Users\nsorr\STM32CubeIDE\workspace_1.19.0\Temp_Prueba\Core\Inc\stm32f1xx_hal_conf.h_save
2025-12-07 12:49:56,126 [INFO] CodeEngine:345 - Generated code: C:\Users\nsorr\STM32CubeIDE\workspace_1.19.0\Temp_Prueba\Core\Inc\stm32f1xx_hal_conf.h
2025-12-07 12:49:56,140 [INFO] ApiDbMcu:532 - Load IP Config File for ADC1
2025-12-07 12:49:56,142 [INFO] ApiDbMcu:532 - Load IP Config File for I2C1
2025-12-07 12:49:56,147 [INFO] ApiDbMcu:532 - Load IP Config File for TIM3
2025-12-07 12:49:56,150 [INFO] ApiDbMcu:532 - Load IP Config File for USART1
2025-12-07 12:49:56,152 [INFO] ApiDbMcu:532 - Load IP Config File for RCC
2025-12-07 12:49:56,163 [INFO] CodeEngine:265 - oldGeneratedFile, C:\Users\nsorr\STM32CubeIDE\workspace_1.19.0\Temp_Prueba\Core\Inc\main.h_save
2025-12-07 12:49:56,223 [INFO] CodeEngine:289 - Generated code: C:\Users\nsorr\STM32CubeIDE\workspace_1.19.0\Temp_Prueba\Core\Inc\main.h
2025-12-07 12:49:56,229 [INFO] CodeEngine:265 - oldGeneratedFile, C:\Users\nsorr\STM32CubeIDE\workspace_1.19.0\Temp_Prueba\Core\Src\main.c_save
2025-12-07 12:49:56,288 [INFO] CodeEngine:289 - Generated code: C:\Users\nsorr\STM32CubeIDE\workspace_1.19.0\Temp_Prueba\Core\Src\main.c
2025-12-07 12:49:56,481 [INFO] ProjectBuilder:3606 - Time for Copy HAL[1] : 85mS.
2025-12-07 12:49:56,513 [INFO] ProjectBuilder:5216 - Project Generator version: 4.7.0-B52
2025-12-07 12:49:56,556 [INFO] ConfigFileManager:1595 - The Die is : DIE410
2025-12-07 12:49:56,559 [INFO] ApiDbMcu:532 - Load IP Config File for FATFS
2025-12-07 12:49:56,561 [INFO] ApiDbMcu:532 - Load IP Config File for FREERTOS
2025-12-07 12:49:56,564 [INFO] ApiDbMcu:532 - Load IP Config File for USB_DEVICE
2025-12-07 12:49:57,154 [INFO] ProjectBuilder:5496 - Time for Generating toolchain IDE Files: 641mS.
2025-12-07 12:49:57,154 [INFO] ProjectBuilder:3463 - Time for Copy CMSIS : 0mS.
2025-12-07 12:49:57,159 [INFO] ProjectBuilder:3463 - Time for Copy CMSIS : 0mS.
2025-12-07 13:26:28,064 [INFO] UtilMem:75 - End SaveConfig() Used Memory: 871307024 Bytes (1073741824)
2025-12-07 13:26:28,131 [INFO] UtilMem:75 - End SaveConfig() Used Memory: 888442424 Bytes (1073741824)
2025-12-07 13:26:29,932 [INFO] UtilMem:75 - End SaveConfig() Used Memory: 959745584 Bytes (1073741824)
2025-12-07 13:26:30,024 [INFO] BlockDiagram:2775 - set Specific Code input for plugin: NVIC
2025-12-07 13:26:30,024 [INFO] BlockDiagram:2775 - set Specific Code input for plugin: USART
2025-12-07 13:26:30,024 [INFO] BlockDiagram:2775 - set Specific Code input for plugin: DMA
2025-12-07 13:26:30,024 [INFO] BlockDiagram:2775 - set Specific Code input for plugin: TIM1_8F1
2025-12-07 13:26:30,024 [INFO] BlockDiagram:2775 - set Specific Code input for plugin: SYS
2025-12-07 13:26:30,024 [INFO] BlockDiagram:2775 - set Specific Code input for plugin: GPIO
2025-12-07 13:26:30,024 [INFO] BlockDiagram:2775 - set Specific Code input for plugin: ADC
2025-12-07 13:26:30,024 [INFO] BlockDiagram:2775 - set Specific Code input for plugin: RCC
2025-12-07 13:26:30,024 [INFO] BlockDiagram:2775 - set Specific Code input for plugin: I2C
2025-12-07 13:26:30,026 [INFO] CodeGenerator:892 - code generatio: config db path: C:\ST\STM32CubeIDE_1.19.0\STM32CubeIDE\plugins\com.st.stm32cube.common.mx_6.15.0.202507011659\\db\
2025-12-07 13:26:30,029 [INFO] Argument:325 - Argument : hdmavalue: null
2025-12-07 13:26:30,029 [INFO] Argument:327 - 	 sub Args: 
2025-12-07 13:26:30,029 [INFO] Argument:325 - Argument : Instancevalue: DMA1_Channel1
2025-12-07 13:26:30,029 [INFO] Argument:335 - Argument : Instancevalue: DMA1_Channel1
2025-12-07 13:26:30,029 [INFO] Argument:325 - Argument : Initvalue: null
2025-12-07 13:26:30,029 [INFO] Argument:327 - 	 sub Args: 
2025-12-07 13:26:30,029 [INFO] Argument:325 - Argument : Directionvalue: DMA_PERIPH_TO_MEMORY
2025-12-07 13:26:30,029 [INFO] Argument:335 - Argument : Directionvalue: DMA_PERIPH_TO_MEMORY
2025-12-07 13:26:30,029 [INFO] Argument:325 - Argument : PeriphIncvalue: DMA_PINC_DISABLE
2025-12-07 13:26:30,029 [INFO] Argument:335 - Argument : PeriphIncvalue: DMA_PINC_DISABLE
2025-12-07 13:26:30,029 [INFO] Argument:325 - Argument : MemIncvalue: DMA_MINC_ENABLE
2025-12-07 13:26:30,029 [INFO] Argument:335 - Argument : MemIncvalue: DMA_MINC_ENABLE
2025-12-07 13:26:30,029 [INFO] Argument:325 - Argument : PeriphDataAlignmentvalue: DMA_PDATAALIGN_HALFWORD
2025-12-07 13:26:30,029 [INFO] Argument:335 - Argument : PeriphDataAlignmentvalue: DMA_PDATAALIGN_HALFWORD
2025-12-07 13:26:30,029 [INFO] Argument:325 - Argument : MemDataAlignmentvalue: DMA_MDATAALIGN_HALFWORD
2025-12-07 13:26:30,029 [INFO] Argument:335 - Argument : MemDataAlignmentvalue: DMA_MDATAALIGN_HALFWORD
2025-12-07 13:26:30,029 [INFO] Argument:325 - Argument : Modevalue: DMA_NORMAL
2025-12-07 13:26:30,029 [INFO] Argument:335 - Argument : Modevalue: DMA_NORMAL
2025-12-07 13:26:30,029 [INFO] Argument:325 - Argument : Priorityvalue: DMA_PRIORITY_LOW
2025-12-07 13:26:30,029 [INFO] Argument:335 - Argument : Priorityvalue: DMA_PRIORITY_LOW
2025-12-07 13:26:30,029 [INFO] Argument:325 - Argument : Lockvalue: null
2025-12-07 13:26:30,029 [INFO] Argument:335 - Argument : Lockvalue: null
2025-12-07 13:26:30,029 [INFO] Argument:325 - Argument : Statevalue: null
2025-12-07 13:26:30,029 [INFO] Argument:335 - Argument : Statevalue: null
2025-12-07 13:26:30,029 [INFO] Argument:325 - Argument : Parentvalue: null
2025-12-07 13:26:30,029 [INFO] Argument:335 - Argument : Parentvalue: null
2025-12-07 13:26:30,029 [INFO] Argument:325 - Argument : XferCpltCallbackvalue: null
2025-12-07 13:26:30,029 [INFO] Argument:335 - Argument : XferCpltCallbackvalue: null
2025-12-07 13:26:30,029 [INFO] Argument:325 - Argument : XferHalfCpltCallbackvalue: null
2025-12-07 13:26:30,029 [INFO] Argument:335 - Argument : XferHalfCpltCallbackvalue: null
2025-12-07 13:26:30,029 [INFO] Argument:325 - Argument : XferErrorCallbackvalue: null
2025-12-07 13:26:30,029 [INFO] Argument:335 - Argument : XferErrorCallbackvalue: null
2025-12-07 13:26:30,029 [INFO] Argument:325 - Argument : ErrorCodevalue: null
2025-12-07 13:26:30,029 [INFO] Argument:335 - Argument : ErrorCodevalue: null
2025-12-07 13:26:30,030 [WARN] IP:2250 - I2C_Coeff_DF not found: check if there is a RefParameter without a condition.
2025-12-07 13:26:30,030 [WARN] IP:2250 - Analog_Filter not found: check if there is a RefParameter without a condition.
2025-12-07 13:26:30,089 [INFO] CodeEngine:265 - oldGeneratedFile, C:\Users\nsorr\STM32CubeIDE\workspace_1.19.0\Temp_Prueba\MXTmpFiles\license.tmp_save
2025-12-07 13:26:30,161 [INFO] CodeEngine:289 - Generated code: C:\Users\nsorr\STM32CubeIDE\workspace_1.19.0\Temp_Prueba\MXTmpFiles\license.tmp
2025-12-07 13:26:30,184 [INFO] CodeEngine:265 - oldGeneratedFile, C:\Users\nsorr\STM32CubeIDE\workspace_1.19.0\Temp_Prueba\Core\Src\gpio.c_save
2025-12-07 13:26:30,294 [INFO] CodeEngine:289 - Generated code: C:\Users\nsorr\STM32CubeIDE\workspace_1.19.0\Temp_Prueba\Core\Src\gpio.c
2025-12-07 13:26:30,301 [INFO] CodeEngine:265 - oldGeneratedFile, C:\Users\nsorr\STM32CubeIDE\workspace_1.19.0\Temp_Prueba\Core\Inc\gpio.h_save
2025-12-07 13:26:30,352 [INFO] CodeEngine:289 - Generated code: C:\Users\nsorr\STM32CubeIDE\workspace_1.19.0\Temp_Prueba\Core\Inc\gpio.h
2025-12-07 13:26:30,434 [INFO] CodeEngine:265 - oldGeneratedFile, C:\Users\nsorr\STM32CubeIDE\workspace_1.19.0\Temp_Prueba\Core\Src\adc.c_save
2025-12-07 13:26:30,512 [INFO] CodeEngine:289 - Generated code: C:\Users\nsorr\STM32CubeIDE\workspace_1.19.0\Temp_Prueba\Core\Src\adc.c
2025-12-07 13:26:30,520 [INFO] CodeEngine:265 - oldGeneratedFile, C:\Users\nsorr\STM32CubeIDE\workspace_1.19.0\Temp_Prueba\Core\Inc\adc.h_save
2025-12-07 13:26:30,567 [INFO] CodeEngine:289 - Generated code: C:\Users\nsorr\STM32CubeIDE\workspace_1.19.0\Temp_Prueba\Core\Inc\adc.h
2025-12-07 13:26:30,582 [INFO] CodeEngine:265 - oldGeneratedFile, C:\Users\nsorr\STM32CubeIDE\workspace_1.19.0\Temp_Prueba\Core\Src\dma.c_save
2025-12-07 13:26:30,627 [INFO] CodeEngine:289 - Generated code: C:\Users\nsorr\STM32CubeIDE\workspace_1.19.0\Temp_Prueba\Core\Src\dma.c
2025-12-07 13:26:30,633 [INFO] CodeEngine:265 - oldGeneratedFile, C:\Users\nsorr\STM32CubeIDE\workspace_1.19.0\Temp_Prueba\Core\Inc\dma.h_save
2025-12-07 13:26:30,671 [INFO] CodeEngine:289 - Generated code: C:\Users\nsorr\STM32CubeIDE\workspace_1.19.0\Temp_Prueba\Core\Inc\dma.h
2025-12-07 13:26:30,681 [INFO] CodeEngine:265 - oldGeneratedFile, C:\Users\nsorr\STM32CubeIDE\workspace_1.19.0\Temp_Prueba\Core\Src\i2c.c_save
2025-12-07 13:26:30,731 [INFO] CodeEngine:289 - Generated code: C:\Users\nsorr\STM32CubeIDE\workspace_1.19.0\Temp_Prueba\Core\Src\i2c.c
2025-12-07 13:26:30,737 [INFO] CodeEngine:265 - oldGeneratedFile, C:\Users\nsorr\STM32CubeIDE\workspace_1.19.0\Temp_Prueba\Core\Inc\i2c.h_save
2025-12-07 13:26:30,776 [INFO] CodeEngine:289 - Generated code: C:\Users\nsorr\STM32CubeIDE\workspace_1.19.0\Temp_Prueba\Core\Inc\i2c.h
2025-12-07 13:26:30,785 [INFO] CodeEngine:265 - oldGeneratedFile, C:\Users\nsorr\STM32CubeIDE\workspace_1.19.0\Temp_Prueba\Core\Src\tim.c_save
2025-12-07 13:26:30,839 [INFO] CodeEngine:289 - Generated code: C:\Users\nsorr\STM32CubeIDE\workspace_1.19.0\Temp_Prueba\Core\Src\tim.c
2025-12-07 13:26:30,843 [INFO] CodeEngine:265 - oldGeneratedFile, C:\Users\nsorr\STM32CubeIDE\workspace_1.19.0\Temp_Prueba\Core\Inc\tim.h_save
2025-12-07 13:26:30,882 [INFO] CodeEngine:289 - Generated code: C:\Users\nsorr\STM32CubeIDE\workspace_1.19.0\Temp_Prueba\Core\Inc\tim.h
2025-12-07 13:26:30,889 [INFO] CodeEngine:265 - oldGeneratedFile, C:\Users\nsorr\STM32CubeIDE\workspace_1.19.0\Temp_Prueba\Core\Src\usart.c_save
2025-12-07 13:26:30,940 [INFO] CodeEngine:289 - Generated code: C:\Users\nsorr\STM32CubeIDE\workspace_1.19.0\Temp_Prueba\Core\Src\usart.c
2025-12-07 13:26:30,944 [INFO] CodeEngine:265 - oldGeneratedFile, C:\Users\nsorr\STM32CubeIDE\workspace_1.19.0\Temp_Prueba\Core\Inc\usart.h_save
2025-12-07 13:26:30,982 [INFO] CodeEngine:289 - Generated code: C:\Users\nsorr\STM32CubeIDE\workspace_1.19.0\Temp_Prueba\Core\Inc\usart.h
2025-12-07 13:26:30,991 [INFO] CodeEngine:265 - oldGeneratedFile, C:\Users\nsorr\STM32CubeIDE\workspace_1.19.0\Temp_Prueba\Core\Src\stm32f1xx_it.c_save
2025-12-07 13:26:31,082 [INFO] CodeEngine:289 - Generated code: C:\Users\nsorr\STM32CubeIDE\workspace_1.19.0\Temp_Prueba\Core\Src\stm32f1xx_it.c
2025-12-07 13:26:31,088 [INFO] CodeEngine:265 - oldGeneratedFile, C:\Users\nsorr\STM32CubeIDE\workspace_1.19.0\Temp_Prueba\Core\Inc\stm32f1xx_it.h_save
2025-12-07 13:26:31,123 [INFO] CodeEngine:289 - Generated code: C:\Users\nsorr\STM32CubeIDE\workspace_1.19.0\Temp_Prueba\Core\Inc\stm32f1xx_it.h
2025-12-07 13:26:31,133 [INFO] CodeEngine:265 - oldGeneratedFile, C:\Users\nsorr\STM32CubeIDE\workspace_1.19.0\Temp_Prueba\Core\Src\stm32f1xx_hal_msp.c_save
2025-12-07 13:26:31,177 [INFO] CodeEngine:289 - Generated code: C:\Users\nsorr\STM32CubeIDE\workspace_1.19.0\Temp_Prueba\Core\Src\stm32f1xx_hal_msp.c
2025-12-07 13:26:31,183 [INFO] CodeEngine:265 - oldGeneratedFile, C:\Users\nsorr\STM32CubeIDE\workspace_1.19.0\Temp_Prueba\MXTmpFiles\system.tmp_save
2025-12-07 13:26:31,211 [INFO] CodeEngine:289 - Generated code: C:\Users\nsorr\STM32CubeIDE\workspace_1.19.0\Temp_Prueba\MXTmpFiles\system.tmp
2025-12-07 13:26:31,219 [INFO] CodeEngine:321 - oldGeneratedFile, C:\Users\nsorr\STM32CubeIDE\workspace_1.19.0\Temp_Prueba\Core\Inc\stm32f1xx_hal_conf.h_save
2025-12-07 13:26:31,257 [INFO] CodeEngine:345 - Generated code: C:\Users\nsorr\STM32CubeIDE\workspace_1.19.0\Temp_Prueba\Core\Inc\stm32f1xx_hal_conf.h
2025-12-07 13:26:31,276 [INFO] CodeEngine:265 - oldGeneratedFile, C:\Users\nsorr\STM32CubeIDE\workspace_1.19.0\Temp_Prueba\Core\Inc\main.h_save
2025-12-07 13:26:31,330 [INFO] CodeEngine:289 - Generated code: C:\Users\nsorr\STM32CubeIDE\workspace_1.19.0\Temp_Prueba\Core\Inc\main.h
2025-12-07 13:26:31,335 [INFO] CodeEngine:265 - oldGeneratedFile, C:\Users\nsorr\STM32CubeIDE\workspace_1.19.0\Temp_Prueba\Core\Src\main.c_save
2025-12-07 13:26:31,396 [INFO] CodeEngine:289 - Generated code: C:\Users\nsorr\STM32CubeIDE\workspace_1.19.0\Temp_Prueba\Core\Src\main.c
2025-12-07 13:26:31,594 [INFO] ProjectBuilder:3606 - Time for Copy HAL[1] : 109mS.
2025-12-07 13:26:31,596 [INFO] ProjectBuilder:5216 - Project Generator version: 4.7.0-B52
2025-12-07 13:26:31,640 [INFO] ConfigFileManager:1595 - The Die is : DIE410
2025-12-07 13:26:32,294 [INFO] ProjectBuilder:5496 - Time for Generating toolchain IDE Files: 698mS.
2025-12-07 13:26:32,295 [INFO] ProjectBuilder:3463 - Time for Copy CMSIS : 1mS.
2025-12-07 13:26:32,298 [INFO] ProjectBuilder:3463 - Time for Copy CMSIS : 0mS.
2025-12-07 17:15:59,414 [INFO] WebApp:194 - Connection lost
2025-12-07 17:15:59,712 [INFO] WebApp:191 - Connection restablished
