2025-11-30 00:13:31,126 [ERROR] ConfigurationRetriever:142 - IOException on connection: sw-center.st.com
2025-11-30 00:13:31,131 [ERROR] ConfigurationRetriever:142 - IOException on connection: sw-center.st.com
2025-11-30 00:13:31,132 [ERROR] ConfigurationRetriever:142 - IOException on connection: sw-center.st.com
2025-11-30 00:13:32,329 [ERROR] LogOutputStream:75 - [STDERR_REDIRECT] 
2025-11-30 11:52:07,874 [INFO] Activator:176 - 


2025-11-30 11:52:07,879 [INFO] Activator:177 - !SESSION log4j initialized
2025-11-30 11:52:25,593 [INFO] LogOutputStream:77 - [STDOUT_REDIRECT] 
2025-11-30 11:52:30,115 [INFO] ApplicationProperties:184 - Using Application install path: C:\ST\STM32CubeIDE_1.19.0\STM32CubeIDE\plugins\com.st.stm32cube.common.mx_6.15.0.202507011659
2025-11-30 11:52:30,164 [INFO] DbMcusXml:78 - Set database path to: C:\ST\STM32CubeIDE_1.19.0\STM32CubeIDE\plugins\com.st.stm32cube.common.mx_6.15.0.202507011659\\db\/mcu/
2025-11-30 11:52:30,165 [INFO] ApiDb:274 - Set plugin database path to: C:\ST\STM32CubeIDE_1.19.0\STM32CubeIDE\plugins\com.st.stm32cube.common.mx_6.15.0.202507011659\\db\/plugins/boardmanager/
2025-11-30 11:52:30,165 [WARN] ApiDb:259 - Overriding images path with different value:  => C:\ST\STM32CubeIDE_1.19.0\STM32CubeIDE\plugins\com.st.stm32cube.common.mx_6.15.0.202507011659\\db\/plugins/mcufinder/images/
2025-11-30 11:52:30,203 [INFO] ApiDb:250 - Set database path to: C:\Users\nsorr\.stmcufinder\plugins\mcufinder//mcu/
2025-11-30 11:52:30,206 [INFO] DbMcusAds:125 - Set database path to: C:\Users\nsorr\.stmcufinder\plugins\mcufinder//mcu/
2025-11-30 11:52:30,212 [INFO] CrossReferenceDbSqlite:203 - Set database path to: C:\Users\nsorr\.stmcufinder\plugins\mcufinder//mcu/cs/
2025-11-30 11:52:30,553 [INFO] RulesReader:64 - Compatibility file has been processed (317 Rules)
2025-11-30 11:52:30,780 [INFO] DbMcusXml:78 - Set database path to: C:\ST\STM32CubeIDE_1.19.0\STM32CubeIDE\plugins\com.st.stm32cube.common.mx_6.15.0.202507011659\\db\/mcu/
2025-11-30 11:52:30,781 [INFO] ApiDb:274 - Set plugin database path to: C:\ST\STM32CubeIDE_1.19.0\STM32CubeIDE\plugins\com.st.stm32cube.common.mx_6.15.0.202507011659\\db\/plugins/boardmanager/
2025-11-30 11:52:30,781 [INFO] ApiDb:261 - Set plugin images path to: C:\ST\STM32CubeIDE_1.19.0\STM32CubeIDE\plugins\com.st.stm32cube.common.mx_6.15.0.202507011659\\db\/plugins/mcufinder/images/
2025-11-30 11:52:30,782 [WARN] DbFile:41 - Overriding database path with different value: C:\Users\nsorr\.stmcufinder\plugins\mcufinder/ => C:\Users\nsorr\.stmcufinder\plugins\mcufinder
2025-11-30 11:52:30,782 [INFO] ApiDb:250 - Set database path to: C:\Users\nsorr\.stmcufinder\plugins\mcufinder//mcu/
2025-11-30 11:52:30,783 [WARN] DbFile:41 - Overriding database path with different value: C:\Users\nsorr\.stmcufinder\plugins\mcufinder/ => C:\Users\nsorr\.stmcufinder\plugins\mcufinder
2025-11-30 11:52:30,783 [INFO] DbMcusAds:125 - Set database path to: C:\Users\nsorr\.stmcufinder\plugins\mcufinder//mcu/
2025-11-30 11:52:30,783 [WARN] DbFile:41 - Overriding database path with different value: C:\Users\nsorr\.stmcufinder\plugins\mcufinder/ => C:\Users\nsorr\.stmcufinder\plugins\mcufinder
2025-11-30 11:52:30,783 [WARN] DbFile:41 - Overriding database path with different value: C:\Users\nsorr\.stmcufinder\plugins\mcufinder/ => C:\Users\nsorr\.stmcufinder\plugins\mcufinder
2025-11-30 11:52:30,783 [INFO] CrossReferenceDbSqlite:203 - Set database path to: C:\Users\nsorr\.stmcufinder\plugins\mcufinder//mcu/cs/
2025-11-30 11:52:31,029 [INFO] MainPanel:274 - HeapMemory: 268435456
2025-11-30 11:52:31,403 [INFO] DbMcusXml:78 - Set database path to: C:\ST\STM32CubeIDE_1.19.0\STM32CubeIDE\plugins\com.st.stm32cube.common.mx_6.15.0.202507011659\\db\/mcu/
2025-11-30 11:52:31,404 [INFO] ApiDb:274 - Set plugin database path to: C:\ST\STM32CubeIDE_1.19.0\STM32CubeIDE\plugins\com.st.stm32cube.common.mx_6.15.0.202507011659\\db\/plugins/boardmanager/
2025-11-30 11:52:31,404 [INFO] ApiDb:261 - Set plugin images path to: C:\ST\STM32CubeIDE_1.19.0\STM32CubeIDE\plugins\com.st.stm32cube.common.mx_6.15.0.202507011659\\db\/plugins/mcufinder/images/
2025-11-30 11:52:31,405 [WARN] DbFile:41 - Overriding database path with different value: C:\Users\nsorr\.stmcufinder\plugins\mcufinder/ => C:\Users\nsorr\.stmcufinder\plugins\mcufinder
2025-11-30 11:52:31,406 [INFO] ApiDb:250 - Set database path to: C:\Users\nsorr\.stmcufinder\plugins\mcufinder//mcu/
2025-11-30 11:52:31,406 [WARN] DbFile:41 - Overriding database path with different value: C:\Users\nsorr\.stmcufinder\plugins\mcufinder/ => C:\Users\nsorr\.stmcufinder\plugins\mcufinder
2025-11-30 11:52:31,406 [INFO] DbMcusAds:125 - Set database path to: C:\Users\nsorr\.stmcufinder\plugins\mcufinder//mcu/
2025-11-30 11:52:31,408 [WARN] DbFile:41 - Overriding database path with different value: C:\Users\nsorr\.stmcufinder\plugins\mcufinder/ => C:\Users\nsorr\.stmcufinder\plugins\mcufinder
2025-11-30 11:52:31,408 [WARN] DbFile:41 - Overriding database path with different value: C:\Users\nsorr\.stmcufinder\plugins\mcufinder/ => C:\Users\nsorr\.stmcufinder\plugins\mcufinder
2025-11-30 11:52:31,410 [INFO] CrossReferenceDbSqlite:203 - Set database path to: C:\Users\nsorr\.stmcufinder\plugins\mcufinder//mcu/cs/
2025-11-30 11:52:31,458 [INFO] ApplicationProperties:184 - Using Application install path: C:\ST\STM32CubeIDE_1.19.0\STM32CubeIDE\plugins\com.st.stm32cube.common.mx_6.15.0.202507011659
2025-11-30 11:52:31,462 [INFO] PluginManage:196 - Search for loadable plugins [exclusion list=, ]
2025-11-30 11:52:31,466 [INFO] PluginManage:310 - Check plugin analytics
2025-11-30 11:52:32,176 [INFO] AnalyticsPlugin:253 - Accepted Software Licenses: STM32CubeMX.6.15.0
2025-11-30 11:52:32,178 [INFO] AnalyticsPlugin:255 - Accepted CMSIS Pack Licenses: 
2025-11-30 11:52:32,179 [INFO] AnalyticsPlugin:257 - Accepted Firmware Licenses: 
2025-11-30 11:52:32,183 [INFO] PluginManage:359 - Loaded plugin analytics (category:tool,tabindex:-1)
2025-11-30 11:52:32,186 [INFO] PluginManage:310 - Check plugin cadmodel
2025-11-30 11:52:32,196 [INFO] CADModel:105 - Init CAD model plugin
2025-11-30 11:52:32,196 [INFO] PluginManage:359 - Loaded plugin cadmodel (category:power,tabindex:5)
2025-11-30 11:52:32,197 [INFO] PluginManage:310 - Check plugin clock
2025-11-30 11:52:32,215 [INFO] PluginManage:359 - Loaded plugin clock (category:base,tabindex:2)
2025-11-30 11:52:32,215 [INFO] PluginManage:310 - Check plugin ddr
2025-11-30 11:52:32,220 [INFO] PluginManage:359 - Loaded plugin ddr (category:tool,tabindex:6)
2025-11-30 11:52:32,221 [INFO] PluginManage:310 - Check plugin filemanager
2025-11-30 11:52:32,524 [INFO] PluginManage:359 - Loaded plugin filemanager (category:base,tabindex:10)
2025-11-30 11:52:32,524 [INFO] PluginManage:310 - Check plugin ipmanager
2025-11-30 11:52:32,542 [INFO] PluginManage:359 - Loaded plugin ipmanager (category:base,tabindex:5)
2025-11-30 11:52:32,543 [INFO] PluginManage:310 - Check plugin lpbam
2025-11-30 11:52:32,565 [INFO] PluginManage:359 - Loaded plugin lpbam (category:base,tabindex:0)
2025-11-30 11:52:32,566 [INFO] PluginManage:310 - Check plugin memorymap
2025-11-30 11:52:32,600 [INFO] PluginManage:359 - Loaded plugin memorymap (category:base,tabindex:4)
2025-11-30 11:52:32,600 [INFO] PluginManage:310 - Check plugin pinoutandconfiguration
2025-11-30 11:52:32,625 [INFO] PluginManage:359 - Loaded plugin pinoutandconfiguration (category:base,tabindex:1)
2025-11-30 11:52:32,625 [INFO] PluginManage:310 - Check plugin pinoutconfig
2025-11-30 11:52:32,899 [WARN] SupportedApi:132 - Cannot load RTOS API schema: s4s-elt-must-match.1: The content of 'definitions' must match (annotation?, (simpleType | complexType)?, (unique | key | keyref)*)). A problem was found starting at: attribute.
2025-11-30 11:52:33,192 [INFO] PluginManage:359 - Loaded plugin pinoutconfig (category:base,tabindex:0)
2025-11-30 11:52:33,192 [INFO] PluginManage:310 - Check plugin power
2025-11-30 11:52:33,246 [INFO] PluginManage:359 - Loaded plugin power (category:power,tabindex:4)
2025-11-30 11:52:33,246 [INFO] PluginManage:310 - Check plugin projectmanager
2025-11-30 11:52:33,304 [INFO] PluginManage:359 - Loaded plugin projectmanager (category:projectmanager,tabindex:4)
2025-11-30 11:52:33,306 [INFO] PluginManage:310 - Check plugin rif
2025-11-30 11:52:33,324 [INFO] PluginManage:359 - Loaded plugin rif (category:base,tabindex:3)
2025-11-30 11:52:33,326 [INFO] PluginManage:310 - Check plugin thirdparty
2025-11-30 11:52:33,626 [INFO] PluginManage:359 - Loaded plugin thirdparty (category:base,tabindex:-1)
2025-11-30 11:52:33,626 [INFO] PluginManage:310 - Check plugin tools
2025-11-30 11:52:33,626 [WARN] IntegrityCheckThread:84 - waiting for thirdparty lock release [integrity check]
2025-11-30 11:52:33,627 [INFO] IntegrityCheckThread:86 - entering critical section [integrity check]
2025-11-30 11:52:33,627 [INFO] ThirdPartyUpdaterWithRetryManager:70 - Updater plugin not ready yet. [1/15]
2025-11-30 11:52:33,630 [INFO] PluginManage:359 - Loaded plugin tools (category:base,tabindex:7)
2025-11-30 11:52:33,630 [INFO] PluginManage:310 - Check plugin tutovideos
2025-11-30 11:52:34,100 [INFO] PluginManage:359 - Loaded plugin tutovideos (category:base,tabindex:-1)
2025-11-30 11:52:34,100 [INFO] PluginManage:310 - Check plugin updater
2025-11-30 11:52:34,161 [INFO] PluginManage:359 - Loaded plugin updater (category:base,tabindex:12)
2025-11-30 11:52:34,161 [INFO] PluginManage:310 - Check plugin userauth
2025-11-30 11:52:34,170 [INFO] UserAuth:118 - Init User Auth plugin
2025-11-30 11:52:34,172 [INFO] PluginManage:359 - Loaded plugin userauth (category:base,tabindex:14)
2025-11-30 11:52:34,174 [INFO] PluginManage:283 - PluginManage : Loaded plugins [18]
2025-11-30 11:52:34,731 [INFO] PinOutPanel:1589 - setPackage(No Configuration,No Configuration)
2025-11-30 11:52:34,906 [INFO] CADModel:165 - CPN selected for project level
2025-11-30 11:52:34,906 [INFO] CADModel:114 - Register for checkConnection events
2025-11-30 11:52:34,947 [INFO] IPUIPlugin:80 - create IPUIPlugin
2025-11-30 11:52:34,948 [INFO] PluginManager:220 - loadIPPluginJar : add adc
2025-11-30 11:52:34,955 [INFO] IPUIPlugin:80 - create IPUIPlugin
2025-11-30 11:52:34,956 [INFO] PluginManager:220 - loadIPPluginJar : add aes
2025-11-30 11:52:34,961 [INFO] IPUIPlugin:80 - create IPUIPlugin
2025-11-30 11:52:34,962 [INFO] PluginManager:220 - loadIPPluginJar : add can
2025-11-30 11:52:34,966 [INFO] IPUIPlugin:80 - create IPUIPlugin
2025-11-30 11:52:34,967 [INFO] PluginManager:220 - loadIPPluginJar : add comp
2025-11-30 11:52:34,973 [INFO] IPUIPlugin:80 - create IPUIPlugin
2025-11-30 11:52:34,973 [INFO] PluginManager:220 - loadIPPluginJar : add cryp
2025-11-30 11:52:34,981 [INFO] IPUIPlugin:80 - create IPUIPlugin
2025-11-30 11:52:34,981 [INFO] PluginManager:220 - loadIPPluginJar : add ddr_ctrl_phy
2025-11-30 11:52:34,989 [INFO] IPUIPlugin:80 - create IPUIPlugin
2025-11-30 11:52:34,990 [INFO] PluginManager:220 - loadIPPluginJar : add dfsdm
2025-11-30 11:52:35,000 [INFO] IPUIPlugin:80 - create IPUIPlugin
2025-11-30 11:52:35,000 [INFO] PluginManager:220 - loadIPPluginJar : add dma
2025-11-30 11:52:35,008 [INFO] IPUIPlugin:80 - create IPUIPlugin
2025-11-30 11:52:35,008 [INFO] PluginManager:220 - loadIPPluginJar : add dma3
2025-11-30 11:52:35,017 [INFO] IPUIPlugin:80 - create IPUIPlugin
2025-11-30 11:52:35,017 [INFO] PluginManager:220 - loadIPPluginJar : add extmemmanager
2025-11-30 11:52:35,022 [INFO] IPUIPlugin:80 - create IPUIPlugin
2025-11-30 11:52:35,022 [INFO] PluginManager:220 - loadIPPluginJar : add fatfs
2025-11-30 11:52:35,037 [INFO] IPUIPlugin:80 - create IPUIPlugin
2025-11-30 11:52:35,037 [INFO] PluginManager:220 - loadIPPluginJar : add fmc
2025-11-30 11:52:35,057 [INFO] IPUIPlugin:80 - create IPUIPlugin
2025-11-30 11:52:35,057 [INFO] PluginManager:220 - loadIPPluginJar : add freertos
2025-11-30 11:52:35,061 [INFO] IPUIPlugin:80 - create IPUIPlugin
2025-11-30 11:52:35,061 [INFO] PluginManager:220 - loadIPPluginJar : add genericplugin
2025-11-30 11:52:35,069 [INFO] IPUIPlugin:80 - create IPUIPlugin
2025-11-30 11:52:35,069 [INFO] PluginManager:220 - loadIPPluginJar : add gfxmmu
2025-11-30 11:52:35,080 [INFO] IPUIPlugin:80 - create IPUIPlugin
2025-11-30 11:52:35,080 [INFO] PluginManager:220 - loadIPPluginJar : add gic
2025-11-30 11:52:35,088 [INFO] IPUIPlugin:80 - create IPUIPlugin
2025-11-30 11:52:35,088 [INFO] PluginManager:220 - loadIPPluginJar : add gpio
2025-11-30 11:52:35,093 [INFO] IPUIPlugin:80 - create IPUIPlugin
2025-11-30 11:52:35,093 [INFO] PluginManager:220 - loadIPPluginJar : add gtzc
2025-11-30 11:52:35,100 [INFO] IPUIPlugin:80 - create IPUIPlugin
2025-11-30 11:52:35,100 [INFO] PluginManager:220 - loadIPPluginJar : add hash
2025-11-30 11:52:35,109 [INFO] IPUIPlugin:80 - create IPUIPlugin
2025-11-30 11:52:35,109 [INFO] PluginManager:220 - loadIPPluginJar : add i2c
2025-11-30 11:52:35,117 [INFO] IPUIPlugin:80 - create IPUIPlugin
2025-11-30 11:52:35,117 [INFO] PluginManager:220 - loadIPPluginJar : add i2s
2025-11-30 11:52:35,127 [INFO] IPUIPlugin:80 - create IPUIPlugin
2025-11-30 11:52:35,127 [INFO] PluginManager:220 - loadIPPluginJar : add i3c
2025-11-30 11:52:35,136 [INFO] IPUIPlugin:80 - create IPUIPlugin
2025-11-30 11:52:35,137 [INFO] PluginManager:220 - loadIPPluginJar : add ipddr
2025-11-30 11:52:35,150 [INFO] IPUIPlugin:80 - create IPUIPlugin
2025-11-30 11:52:35,151 [INFO] PluginManager:220 - loadIPPluginJar : add linkedlist
2025-11-30 11:52:35,158 [INFO] IPUIPlugin:80 - create IPUIPlugin
2025-11-30 11:52:35,159 [INFO] PluginManager:220 - loadIPPluginJar : add lorawan
2025-11-30 11:52:35,163 [INFO] IPUIPlugin:80 - create IPUIPlugin
2025-11-30 11:52:35,163 [INFO] PluginManager:220 - loadIPPluginJar : add ltdc
2025-11-30 11:52:35,181 [INFO] IPUIPlugin:80 - create IPUIPlugin
2025-11-30 11:52:35,182 [INFO] PluginManager:220 - loadIPPluginJar : add mdma
2025-11-30 11:52:35,192 [INFO] IPUIPlugin:80 - create IPUIPlugin
2025-11-30 11:52:35,192 [INFO] PluginManager:220 - loadIPPluginJar : add nvic
2025-11-30 11:52:35,201 [INFO] IPUIPlugin:80 - create IPUIPlugin
2025-11-30 11:52:35,202 [INFO] PluginManager:220 - loadIPPluginJar : add opamp
2025-11-30 11:52:35,207 [INFO] IPUIPlugin:80 - create IPUIPlugin
2025-11-30 11:52:35,208 [INFO] PluginManager:220 - loadIPPluginJar : add openamp
2025-11-30 11:52:35,215 [INFO] IPUIPlugin:80 - create IPUIPlugin
2025-11-30 11:52:35,215 [INFO] PluginManager:220 - loadIPPluginJar : add pdm2pcm
2025-11-30 11:52:35,226 [INFO] IPUIPlugin:80 - create IPUIPlugin
2025-11-30 11:52:35,230 [INFO] PluginManager:220 - loadIPPluginJar : add plateformsettings
2025-11-30 11:52:35,235 [INFO] IPUIPlugin:80 - create IPUIPlugin
2025-11-30 11:52:35,235 [INFO] PluginManager:220 - loadIPPluginJar : add quadspi
2025-11-30 11:52:35,238 [INFO] IPUIPlugin:80 - create IPUIPlugin
2025-11-30 11:52:35,240 [INFO] PluginManager:220 - loadIPPluginJar : add radio
2025-11-30 11:52:35,246 [INFO] IPUIPlugin:80 - create IPUIPlugin
2025-11-30 11:52:35,247 [INFO] PluginManager:220 - loadIPPluginJar : add resmgrutility
2025-11-30 11:52:35,253 [INFO] IPUIPlugin:80 - create IPUIPlugin
2025-11-30 11:52:35,254 [INFO] PluginManager:220 - loadIPPluginJar : add sai
2025-11-30 11:52:35,260 [INFO] IPUIPlugin:80 - create IPUIPlugin
2025-11-30 11:52:35,260 [INFO] PluginManager:220 - loadIPPluginJar : add spi
2025-11-30 11:52:35,272 [INFO] IPUIPlugin:80 - create IPUIPlugin
2025-11-30 11:52:35,272 [INFO] PluginManager:220 - loadIPPluginJar : add stm32_wpan
2025-11-30 11:52:35,277 [INFO] IPUIPlugin:80 - create IPUIPlugin
2025-11-30 11:52:35,277 [INFO] PluginManager:220 - loadIPPluginJar : add tim
2025-11-30 11:52:35,282 [INFO] IPUIPlugin:80 - create IPUIPlugin
2025-11-30 11:52:35,283 [INFO] PluginManager:220 - loadIPPluginJar : add touchsensing
2025-11-30 11:52:35,287 [INFO] IPUIPlugin:80 - create IPUIPlugin
2025-11-30 11:52:35,287 [INFO] PluginManager:220 - loadIPPluginJar : add tracer_emb
2025-11-30 11:52:35,294 [INFO] IPUIPlugin:80 - create IPUIPlugin
2025-11-30 11:52:35,295 [INFO] PluginManager:220 - loadIPPluginJar : add ts
2025-11-30 11:52:35,297 [INFO] IPUIPlugin:80 - create IPUIPlugin
2025-11-30 11:52:35,298 [INFO] PluginManager:220 - loadIPPluginJar : add tsc
2025-11-30 11:52:35,301 [INFO] IPUIPlugin:80 - create IPUIPlugin
2025-11-30 11:52:35,301 [INFO] PluginManager:220 - loadIPPluginJar : add ucpd
2025-11-30 11:52:35,307 [INFO] IPUIPlugin:80 - create IPUIPlugin
2025-11-30 11:52:35,307 [INFO] PluginManager:220 - loadIPPluginJar : add usart
2025-11-30 11:52:35,314 [INFO] IPUIPlugin:80 - create IPUIPlugin
2025-11-30 11:52:35,314 [INFO] PluginManager:220 - loadIPPluginJar : add usbx
2025-11-30 11:52:35,519 [FATAL] Updater:351 - Updater called before beeing initialized
2025-11-30 11:52:35,604 [INFO] RulesReader:64 - Compatibility file has been processed (317 Rules)
2025-11-30 11:52:35,680 [INFO] RulesReader:64 - Compatibility file has been processed (317 Rules)
2025-11-30 11:52:35,748 [INFO] CADModel:165 - CPN selected for project level
2025-11-30 11:52:35,748 [INFO] CADModel:114 - Register for checkConnection events
2025-11-30 11:52:35,749 [FATAL] Updater:351 - Updater called before beeing initialized
2025-11-30 11:52:35,749 [ERROR] CADModel:125 - Updater not yet initialized, retry later 
2025-11-30 11:52:36,272 [FATAL] Updater:351 - Updater called before beeing initialized
2025-11-30 11:52:36,278 [INFO] CADModel:165 - CPN selected for project level
2025-11-30 11:52:36,278 [INFO] CADModel:114 - Register for checkConnection events
2025-11-30 11:52:36,279 [FATAL] Updater:351 - Updater called before beeing initialized
2025-11-30 11:52:36,279 [ERROR] CADModel:125 - Updater not yet initialized, retry later 
2025-11-30 11:52:36,287 [FATAL] Updater:351 - Updater called before beeing initialized
2025-11-30 11:52:36,559 [FATAL] Updater:351 - Updater called before beeing initialized
2025-11-30 11:52:36,565 [INFO] DbMcusAds:53 - JSON generation date=Tue Nov 25 11:08:32 ART 2025 (1764079712835)
2025-11-30 11:52:36,566 [FATAL] Updater:351 - Updater called before beeing initialized
2025-11-30 11:52:36,633 [INFO] ThirdPartyUpdaterWithRetryManager:70 - Updater plugin not ready yet. [2/15]
2025-11-30 11:52:36,676 [WARN] DetailPanel:346 - Failed to get advertising image, set to default
2025-11-30 11:52:36,864 [FATAL] Updater:351 - Updater called before beeing initialized
2025-11-30 11:52:36,869 [FATAL] Updater:351 - Updater called before beeing initialized
2025-11-30 11:52:36,869 [FATAL] Updater:351 - Updater called before beeing initialized
2025-11-30 11:52:36,870 [WARN] DetailPanel:346 - Failed to get advertising image, set to default
2025-11-30 11:52:36,873 [FATAL] Updater:351 - Updater called before beeing initialized
2025-11-30 11:52:36,998 [ERROR] Updater:1198 - MainUpdater not yet initialized. External WinMGr cannot be set.
2025-11-30 11:52:37,001 [INFO] Updater:1134 - Updater Version found : 6.15.0
2025-11-30 11:52:37,037 [INFO] ApplicationProperties:184 - Using Application install path: C:\ST\STM32CubeIDE_1.19.0\STM32CubeIDE\plugins\com.st.stm32cube.common.mx_6.15.0.202507011659
2025-11-30 11:52:38,661 [ERROR] LogOutputStream:75 - [STDERR_REDIRECT] Nov 30, 2025 11:52:38 AM java.util.prefs.WindowsPreferences <init>
2025-11-30 11:52:38,664 [ERROR] LogOutputStream:75 - [STDERR_REDIRECT] WARNING: Could not open/create prefs root node Software\JavaSoft\Prefs at root 0xffffffff80000002. Windows RegCreateKeyEx(...) returned error code 5.
2025-11-30 11:52:38,665 [ERROR] LogOutputStream:75 - [STDERR_REDIRECT] 
2025-11-30 11:52:39,634 [FATAL] Updater:351 - Updater called before beeing initialized
2025-11-30 11:52:39,634 [ERROR] IntegrityCheckThread:130 - Cannot retrieve database content from updater: error 21
2025-11-30 11:52:39,635 [INFO] ThirdParty:978 - Integrity check success = false
2025-11-30 11:52:39,635 [INFO] IntegrityCheckThread:100 - exiting critical section [integrity check]
2025-11-30 11:52:39,635 [INFO] IntegrityCheckThread:103 - End integrity checks thread
2025-11-30 11:52:39,839 [INFO] MainUpdater:2872 - connection check result : 10
2025-11-30 11:52:39,842 [INFO] MainUpdater:289 - Updater Check For Update Now.
2025-11-30 11:52:39,843 [INFO] MicroXplorer:498 - Change Database Version : DB.6.0.150
2025-11-30 11:52:39,882 [INFO] McuFinderGlobals:63 - Set McuFinder mode to 2 (CubeIDE integrated)
2025-11-30 11:52:39,891 [INFO] UserAuth:487 - Internet connection configuration mode: 1
2025-11-30 11:52:39,971 [INFO] JxBrowserEngine:152 - Initiate JxBrowser Engine with user profile folder
2025-11-30 11:52:40,260 [INFO] CheckServerUpdateThread:120 - End of CheckServer Thread
2025-11-30 11:52:42,904 [INFO] WebApp:169 - Instantiating new browser for Auth
2025-11-30 11:52:44,487 [INFO] WebApp:463 - Apply proxy settings
2025-11-30 11:52:44,488 [INFO] WebApp:548 - Chromium requires no authentication
2025-11-30 11:52:44,508 [INFO] WebApp:491 - Direct internet connection detected
2025-11-30 11:52:44,566 [INFO] WebApp:900 - Register for checkConnection events
2025-11-30 11:52:44,566 [INFO] WebApp:463 - Apply proxy settings
2025-11-30 11:52:44,566 [INFO] WebApp:548 - Chromium requires no authentication
2025-11-30 11:52:44,567 [INFO] WebApp:491 - Direct internet connection detected
2025-11-30 11:52:44,865 [INFO] WebApp:225 - Starting web application
2025-11-30 11:52:44,866 [INFO] WebApp:593 - Web application path used C:\ST\STM32CubeIDE_1.19.0\STM32CubeIDE\plugins\com.st.stm32cube.common.mx_6.15.0.202507011659\db\plugins\mcufinder\reactClient1\index.html
2025-11-30 11:52:45,081 [INFO] UserAuth:487 - Internet connection configuration mode: 1
2025-11-30 11:52:45,984 [INFO] WebApp:191 - Connection restablished
