2026-02-05 14:17:53,207 [ERROR] LogOutputStream:75 - [STDERR_REDIRECT] 
2026-02-05 19:41:45,797 [INFO] Activator:176 - 


2026-02-05 19:41:45,801 [INFO] Activator:177 - !SESSION log4j initialized
2026-02-05 19:42:05,085 [INFO] LogOutputStream:77 - [STDOUT_REDIRECT] 
2026-02-05 19:42:09,341 [INFO] ApplicationProperties:184 - Using Application install path: C:\ST\STM32CubeIDE_1.19.0\STM32CubeIDE\plugins\com.st.stm32cube.common.mx_6.15.0.202507011659
2026-02-05 19:42:09,500 [INFO] DbMcusXml:78 - Set database path to: C:\ST\STM32CubeIDE_1.19.0\STM32CubeIDE\plugins\com.st.stm32cube.common.mx_6.15.0.202507011659\\db\/mcu/
2026-02-05 19:42:09,501 [INFO] ApiDb:274 - Set plugin database path to: C:\ST\STM32CubeIDE_1.19.0\STM32CubeIDE\plugins\com.st.stm32cube.common.mx_6.15.0.202507011659\\db\/plugins/boardmanager/
2026-02-05 19:42:09,501 [WARN] ApiDb:259 - Overriding images path with different value:  => C:\ST\STM32CubeIDE_1.19.0\STM32CubeIDE\plugins\com.st.stm32cube.common.mx_6.15.0.202507011659\\db\/plugins/mcufinder/images/
2026-02-05 19:42:09,544 [INFO] ApiDb:250 - Set database path to: C:\Users\nsorr\.stmcufinder\plugins\mcufinder//mcu/
2026-02-05 19:42:09,550 [INFO] DbMcusAds:125 - Set database path to: C:\Users\nsorr\.stmcufinder\plugins\mcufinder//mcu/
2026-02-05 19:42:09,569 [INFO] CrossReferenceDbSqlite:203 - Set database path to: C:\Users\nsorr\.stmcufinder\plugins\mcufinder//mcu/cs/
2026-02-05 19:42:10,566 [INFO] RulesReader:64 - Compatibility file has been processed (317 Rules)
2026-02-05 19:42:11,015 [INFO] DbMcusXml:78 - Set database path to: C:\ST\STM32CubeIDE_1.19.0\STM32CubeIDE\plugins\com.st.stm32cube.common.mx_6.15.0.202507011659\\db\/mcu/
2026-02-05 19:42:11,015 [INFO] ApiDb:274 - Set plugin database path to: C:\ST\STM32CubeIDE_1.19.0\STM32CubeIDE\plugins\com.st.stm32cube.common.mx_6.15.0.202507011659\\db\/plugins/boardmanager/
2026-02-05 19:42:11,015 [INFO] ApiDb:261 - Set plugin images path to: C:\ST\STM32CubeIDE_1.19.0\STM32CubeIDE\plugins\com.st.stm32cube.common.mx_6.15.0.202507011659\\db\/plugins/mcufinder/images/
2026-02-05 19:42:11,016 [WARN] DbFile:41 - Overriding database path with different value: C:\Users\nsorr\.stmcufinder\plugins\mcufinder/ => C:\Users\nsorr\.stmcufinder\plugins\mcufinder
2026-02-05 19:42:11,016 [INFO] ApiDb:250 - Set database path to: C:\Users\nsorr\.stmcufinder\plugins\mcufinder//mcu/
2026-02-05 19:42:11,016 [WARN] DbFile:41 - Overriding database path with different value: C:\Users\nsorr\.stmcufinder\plugins\mcufinder/ => C:\Users\nsorr\.stmcufinder\plugins\mcufinder
2026-02-05 19:42:11,016 [INFO] DbMcusAds:125 - Set database path to: C:\Users\nsorr\.stmcufinder\plugins\mcufinder//mcu/
2026-02-05 19:42:11,017 [WARN] DbFile:41 - Overriding database path with different value: C:\Users\nsorr\.stmcufinder\plugins\mcufinder/ => C:\Users\nsorr\.stmcufinder\plugins\mcufinder
2026-02-05 19:42:11,017 [WARN] DbFile:41 - Overriding database path with different value: C:\Users\nsorr\.stmcufinder\plugins\mcufinder/ => C:\Users\nsorr\.stmcufinder\plugins\mcufinder
2026-02-05 19:42:11,017 [INFO] CrossReferenceDbSqlite:203 - Set database path to: C:\Users\nsorr\.stmcufinder\plugins\mcufinder//mcu/cs/
2026-02-05 19:42:11,334 [INFO] MainPanel:274 - HeapMemory: 271581184
2026-02-05 19:42:11,617 [INFO] DbMcusXml:78 - Set database path to: C:\ST\STM32CubeIDE_1.19.0\STM32CubeIDE\plugins\com.st.stm32cube.common.mx_6.15.0.202507011659\\db\/mcu/
2026-02-05 19:42:11,617 [INFO] ApiDb:274 - Set plugin database path to: C:\ST\STM32CubeIDE_1.19.0\STM32CubeIDE\plugins\com.st.stm32cube.common.mx_6.15.0.202507011659\\db\/plugins/boardmanager/
2026-02-05 19:42:11,618 [INFO] ApiDb:261 - Set plugin images path to: C:\ST\STM32CubeIDE_1.19.0\STM32CubeIDE\plugins\com.st.stm32cube.common.mx_6.15.0.202507011659\\db\/plugins/mcufinder/images/
2026-02-05 19:42:11,621 [WARN] DbFile:41 - Overriding database path with different value: C:\Users\nsorr\.stmcufinder\plugins\mcufinder/ => C:\Users\nsorr\.stmcufinder\plugins\mcufinder
2026-02-05 19:42:11,621 [INFO] ApiDb:250 - Set database path to: C:\Users\nsorr\.stmcufinder\plugins\mcufinder//mcu/
2026-02-05 19:42:11,621 [WARN] DbFile:41 - Overriding database path with different value: C:\Users\nsorr\.stmcufinder\plugins\mcufinder/ => C:\Users\nsorr\.stmcufinder\plugins\mcufinder
2026-02-05 19:42:11,621 [INFO] DbMcusAds:125 - Set database path to: C:\Users\nsorr\.stmcufinder\plugins\mcufinder//mcu/
2026-02-05 19:42:11,623 [WARN] DbFile:41 - Overriding database path with different value: C:\Users\nsorr\.stmcufinder\plugins\mcufinder/ => C:\Users\nsorr\.stmcufinder\plugins\mcufinder
2026-02-05 19:42:11,623 [WARN] DbFile:41 - Overriding database path with different value: C:\Users\nsorr\.stmcufinder\plugins\mcufinder/ => C:\Users\nsorr\.stmcufinder\plugins\mcufinder
2026-02-05 19:42:11,623 [INFO] CrossReferenceDbSqlite:203 - Set database path to: C:\Users\nsorr\.stmcufinder\plugins\mcufinder//mcu/cs/
2026-02-05 19:42:11,661 [INFO] ApplicationProperties:184 - Using Application install path: C:\ST\STM32CubeIDE_1.19.0\STM32CubeIDE\plugins\com.st.stm32cube.common.mx_6.15.0.202507011659
2026-02-05 19:42:11,664 [INFO] PluginManage:196 - Search for loadable plugins [exclusion list=, ]
2026-02-05 19:42:11,670 [INFO] PluginManage:310 - Check plugin analytics
2026-02-05 19:42:12,468 [INFO] AnalyticsPlugin:253 - Accepted Software Licenses: STM32CubeMX.6.15.0
2026-02-05 19:42:12,468 [INFO] AnalyticsPlugin:255 - Accepted CMSIS Pack Licenses: 
2026-02-05 19:42:12,470 [INFO] AnalyticsPlugin:257 - Accepted Firmware Licenses: 
2026-02-05 19:42:12,484 [INFO] PluginManage:359 - Loaded plugin analytics (category:tool,tabindex:-1)
2026-02-05 19:42:12,486 [INFO] PluginManage:310 - Check plugin cadmodel
2026-02-05 19:42:12,504 [INFO] CADModel:105 - Init CAD model plugin
2026-02-05 19:42:12,505 [INFO] PluginManage:359 - Loaded plugin cadmodel (category:power,tabindex:5)
2026-02-05 19:42:12,505 [INFO] PluginManage:310 - Check plugin clock
2026-02-05 19:42:12,530 [INFO] PluginManage:359 - Loaded plugin clock (category:base,tabindex:2)
2026-02-05 19:42:12,530 [INFO] PluginManage:310 - Check plugin ddr
2026-02-05 19:42:12,535 [INFO] PluginManage:359 - Loaded plugin ddr (category:tool,tabindex:6)
2026-02-05 19:42:12,535 [INFO] PluginManage:310 - Check plugin filemanager
2026-02-05 19:42:12,966 [INFO] PluginManage:359 - Loaded plugin filemanager (category:base,tabindex:10)
2026-02-05 19:42:12,966 [INFO] PluginManage:310 - Check plugin ipmanager
2026-02-05 19:42:12,981 [INFO] PluginManage:359 - Loaded plugin ipmanager (category:base,tabindex:5)
2026-02-05 19:42:12,981 [INFO] PluginManage:310 - Check plugin lpbam
2026-02-05 19:42:12,998 [INFO] PluginManage:359 - Loaded plugin lpbam (category:base,tabindex:0)
2026-02-05 19:42:12,999 [INFO] PluginManage:310 - Check plugin memorymap
2026-02-05 19:42:13,047 [INFO] PluginManage:359 - Loaded plugin memorymap (category:base,tabindex:4)
2026-02-05 19:42:13,047 [INFO] PluginManage:310 - Check plugin pinoutandconfiguration
2026-02-05 19:42:13,068 [INFO] PluginManage:359 - Loaded plugin pinoutandconfiguration (category:base,tabindex:1)
2026-02-05 19:42:13,069 [INFO] PluginManage:310 - Check plugin pinoutconfig
2026-02-05 19:42:13,283 [WARN] SupportedApi:132 - Cannot load RTOS API schema: s4s-elt-must-match.1: The content of 'definitions' must match (annotation?, (simpleType | complexType)?, (unique | key | keyref)*)). A problem was found starting at: attribute.
2026-02-05 19:42:13,675 [INFO] PluginManage:359 - Loaded plugin pinoutconfig (category:base,tabindex:0)
2026-02-05 19:42:13,676 [INFO] PluginManage:310 - Check plugin power
2026-02-05 19:42:13,700 [INFO] PluginManage:359 - Loaded plugin power (category:power,tabindex:4)
2026-02-05 19:42:13,701 [INFO] PluginManage:310 - Check plugin projectmanager
2026-02-05 19:42:13,741 [INFO] PluginManage:359 - Loaded plugin projectmanager (category:projectmanager,tabindex:4)
2026-02-05 19:42:13,741 [INFO] PluginManage:310 - Check plugin rif
2026-02-05 19:42:13,766 [INFO] PluginManage:359 - Loaded plugin rif (category:base,tabindex:3)
2026-02-05 19:42:13,767 [INFO] PluginManage:310 - Check plugin thirdparty
2026-02-05 19:42:14,183 [WARN] IntegrityCheckThread:84 - waiting for thirdparty lock release [integrity check]
2026-02-05 19:42:14,183 [INFO] IntegrityCheckThread:86 - entering critical section [integrity check]
2026-02-05 19:42:14,184 [INFO] ThirdPartyUpdaterWithRetryManager:70 - Updater plugin not ready yet. [1/15]
2026-02-05 19:42:14,185 [INFO] PluginManage:359 - Loaded plugin thirdparty (category:base,tabindex:-1)
2026-02-05 19:42:14,185 [INFO] PluginManage:310 - Check plugin tools
2026-02-05 19:42:14,197 [INFO] PluginManage:359 - Loaded plugin tools (category:base,tabindex:7)
2026-02-05 19:42:14,197 [INFO] PluginManage:310 - Check plugin tutovideos
2026-02-05 19:42:14,702 [INFO] PluginManage:359 - Loaded plugin tutovideos (category:base,tabindex:-1)
2026-02-05 19:42:14,702 [INFO] PluginManage:310 - Check plugin updater
2026-02-05 19:42:14,773 [INFO] PluginManage:359 - Loaded plugin updater (category:base,tabindex:12)
2026-02-05 19:42:14,774 [INFO] PluginManage:310 - Check plugin userauth
2026-02-05 19:42:14,781 [INFO] UserAuth:118 - Init User Auth plugin
2026-02-05 19:42:14,783 [INFO] PluginManage:359 - Loaded plugin userauth (category:base,tabindex:14)
2026-02-05 19:42:14,784 [INFO] PluginManage:283 - PluginManage : Loaded plugins [18]
2026-02-05 19:42:15,297 [INFO] PinOutPanel:1589 - setPackage(No Configuration,No Configuration)
2026-02-05 19:42:15,475 [INFO] CADModel:165 - CPN selected for project level
2026-02-05 19:42:15,475 [INFO] CADModel:114 - Register for checkConnection events
2026-02-05 19:42:15,507 [INFO] IPUIPlugin:80 - create IPUIPlugin
2026-02-05 19:42:15,507 [INFO] PluginManager:220 - loadIPPluginJar : add adc
2026-02-05 19:42:15,510 [INFO] IPUIPlugin:80 - create IPUIPlugin
2026-02-05 19:42:15,511 [INFO] PluginManager:220 - loadIPPluginJar : add aes
2026-02-05 19:42:15,516 [INFO] IPUIPlugin:80 - create IPUIPlugin
2026-02-05 19:42:15,516 [INFO] PluginManager:220 - loadIPPluginJar : add can
2026-02-05 19:42:15,519 [INFO] IPUIPlugin:80 - create IPUIPlugin
2026-02-05 19:42:15,519 [INFO] PluginManager:220 - loadIPPluginJar : add comp
2026-02-05 19:42:15,526 [INFO] IPUIPlugin:80 - create IPUIPlugin
2026-02-05 19:42:15,526 [INFO] PluginManager:220 - loadIPPluginJar : add cryp
2026-02-05 19:42:15,534 [INFO] IPUIPlugin:80 - create IPUIPlugin
2026-02-05 19:42:15,534 [INFO] PluginManager:220 - loadIPPluginJar : add ddr_ctrl_phy
2026-02-05 19:42:15,540 [INFO] IPUIPlugin:80 - create IPUIPlugin
2026-02-05 19:42:15,541 [INFO] PluginManager:220 - loadIPPluginJar : add dfsdm
2026-02-05 19:42:15,553 [INFO] IPUIPlugin:80 - create IPUIPlugin
2026-02-05 19:42:15,554 [INFO] PluginManager:220 - loadIPPluginJar : add dma
2026-02-05 19:42:15,562 [INFO] IPUIPlugin:80 - create IPUIPlugin
2026-02-05 19:42:15,563 [INFO] PluginManager:220 - loadIPPluginJar : add dma3
2026-02-05 19:42:15,570 [INFO] IPUIPlugin:80 - create IPUIPlugin
2026-02-05 19:42:15,570 [INFO] PluginManager:220 - loadIPPluginJar : add extmemmanager
2026-02-05 19:42:15,574 [INFO] IPUIPlugin:80 - create IPUIPlugin
2026-02-05 19:42:15,574 [INFO] PluginManager:220 - loadIPPluginJar : add fatfs
2026-02-05 19:42:15,583 [INFO] IPUIPlugin:80 - create IPUIPlugin
2026-02-05 19:42:15,583 [INFO] PluginManager:220 - loadIPPluginJar : add fmc
2026-02-05 19:42:15,590 [INFO] IPUIPlugin:80 - create IPUIPlugin
2026-02-05 19:42:15,591 [INFO] PluginManager:220 - loadIPPluginJar : add freertos
2026-02-05 19:42:15,593 [INFO] IPUIPlugin:80 - create IPUIPlugin
2026-02-05 19:42:15,593 [INFO] PluginManager:220 - loadIPPluginJar : add genericplugin
2026-02-05 19:42:15,597 [INFO] IPUIPlugin:80 - create IPUIPlugin
2026-02-05 19:42:15,598 [INFO] PluginManager:220 - loadIPPluginJar : add gfxmmu
2026-02-05 19:42:15,605 [INFO] IPUIPlugin:80 - create IPUIPlugin
2026-02-05 19:42:15,606 [INFO] PluginManager:220 - loadIPPluginJar : add gic
2026-02-05 19:42:15,613 [INFO] IPUIPlugin:80 - create IPUIPlugin
2026-02-05 19:42:15,614 [INFO] PluginManager:220 - loadIPPluginJar : add gpio
2026-02-05 19:42:15,620 [INFO] IPUIPlugin:80 - create IPUIPlugin
2026-02-05 19:42:15,620 [INFO] PluginManager:220 - loadIPPluginJar : add gtzc
2026-02-05 19:42:15,623 [INFO] IPUIPlugin:80 - create IPUIPlugin
2026-02-05 19:42:15,623 [INFO] PluginManager:220 - loadIPPluginJar : add hash
2026-02-05 19:42:15,629 [INFO] IPUIPlugin:80 - create IPUIPlugin
2026-02-05 19:42:15,629 [INFO] PluginManager:220 - loadIPPluginJar : add i2c
2026-02-05 19:42:15,633 [INFO] IPUIPlugin:80 - create IPUIPlugin
2026-02-05 19:42:15,634 [INFO] PluginManager:220 - loadIPPluginJar : add i2s
2026-02-05 19:42:15,640 [INFO] IPUIPlugin:80 - create IPUIPlugin
2026-02-05 19:42:15,640 [INFO] PluginManager:220 - loadIPPluginJar : add i3c
2026-02-05 19:42:15,648 [INFO] IPUIPlugin:80 - create IPUIPlugin
2026-02-05 19:42:15,648 [INFO] PluginManager:220 - loadIPPluginJar : add ipddr
2026-02-05 19:42:15,659 [INFO] IPUIPlugin:80 - create IPUIPlugin
2026-02-05 19:42:15,659 [INFO] PluginManager:220 - loadIPPluginJar : add linkedlist
2026-02-05 19:42:15,664 [INFO] IPUIPlugin:80 - create IPUIPlugin
2026-02-05 19:42:15,664 [INFO] PluginManager:220 - loadIPPluginJar : add lorawan
2026-02-05 19:42:15,667 [INFO] IPUIPlugin:80 - create IPUIPlugin
2026-02-05 19:42:15,668 [INFO] PluginManager:220 - loadIPPluginJar : add ltdc
2026-02-05 19:42:15,680 [INFO] IPUIPlugin:80 - create IPUIPlugin
2026-02-05 19:42:15,681 [INFO] PluginManager:220 - loadIPPluginJar : add mdma
2026-02-05 19:42:15,689 [INFO] IPUIPlugin:80 - create IPUIPlugin
2026-02-05 19:42:15,690 [INFO] PluginManager:220 - loadIPPluginJar : add nvic
2026-02-05 19:42:15,696 [INFO] IPUIPlugin:80 - create IPUIPlugin
2026-02-05 19:42:15,696 [INFO] PluginManager:220 - loadIPPluginJar : add opamp
2026-02-05 19:42:15,702 [INFO] IPUIPlugin:80 - create IPUIPlugin
2026-02-05 19:42:15,703 [INFO] PluginManager:220 - loadIPPluginJar : add openamp
2026-02-05 19:42:15,708 [INFO] IPUIPlugin:80 - create IPUIPlugin
2026-02-05 19:42:15,708 [INFO] PluginManager:220 - loadIPPluginJar : add pdm2pcm
2026-02-05 19:42:15,720 [INFO] IPUIPlugin:80 - create IPUIPlugin
2026-02-05 19:42:15,727 [INFO] PluginManager:220 - loadIPPluginJar : add plateformsettings
2026-02-05 19:42:15,731 [INFO] IPUIPlugin:80 - create IPUIPlugin
2026-02-05 19:42:15,732 [INFO] PluginManager:220 - loadIPPluginJar : add quadspi
2026-02-05 19:42:15,735 [INFO] IPUIPlugin:80 - create IPUIPlugin
2026-02-05 19:42:15,736 [INFO] PluginManager:220 - loadIPPluginJar : add radio
2026-02-05 19:42:15,745 [INFO] IPUIPlugin:80 - create IPUIPlugin
2026-02-05 19:42:15,745 [INFO] PluginManager:220 - loadIPPluginJar : add resmgrutility
2026-02-05 19:42:15,753 [INFO] IPUIPlugin:80 - create IPUIPlugin
2026-02-05 19:42:15,753 [INFO] PluginManager:220 - loadIPPluginJar : add sai
2026-02-05 19:42:15,764 [INFO] IPUIPlugin:80 - create IPUIPlugin
2026-02-05 19:42:15,765 [INFO] PluginManager:220 - loadIPPluginJar : add spi
2026-02-05 19:42:15,779 [INFO] IPUIPlugin:80 - create IPUIPlugin
2026-02-05 19:42:15,783 [INFO] PluginManager:220 - loadIPPluginJar : add stm32_wpan
2026-02-05 19:42:15,790 [INFO] IPUIPlugin:80 - create IPUIPlugin
2026-02-05 19:42:15,790 [INFO] PluginManager:220 - loadIPPluginJar : add tim
2026-02-05 19:42:15,798 [INFO] IPUIPlugin:80 - create IPUIPlugin
2026-02-05 19:42:15,798 [INFO] PluginManager:220 - loadIPPluginJar : add touchsensing
2026-02-05 19:42:15,803 [INFO] IPUIPlugin:80 - create IPUIPlugin
2026-02-05 19:42:15,804 [INFO] PluginManager:220 - loadIPPluginJar : add tracer_emb
2026-02-05 19:42:15,808 [INFO] IPUIPlugin:80 - create IPUIPlugin
2026-02-05 19:42:15,808 [INFO] PluginManager:220 - loadIPPluginJar : add ts
2026-02-05 19:42:15,812 [INFO] IPUIPlugin:80 - create IPUIPlugin
2026-02-05 19:42:15,812 [INFO] PluginManager:220 - loadIPPluginJar : add tsc
2026-02-05 19:42:15,816 [INFO] IPUIPlugin:80 - create IPUIPlugin
2026-02-05 19:42:15,816 [INFO] PluginManager:220 - loadIPPluginJar : add ucpd
2026-02-05 19:42:15,820 [INFO] IPUIPlugin:80 - create IPUIPlugin
2026-02-05 19:42:15,820 [INFO] PluginManager:220 - loadIPPluginJar : add usart
2026-02-05 19:42:15,826 [INFO] IPUIPlugin:80 - create IPUIPlugin
2026-02-05 19:42:15,827 [INFO] PluginManager:220 - loadIPPluginJar : add usbx
2026-02-05 19:42:16,013 [FATAL] Updater:351 - Updater called before beeing initialized
2026-02-05 19:42:16,084 [INFO] RulesReader:64 - Compatibility file has been processed (317 Rules)
2026-02-05 19:42:16,110 [INFO] RulesReader:64 - Compatibility file has been processed (317 Rules)
2026-02-05 19:42:16,153 [INFO] CADModel:165 - CPN selected for project level
2026-02-05 19:42:16,153 [INFO] CADModel:114 - Register for checkConnection events
2026-02-05 19:42:16,153 [FATAL] Updater:351 - Updater called before beeing initialized
2026-02-05 19:42:16,153 [ERROR] CADModel:125 - Updater not yet initialized, retry later 
2026-02-05 19:42:16,665 [FATAL] Updater:351 - Updater called before beeing initialized
2026-02-05 19:42:16,668 [INFO] CADModel:165 - CPN selected for project level
2026-02-05 19:42:16,669 [INFO] CADModel:114 - Register for checkConnection events
2026-02-05 19:42:16,669 [FATAL] Updater:351 - Updater called before beeing initialized
2026-02-05 19:42:16,669 [ERROR] CADModel:125 - Updater not yet initialized, retry later 
2026-02-05 19:42:16,677 [FATAL] Updater:351 - Updater called before beeing initialized
2026-02-05 19:42:16,916 [FATAL] Updater:351 - Updater called before beeing initialized
2026-02-05 19:42:16,924 [INFO] DbMcusAds:53 - JSON generation date=Tue Nov 25 11:08:32 ART 2025 (1764079712835)
2026-02-05 19:42:16,924 [FATAL] Updater:351 - Updater called before beeing initialized
2026-02-05 19:42:17,014 [WARN] DetailPanel:346 - Failed to get advertising image, set to default
2026-02-05 19:42:17,195 [INFO] ThirdPartyUpdaterWithRetryManager:70 - Updater plugin not ready yet. [2/15]
2026-02-05 19:42:17,201 [FATAL] Updater:351 - Updater called before beeing initialized
2026-02-05 19:42:17,203 [FATAL] Updater:351 - Updater called before beeing initialized
2026-02-05 19:42:17,203 [FATAL] Updater:351 - Updater called before beeing initialized
2026-02-05 19:42:17,203 [WARN] DetailPanel:346 - Failed to get advertising image, set to default
2026-02-05 19:42:17,205 [FATAL] Updater:351 - Updater called before beeing initialized
2026-02-05 19:42:17,311 [ERROR] Updater:1198 - MainUpdater not yet initialized. External WinMGr cannot be set.
2026-02-05 19:42:17,313 [INFO] Updater:1134 - Updater Version found : 6.15.0
2026-02-05 19:42:17,345 [INFO] ApplicationProperties:184 - Using Application install path: C:\ST\STM32CubeIDE_1.19.0\STM32CubeIDE\plugins\com.st.stm32cube.common.mx_6.15.0.202507011659
2026-02-05 19:42:18,964 [ERROR] LogOutputStream:75 - [STDERR_REDIRECT] Feb 05, 2026 7:42:18 PM java.util.prefs.WindowsPreferences <init>
2026-02-05 19:42:18,967 [ERROR] LogOutputStream:75 - [STDERR_REDIRECT] WARNING: Could not open/create prefs root node Software\JavaSoft\Prefs at root 0xffffffff80000002. Windows RegCreateKeyEx(...) returned error code 5.
2026-02-05 19:42:18,967 [ERROR] LogOutputStream:75 - [STDERR_REDIRECT] 
2026-02-05 19:42:19,848 [INFO] MainUpdater:2872 - connection check result : 10
2026-02-05 19:42:19,849 [INFO] MainUpdater:289 - Updater Check For Update Now.
2026-02-05 19:42:19,851 [INFO] MicroXplorer:498 - Change Database Version : DB.6.0.150
2026-02-05 19:42:19,877 [INFO] McuFinderGlobals:63 - Set McuFinder mode to 2 (CubeIDE integrated)
2026-02-05 19:42:19,881 [INFO] UserAuth:487 - Internet connection configuration mode: 1
2026-02-05 19:42:20,018 [INFO] JxBrowserEngine:152 - Initiate JxBrowser Engine with user profile folder
2026-02-05 19:42:20,209 [WARN] MainUpdater:1193 - Updater busy. Cannot search thirdparties
2026-02-05 19:42:20,210 [INFO] ThirdPartyUpdaterWithRetryManager:96 - Updater plugin is busy. [1/15]
2026-02-05 19:42:20,304 [INFO] CheckServerUpdateThread:120 - End of CheckServer Thread
2026-02-05 19:42:22,516 [INFO] WebApp:169 - Instantiating new browser for Auth
2026-02-05 19:42:23,894 [WARN] PackLoader:240 - Cannot read IP mode file for STMicroelectronics.FP-SNS-MOTENVWB1.1.4.0
2026-02-05 19:42:23,906 [INFO] WebApp:463 - Apply proxy settings
2026-02-05 19:42:23,906 [INFO] WebApp:548 - Chromium requires no authentication
2026-02-05 19:42:23,914 [WARN] PackLoader:240 - Cannot read IP mode file for STMicroelectronics.FP-ATR-ASTRA1.2.0.2
2026-02-05 19:42:23,926 [INFO] WebApp:491 - Direct internet connection detected
2026-02-05 19:42:23,927 [WARN] PackLoader:240 - Cannot read IP mode file for STMicroelectronics.X-CUBE-SMBUS.2.1.0
2026-02-05 19:42:23,939 [WARN] PackLoader:240 - Cannot read IP mode file for STMicroelectronics.X-CUBE-ST60.1.0.0
2026-02-05 19:42:24,009 [WARN] PackLoader:240 - Cannot read IP mode file for STMicroelectronics.X-CUBE-AZRTOS-F7.1.1.0
2026-02-05 19:42:24,028 [INFO] WebApp:900 - Register for checkConnection events
2026-02-05 19:42:24,028 [INFO] WebApp:463 - Apply proxy settings
2026-02-05 19:42:24,028 [INFO] WebApp:548 - Chromium requires no authentication
2026-02-05 19:42:24,029 [INFO] WebApp:491 - Direct internet connection detected
2026-02-05 19:42:24,031 [WARN] PackLoader:240 - Cannot read IP mode file for STMicroelectronics.FP-SNS-MOTENV1.5.1.0
2026-02-05 19:42:24,103 [WARN] PackLoader:240 - Cannot read IP mode file for Infineon.AIROC-Wi-Fi-Bluetooth-STM32.1.7.1
2026-02-05 19:42:24,196 [WARN] PackLoader:240 - Cannot read IP mode file for STMicroelectronics.X-CUBE-AZRTOS-H7.3.4.0
2026-02-05 19:42:24,209 [INFO] WebApp:191 - Connection restablished
2026-02-05 19:42:24,222 [WARN] PackLoader:240 - Cannot read IP mode file for STMicroelectronics.X-CUBE-DISPLAY.3.0.0
2026-02-05 19:42:24,306 [WARN] PackLoader:240 - Cannot read IP mode file for STMicroelectronics.X-CUBE-NFC10.1.0.0
2026-02-05 19:42:24,392 [WARN] PackLoader:240 - Cannot read IP mode file for STMicroelectronics.X-CUBE-ST60.1.1.0
2026-02-05 19:42:24,428 [WARN] PackLoader:240 - Cannot read IP mode file for emotas.I-CUBE-CANOPEN.1.3.0
2026-02-05 19:42:24,486 [WARN] PackLoader:240 - Cannot read IP mode file for STMicroelectronics.X-CUBE-GNSS1.7.1.0
2026-02-05 19:42:24,552 [WARN] PackLoader:240 - Cannot read IP mode file for STMicroelectronics.FP-SNS-STBOX1.2.1.0
2026-02-05 19:42:24,572 [WARN] PackLoader:240 - Cannot read IP mode file for STMicroelectronics.FP-SNS-SMARTAG2.1.2.0
2026-02-05 19:42:24,586 [WARN] PackLoader:240 - Cannot read IP mode file for STMicroelectronics.FP-SNS-FLIGHT1.5.1.0
2026-02-05 19:42:24,607 [INFO] LogOutputStream:77 - [STDOUT_REDIRECT] 1 : Invalid condition id : UX_CORESTACK_Condition cause : null
2026-02-05 19:42:24,610 [INFO] LogOutputStream:77 - [STDOUT_REDIRECT] 1 : Invalid condition id : UX_CORESTACK_Condition cause : null
2026-02-05 19:42:24,612 [INFO] LogOutputStream:77 - [STDOUT_REDIRECT] 1 : Invalid condition id : UX_CORESTACK_Condition cause : null
2026-02-05 19:42:24,615 [INFO] LogOutputStream:77 - [STDOUT_REDIRECT] 1 : Invalid condition id : UX_CORESTACK_Condition cause : null
2026-02-05 19:42:24,617 [INFO] LogOutputStream:77 - [STDOUT_REDIRECT] 1 : Invalid condition id : UX_CORESTACK_Condition cause : null
2026-02-05 19:42:24,622 [WARN] PackLoader:240 - Cannot read IP mode file for STMicroelectronics.X-CUBE-AZRTOS-WL.2.0.0
2026-02-05 19:42:24,629 [WARN] PackLoader:240 - Cannot read IP mode file for STMicroelectronics.FP-SNS-MOTENV1.5.0.0
2026-02-05 19:42:24,669 [WARN] PackLoader:240 - Cannot read IP mode file for STMicroelectronics.X-CUBE-AZRTOS-H7RS.1.2.0
2026-02-05 19:42:24,698 [WARN] PackLoader:240 - Cannot read IP mode file for WES.I-CUBE-Cesium.1.3.0
2026-02-05 19:42:24,710 [WARN] PackLoader:240 - Cannot read IP mode file for STMicroelectronics.X-CUBE-BLE2.3.3.0
2026-02-05 19:42:24,762 [WARN] PackLoader:240 - Cannot read IP mode file for STMicroelectronics.X-CUBE-NFC9.1.0.0
2026-02-05 19:42:24,779 [WARN] PackLoader:240 - Cannot read IP mode file for wolfSSL.I-CUBE-wolfSSL.5.8.2
2026-02-05 19:42:24,789 [WARN] PackLoader:240 - Cannot read IP mode file for STMicroelectronics.X-CUBE-BLE1.7.1.0
2026-02-05 19:42:24,797 [WARN] PackLoader:240 - Cannot read IP mode file for wolfSSL.I-CUBE-wolfMQTT.1.19.2
2026-02-05 19:42:24,810 [WARN] PackLoader:240 - Cannot read IP mode file for STMicroelectronics.X-CUBE-FREERTOS.1.4.0
2026-02-05 19:42:24,824 [WARN] PackLoader:240 - Cannot read IP mode file for STMicroelectronics.X-CUBE-EEPRMA1.5.2.0
2026-02-05 19:42:24,844 [WARN] PackLoader:240 - Cannot read IP mode file for STMicroelectronics.X-CUBE-ST67W61.1.1.0
2026-02-05 19:42:24,933 [WARN] PackLoader:240 - Cannot read IP mode file for STMicroelectronics.X-CUBE-MEMS1.12.0.0
2026-02-05 19:42:25,137 [WARN] PackLoader:240 - Cannot read IP mode file for STMicroelectronics.X-CUBE-AZRTOS-G0.1.1.0
2026-02-05 19:42:25,154 [WARN] PackLoader:240 - Cannot read IP mode file for STMicroelectronics.X-CUBE-SAFEA1.1.2.2
2026-02-05 19:42:25,170 [WARN] PackLoader:240 - Cannot read IP mode file for STMicroelectronics.X-CUBE-NFC4.3.0.0
2026-02-05 19:42:25,229 [WARN] PackLoader:240 - Cannot read IP mode file for EmbeddedOffice.I-CUBE-FS-RTOS.1.0.1
2026-02-05 19:42:25,245 [WARN] PackLoader:240 - Cannot read IP mode file for STMicroelectronics.X-CUBE-WB05N.2.0.0
2026-02-05 19:42:25,256 [WARN] PackLoader:240 - Cannot read IP mode file for wolfSSL.I-CUBE-wolfTPM.3.8.0
2026-02-05 19:42:25,268 [WARN] PackLoader:240 - Cannot read IP mode file for STMicroelectronics.X-CUBE-TCPP.4.2.0
2026-02-05 19:42:25,282 [WARN] PackLoader:240 - Cannot read IP mode file for RealThread.X-CUBE-RT-Thread_Nano.4.1.1
2026-02-05 19:42:25,293 [WARN] PackLoader:240 - Cannot read IP mode file for STMicroelectronics.FP-ATR-SIGFOX1.3.2.0
2026-02-05 19:42:25,307 [WARN] PackLoader:240 - Cannot read IP mode file for ITTIA_DB.I-CUBE-ITTIADB.8.9.0
2026-02-05 19:42:25,322 [WARN] PackLoader:240 - Cannot read IP mode file for STMicroelectronics.X-CUBE-NFC6.3.2.0
2026-02-05 19:42:25,346 [WARN] PackLoader:240 - Cannot read IP mode file for STMicroelectronics.X-CUBE-ST67W61.1.0.0
2026-02-05 19:42:25,357 [WARN] PackLoader:240 - Cannot read IP mode file for STMicroelectronics.X-CUBE-AI.10.2.0
2026-02-05 19:42:25,408 [WARN] PackLoader:240 - Cannot read IP mode file for SEGGER.I-CUBE-embOS.1.3.1
2026-02-05 19:42:25,517 [WARN] PackLoader:240 - Cannot read IP mode file for STMicroelectronics.X-CUBE-ALGOBUILD.1.4.0
2026-02-05 19:42:25,595 [WARN] PackLoader:240 - Cannot read IP mode file for STMicroelectronics.X-CUBE-MEMS1.11.3.0
2026-02-05 19:42:25,858 [WARN] PackLoader:240 - Cannot read IP mode file for STMicroelectronics.X-CUBE-PM33A1.1.0.0
2026-02-05 19:42:25,906 [WARN] PackLoader:240 - Cannot read IP mode file for STMicroelectronics.X-CUBE-AZRTOS-F4.1.1.0
2026-02-05 19:42:25,921 [WARN] PackLoader:240 - Cannot read IP mode file for Avnet-IotConnect.X-CUBE-IoTC-DA16k-PMOD.1.0.0
2026-02-05 19:42:25,932 [WARN] PackLoader:240 - Cannot read IP mode file for STMicroelectronics.X-CUBE-ISPU.2.1.0
2026-02-05 19:42:26,041 [WARN] PackLoader:240 - Cannot read IP mode file for STMicroelectronics.X-CUBE-IPS.3.2.0
2026-02-05 19:42:26,122 [WARN] PackLoader:240 - Cannot read IP mode file for STMicroelectronics.X-CUBE-NFC12.1.0.0
2026-02-05 19:42:26,171 [WARN] PackLoader:240 - Cannot read IP mode file for STMicroelectronics.X-CUBE-AZRTOS-L5.2.0.0
2026-02-05 19:42:26,191 [WARN] PackLoader:240 - Cannot read IP mode file for STMicroelectronics.X-CUBE-NFC6.3.1.0
2026-02-05 19:42:26,205 [WARN] PackLoader:240 - Cannot read IP mode file for STMicroelectronics.X-CUBE-FREERTOS.1.3.1
2026-02-05 19:42:26,219 [WARN] PackLoader:240 - Cannot read IP mode file for STMicroelectronics.X-CUBE-TOUCHGFX.4.26.0
2026-02-05 19:42:26,231 [WARN] PackLoader:240 - Cannot read IP mode file for STMicroelectronics.FP-SNS-STAIOTCFT.1.0.0
2026-02-05 19:42:26,244 [WARN] PackLoader:240 - Cannot read IP mode file for STMicroelectronics.X-CUBE-DPower.1.3.0
2026-02-05 19:42:26,277 [WARN] ConditionMgr:438 - getConditionDescription Invalid condition id : LAN8742 Phy interface Condition cause : null
2026-02-05 19:42:26,279 [WARN] PackLoader:240 - Cannot read IP mode file for STMicroelectronics.X-CUBE-AZRTOS-L4.2.0.0
2026-02-05 19:42:26,282 [WARN] ConditionMgr:1044 - genDependencies : Invalid condition id : LAN8742 Phy interface Condition cause : null
2026-02-05 19:42:26,283 [WARN] ConditionMgr:1044 - genDependencies : Invalid condition id : LAN8742 Phy interface Condition cause : null
2026-02-05 19:42:26,284 [WARN] ConditionMgr:1044 - genDependencies : Invalid condition id : LAN8742 Phy interface Condition cause : null
2026-02-05 19:42:26,299 [WARN] PackLoader:240 - Cannot read IP mode file for STMicroelectronics.X-CUBE-SFXS2LP1.4.0.0
2026-02-05 19:42:26,315 [WARN] PackLoader:240 - Cannot read IP mode file for STMicroelectronics.X-CUBE-ST67W61.1.2.0
2026-02-05 19:42:26,333 [WARN] PackLoader:240 - Cannot read IP mode file for STMicroelectronics.X-CUBE-BLEMGR.4.1.0
2026-02-05 19:42:26,357 [WARN] ConditionMgr:438 - getConditionDescription Invalid condition id : UX DEVICE CLASS RTOS Condition cause : null
2026-02-05 19:42:26,357 [WARN] ConditionMgr:438 - getConditionDescription Invalid condition id : UX DEVICE CLASS RTOS Condition cause : null
2026-02-05 19:42:26,378 [WARN] PackLoader:240 - Cannot read IP mode file for STMicroelectronics.X-CUBE-AZRTOS-WB.2.0.0
2026-02-05 19:42:26,379 [WARN] ConditionMgr:1044 - genDependencies : Invalid condition id : UX DEVICE CLASS RTOS Condition cause : null
2026-02-05 19:42:26,380 [WARN] ConditionMgr:1044 - genDependencies : Invalid condition id : UX DEVICE CLASS RTOS Condition cause : null
2026-02-05 19:42:26,381 [WARN] ConditionMgr:1044 - genDependencies : Invalid condition id : UX DEVICE CLASS RTOS Condition cause : null
2026-02-05 19:42:26,381 [WARN] ConditionMgr:1044 - genDependencies : Invalid condition id : UX DEVICE CLASS RTOS Condition cause : null
2026-02-05 19:42:26,381 [WARN] ConditionMgr:1044 - genDependencies : Invalid condition id : UX DEVICE CLASS RTOS Condition cause : null
2026-02-05 19:42:26,391 [WARN] PackLoader:240 - Cannot read IP mode file for STMicroelectronics.X-CUBE-GNSS1.7.0.1
2026-02-05 19:42:26,400 [WARN] PackLoader:240 - Cannot read IP mode file for STMicroelectronics.X-CUBE-TOUCHGFX.4.25.0
2026-02-05 19:42:26,408 [WARN] ConditionMgr:438 - getConditionDescription Invalid condition id : Cortex-A Device cause : null
2026-02-05 19:42:26,422 [WARN] ConditionMgr:1044 - genDependencies : Invalid condition id : Cortex-A Device cause : null
2026-02-05 19:42:26,422 [WARN] ConditionMgr:1044 - genDependencies : Invalid condition id : Cortex-A Device cause : null
2026-02-05 19:42:26,423 [WARN] ConditionMgr:1044 - genDependencies : Invalid condition id : Cortex-A Device cause : null
2026-02-05 19:42:26,436 [WARN] PackLoader:240 - Cannot read IP mode file for STMicroelectronics.X-CUBE-STSE01.2.0.0
2026-02-05 19:42:26,453 [WARN] PackLoader:240 - Cannot read IP mode file for STMicroelectronics.X-CUBE-SUBG2.5.0.0
2026-02-05 19:42:26,486 [WARN] PackLoader:240 - Cannot read IP mode file for STMicroelectronics.X-CUBE-AZRTOS-H7RS.1.1.0
2026-02-05 19:42:26,499 [WARN] PackLoader:240 - Cannot read IP mode file for Cesanta.I-CUBE-Mongoose.7.13.0
2026-02-05 19:42:26,521 [WARN] PackLoader:240 - Cannot read IP mode file for STMicroelectronics.X-CUBE-AZRTOS-G4.2.0.0
2026-02-05 19:42:26,532 [WARN] PackLoader:240 - Cannot read IP mode file for wolfSSL.I-CUBE-wolfSSH.1.4.20
2026-02-05 19:42:26,540 [WARN] PackLoader:240 - Cannot read IP mode file for STMicroelectronics.X-CUBE-NFC7.2.0.0
2026-02-05 19:42:26,555 [WARN] PackLoader:240 - Cannot read IP mode file for STMicroelectronics.X-CUBE-IPS.3.1.0
2026-02-05 19:42:26,572 [WARN] PackLoader:240 - Cannot read IP mode file for STMicroelectronics.X-CUBE-ALS.1.0.2
2026-02-05 19:42:26,582 [WARN] PackLoader:240 - Cannot read IP mode file for STMicroelectronics.X-CUBE-STSE01.1.0.0
2026-02-05 19:42:26,594 [WARN] PackLoader:240 - Cannot read IP mode file for portGmbH.I-Cube-SoM-uGOAL.1.1.0
2026-02-05 19:42:26,613 [WARN] PackLoader:240 - Cannot read IP mode file for STMicroelectronics.X-CUBE-TOF1.3.4.3
2026-02-05 19:42:26,632 [INFO] ThirdParty:978 - Integrity check success = true
2026-02-05 19:42:26,632 [INFO] IntegrityCheckThread:100 - exiting critical section [integrity check]
2026-02-05 19:42:26,632 [INFO] IntegrityCheckThread:103 - End integrity checks thread
2026-02-05 19:42:26,914 [INFO] WebApp:225 - Starting web application
2026-02-05 19:42:26,915 [INFO] WebApp:593 - Web application path used C:\ST\STM32CubeIDE_1.19.0\STM32CubeIDE\plugins\com.st.stm32cube.common.mx_6.15.0.202507011659\db\plugins\mcufinder\reactClient1\index.html
2026-02-05 19:42:27,372 [INFO] UserAuth:487 - Internet connection configuration mode: 1
