2026-01-31 12:22:54,796 [INFO] WebApp:194 - Connection lost
2026-01-31 12:22:55,022 [INFO] WebApp:191 - Connection restablished
2026-01-31 12:38:55,343 [INFO] WebApp:194 - Connection lost
2026-01-31 12:38:55,466 [INFO] WebApp:191 - Connection restablished
2026-01-31 17:56:27,478 [INFO] WebApp:194 - Connection lost
2026-01-31 17:56:39,995 [INFO] WebApp:191 - Connection restablished
2026-01-31 17:58:19,859 [INFO] WebApp:194 - Connection lost
2026-01-31 17:58:20,000 [INFO] WebApp:191 - Connection restablished
2026-01-31 21:45:57,611 [WARN] CheckConnectionManager:291 - Warning during Server Connection :  timeout Read timed out
2026-01-31 21:45:57,671 [INFO] MainUpdater:2872 - connection check result : 10
2026-01-31 21:45:57,671 [INFO] MainUpdater:2872 - connection check result : 10
2026-01-31 21:45:57,931 [INFO] MicroXplorer:468 - Change Database Path : 
2026-01-31 21:45:57,931 [INFO] MicroXplorer:498 - Change Database Version : DB.6.0.150
2026-01-31 21:45:57,991 [ERROR] ProjectManagerView:395 - 
java.lang.NullPointerException: Cannot invoke "javax.swing.JTextField.getText()" because the return value of "java.util.List.get(int)" is null
	at com.st.microxplorer.plugins.projectmanager.gui.ProjectChoiceTab$9.caretUpdate(ProjectChoiceTab.java:2706) ~[filemanager.jar:?]
	at javax.swing.text.JTextComponent.fireCaretUpdate(JTextComponent.java:408) ~[?:?]
	at javax.swing.text.JTextComponent$MutableCaretEvent.fire(JTextComponent.java:4484) ~[?:?]
	at javax.swing.text.JTextComponent$MutableCaretEvent.stateChanged(JTextComponent.java:4506) ~[?:?]
	at javax.swing.text.DefaultCaret.fireStateChanged(DefaultCaret.java:857) ~[?:?]
	at javax.swing.text.DefaultCaret.changeCaretPosition(DefaultCaret.java:1343) ~[?:?]
	at javax.swing.text.DefaultCaret.handleSetDot(DefaultCaret.java:1242) ~[?:?]
	at javax.swing.text.DefaultCaret.setDot(DefaultCaret.java:1223) ~[?:?]
	at javax.swing.text.DefaultCaret$Handler.insertUpdate(DefaultCaret.java:1819) ~[?:?]
	at javax.swing.text.AbstractDocument.fireInsertUpdate(AbstractDocument.java:227) ~[?:?]
	at javax.swing.text.AbstractDocument.handleInsertString(AbstractDocument.java:781) ~[?:?]
	at javax.swing.text.AbstractDocument.insertString(AbstractDocument.java:740) ~[?:?]
	at javax.swing.text.PlainDocument.insertString(PlainDocument.java:131) ~[?:?]
	at javax.swing.text.AbstractDocument.replace(AbstractDocument.java:699) ~[?:?]
	at javax.swing.text.JTextComponent.setText(JTextComponent.java:1725) ~[?:?]
	at com.st.microxplorer.plugins.projectmanager.gui.ProjectChoiceTab.createHeapStackFields(ProjectChoiceTab.java:993) ~[filemanager.jar:?]
	at com.st.microxplorer.plugins.projectmanager.gui.ProjectChoiceTab.buildLinkSettingsPanel(ProjectChoiceTab.java:3813) ~[filemanager.jar:?]
	at com.st.microxplorer.plugins.projectmanager.gui.ProjectChoiceTab.defineWindowsFields(ProjectChoiceTab.java:1987) ~[filemanager.jar:?]
	at com.st.microxplorer.plugins.projectmanager.gui.ProjectChoiceTab.updateSettings(ProjectChoiceTab.java:558) ~[filemanager.jar:?]
	at com.st.microxplorer.plugins.projectmanager.gui.ProjectSettingsPanel.UpdateDialog(ProjectSettingsPanel.java:247) ~[filemanager.jar:?]
	at com.st.microxplorer.plugins.projectmanager.ProjectManagerView.propertyChange(ProjectManagerView.java:392) ~[filemanager.jar:?]
	at java.beans.PropertyChangeSupport.fire(PropertyChangeSupport.java:343) ~[?:?]
	at java.beans.PropertyChangeSupport.firePropertyChange(PropertyChangeSupport.java:335) ~[?:?]
	at java.beans.PropertyChangeSupport.firePropertyChange(PropertyChangeSupport.java:268) ~[?:?]
	at com.st.microxplorer.util.MXPropertyChangeSupport.firePropertyChange(MXPropertyChangeSupport.java:54) ~[STM32CubeMX.jar:?]
	at com.st.microxplorer.mxsystem.MxSystem.closeConfig(MxSystem.java:899) ~[STM32CubeMX.jar:?]
	at com.st.microxplorer.maingui.MainPanel.closeConfig(MainPanel.java:792) ~[STM32CubeMX.jar:?]
	at com.st.microxplorer.plugins.filemanager.engine.OpenFileManager.loadConfigurationFile(OpenFileManager.java:288) ~[filemanager.jar:?]
	at com.st.microxplorer.plugins.filemanager.engine.MainFileManager.userLoadConfig(MainFileManager.java:364) ~[filemanager.jar:?]
	at com.st.microxplorer.plugins.filemanager.engine.MainFileManager.userLoadConfig(MainFileManager.java:342) ~[filemanager.jar:?]
	at com.st.microxplorer.plugins.filemanager.FileManagerView.getSpecificTask(FileManagerView.java:264) ~[filemanager.jar:?]
	at com.st.stm32cube.common.mx.editor.CubeMxEditor.getMxTabbedPaneInstance(CubeMxEditor.java:1198) ~[com.st.stm32cube.common.mx_6.15.0.202507011659/:?]
	at com.st.stm32cube.common.mx.editor.CubeMxEditor$12$1.createSwingComponent(CubeMxEditor.java:1068) ~[com.st.stm32cube.common.mx_6.15.0.202507011659/:?]
	at com.st.stm32cube.common.mx.oss.core.awtswtbridge.EmbeddedSwingComposite.doComponentCreation(EmbeddedSwingComposite.java:492) ~[com.st.stm32cube.common.mx.oss_6.15.0.202507011659/:?]
	at com.st.stm32cube.common.mx.oss.core.awtswtbridge.EmbeddedSwingComposite$4.run(EmbeddedSwingComposite.java:291) ~[com.st.stm32cube.common.mx.oss_6.15.0.202507011659/:?]
	at com.st.stm32cube.common.mx.oss.core.awtswtbridge.AwtEnvironment$2.run(AwtEnvironment.java:166) ~[com.st.stm32cube.common.mx.oss_6.15.0.202507011659/:?]
	at java.awt.event.InvocationEvent.dispatch(InvocationEvent.java:318) ~[?:?]
	at java.awt.EventQueue.dispatchEventImpl(EventQueue.java:773) ~[?:?]
	at java.awt.EventQueue$4.run(EventQueue.java:720) ~[?:?]
	at java.awt.EventQueue$4.run(EventQueue.java:714) ~[?:?]
	at java.security.AccessController.doPrivileged(AccessController.java:400) ~[?:?]
	at java.security.ProtectionDomain$JavaSecurityAccessImpl.doIntersectionPrivilege(ProtectionDomain.java:87) ~[?:?]
	at java.awt.EventQueue.dispatchEvent(EventQueue.java:742) ~[?:?]
	at java.awt.EventDispatchThread.pumpOneEventForFilters(EventDispatchThread.java:203) ~[?:?]
	at java.awt.EventDispatchThread.pumpEventsForFilter(EventDispatchThread.java:124) ~[?:?]
	at java.awt.EventDispatchThread.pumpEventsForHierarchy(EventDispatchThread.java:113) ~[?:?]
	at java.awt.EventDispatchThread.pumpEvents(EventDispatchThread.java:109) ~[?:?]
	at java.awt.EventDispatchThread.pumpEvents(EventDispatchThread.java:101) ~[?:?]
	at java.awt.EventDispatchThread.run(EventDispatchThread.java:90) ~[?:?]
2026-01-31 21:45:58,015 [WARN] ThirdParty:871 - waiting for thirdparty lock release [close project]
2026-01-31 21:45:58,016 [INFO] ThirdParty:873 - entering critical section [close project]
2026-01-31 21:45:58,016 [INFO] ThirdParty:883 - exiting critical section [close project]
2026-01-31 21:45:58,019 [INFO] PinOutPanel:1589 - setPackage(No Configuration,No Configuration)
2026-01-31 21:45:58,044 [INFO] UtilMem:75 - Begin LoadConfig() Used Memory: 726711168 Bytes (1073741824)
2026-01-31 21:45:58,045 [INFO] MicroXplorer:468 - Change Database Path : 
2026-01-31 21:45:58,045 [INFO] MicroXplorer:498 - Change Database Version : DB.6.0.150
2026-01-31 21:45:58,046 [INFO] OpenFileManager:355 - Change cursor
2026-01-31 21:45:58,064 [INFO] Mcu:2029 - Initializing MCU STM32F103C(8-B)Tx STM32F103C8Tx STM32F103C8T6
2026-01-31 21:45:58,583 [INFO] Context:786 - Trying to add GPIOservice into a context  which must be forbidden
2026-01-31 21:45:58,768 [INFO] ImportTextPane:234 - (OptionalMessage_ERROR) Pin19 (VP_RIF_VS_RIF1) cannot be retrieved for this MCU
2026-01-31 21:45:58,802 [INFO] RtosManager:558 - Registered RTOS mode: class=CMSIS, group=RTOS, mode=CMSIS_V1, owner=FREERTOS
2026-01-31 21:45:58,803 [INFO] RtosManager:558 - Registered RTOS mode: class=CMSIS, group=RTOS2, mode=CMSIS_V2, owner=FREERTOS
2026-01-31 21:45:58,803 [INFO] RtosManager:558 - Registered RTOS mode: class=RTOS, group=Core, mode=CMSIS_V1, owner=FREERTOS
2026-01-31 21:45:58,803 [INFO] RtosManager:558 - Registered RTOS mode: class=RTOS, group=Core, mode=CMSIS_V2, owner=FREERTOS
2026-01-31 21:45:58,803 [WARN] ModelIntegratedComponent:184 - Missing modes for component STMicroelectronics:FreeRTOS:0.0.1:STMicroelectronics:RTOS:FreeRTOS:Core:::10.2.0:
2026-01-31 21:45:58,816 [WARN] ModelIntegratedComponent:63 - No mode defined for component null
2026-01-31 21:45:58,816 [WARN] ModelIntegratedComponent:63 - No mode defined for component null
2026-01-31 21:45:58,816 [WARN] ModelIntegratedComponent:63 - No mode defined for component null
2026-01-31 21:45:58,816 [WARN] ModelIntegratedComponent:63 - No mode defined for component null
2026-01-31 21:45:58,816 [WARN] ModelIntegratedComponent:63 - No mode defined for component null
2026-01-31 21:45:58,816 [WARN] ModelIntegratedComponent:63 - No mode defined for component null
2026-01-31 21:45:58,816 [WARN] ModelIntegratedComponent:63 - No mode defined for component null
2026-01-31 21:45:58,816 [WARN] ModelIntegratedComponent:63 - No mode defined for component null
2026-01-31 21:45:58,816 [WARN] ModelIntegratedComponent:63 - No mode defined for component null
2026-01-31 21:45:58,816 [WARN] ModelIntegratedComponent:63 - No mode defined for component null
2026-01-31 21:45:58,816 [WARN] ModelIntegratedComponent:63 - No mode defined for component null
2026-01-31 21:45:58,816 [WARN] ModelIntegratedComponent:63 - No mode defined for component null
2026-01-31 21:45:58,816 [WARN] ModelIntegratedComponent:63 - No mode defined for component null
2026-01-31 21:45:58,816 [WARN] ModelIntegratedComponent:63 - No mode defined for component null
2026-01-31 21:45:58,816 [WARN] ModelIntegratedComponent:63 - No mode defined for component null
2026-01-31 21:45:58,816 [WARN] ModelIntegratedComponent:63 - No mode defined for component null
2026-01-31 21:45:58,816 [WARN] ModelIntegratedComponent:63 - No mode defined for component null
2026-01-31 21:45:58,817 [WARN] ModelIntegratedComponent:63 - No mode defined for component null
2026-01-31 21:45:58,817 [WARN] ModelIntegratedComponent:63 - No mode defined for component null
2026-01-31 21:45:58,817 [WARN] ModelIntegratedComponent:63 - No mode defined for component null
2026-01-31 21:45:58,817 [WARN] ModelIntegratedComponent:63 - No mode defined for component null
2026-01-31 21:45:58,817 [WARN] ModelIntegratedComponent:63 - No mode defined for component null
2026-01-31 21:45:58,817 [WARN] ModelIntegratedComponent:63 - No mode defined for component null
2026-01-31 21:45:58,817 [WARN] ModelIntegratedComponent:63 - No mode defined for component null
2026-01-31 21:45:58,817 [WARN] ModelIntegratedComponent:63 - No mode defined for component null
2026-01-31 21:45:58,817 [WARN] ModelIntegratedComponent:63 - No mode defined for component null
2026-01-31 21:45:58,817 [WARN] ModelIntegratedComponent:63 - No mode defined for component null
2026-01-31 21:45:58,817 [WARN] ModelIntegratedComponent:63 - No mode defined for component null
2026-01-31 21:45:58,817 [WARN] ModelIntegratedComponent:63 - No mode defined for component null
2026-01-31 21:45:58,817 [WARN] ModelIntegratedComponent:63 - No mode defined for component null
2026-01-31 21:45:58,817 [WARN] ModelIntegratedComponent:63 - No mode defined for component null
2026-01-31 21:45:58,817 [WARN] ModelIntegratedComponent:63 - No mode defined for component null
2026-01-31 21:45:58,817 [WARN] ModelIntegratedComponent:63 - No mode defined for component null
2026-01-31 21:45:58,817 [WARN] ModelIntegratedComponent:63 - No mode defined for component null
2026-01-31 21:45:58,818 [WARN] ModelIntegratedComponent:63 - No mode defined for component null
2026-01-31 21:45:58,818 [WARN] ModelPack:524 - Component already loaded: STMicroelectronics:HAL Drivers:0.0.0:STMicroelectronics:Device:STMicro_Driver:XSPI:HAL::0.0.1:HAL_XSPI
2026-01-31 21:45:58,949 [INFO] ThirdPartyModel:298 - Start build external matchings
2026-01-31 21:45:59,229 [INFO] ThirdPartyModel:316 - End build external matchings
2026-01-31 21:45:59,250 [INFO] ImportTextPane:234 - (OptionalMessage_ERROR) IP (DMA) : Parameter (Instance) has Id (ADC1) currently not set
2026-01-31 21:45:59,250 [INFO] ImportTextPane:234 - (OptionalMessage_ERROR) IP (DMA) : Parameter (Direction) has Id (ADC1) currently not set
2026-01-31 21:45:59,250 [INFO] ImportTextPane:234 - (OptionalMessage_ERROR) IP (DMA) : Parameter (PeriphInc) has Id (ADC1) currently not set
2026-01-31 21:45:59,251 [INFO] ImportTextPane:234 - (OptionalMessage_ERROR) IP (DMA) : Parameter (MemInc) has Id (ADC1) currently not set
2026-01-31 21:45:59,251 [INFO] ImportTextPane:234 - (OptionalMessage_ERROR) IP (DMA) : Parameter (PeriphDataAlignment) has Id (ADC1) currently not set
2026-01-31 21:45:59,251 [INFO] ImportTextPane:234 - (OptionalMessage_ERROR) IP (DMA) : Parameter (MemDataAlignment) has Id (ADC1) currently not set
2026-01-31 21:45:59,252 [INFO] ImportTextPane:234 - (OptionalMessage_ERROR) IP (DMA) : Parameter (Mode) has Id (ADC1) currently not set
2026-01-31 21:45:59,254 [INFO] ImportTextPane:234 - (OptionalMessage_ERROR) IP (DMA) : Parameter (Priority) has Id (ADC1) currently not set
2026-01-31 21:45:59,255 [INFO] ImportTextPane:234 - (OptionalMessage_ERROR) IP (DMA) : Parameter (Instance) has Id (USART1_TX) currently not set
2026-01-31 21:45:59,256 [INFO] ImportTextPane:234 - (OptionalMessage_ERROR) IP (DMA) : Parameter (Direction) has Id (USART1_TX) currently not set
2026-01-31 21:45:59,256 [INFO] ImportTextPane:234 - (OptionalMessage_ERROR) IP (DMA) : Parameter (PeriphInc) has Id (USART1_TX) currently not set
2026-01-31 21:45:59,256 [INFO] ImportTextPane:234 - (OptionalMessage_ERROR) IP (DMA) : Parameter (MemInc) has Id (USART1_TX) currently not set
2026-01-31 21:45:59,256 [INFO] ImportTextPane:234 - (OptionalMessage_ERROR) IP (DMA) : Parameter (PeriphDataAlignment) has Id (USART1_TX) currently not set
2026-01-31 21:45:59,256 [INFO] ImportTextPane:234 - (OptionalMessage_ERROR) IP (DMA) : Parameter (MemDataAlignment) has Id (USART1_TX) currently not set
2026-01-31 21:45:59,256 [INFO] ImportTextPane:234 - (OptionalMessage_ERROR) IP (DMA) : Parameter (Mode) has Id (USART1_TX) currently not set
2026-01-31 21:45:59,256 [INFO] ImportTextPane:234 - (OptionalMessage_ERROR) IP (DMA) : Parameter (Priority) has Id (USART1_TX) currently not set
2026-01-31 21:45:59,257 [INFO] ImportTextPane:234 - (OptionalMessage_ERROR) IP (RCC) : Invalid parameter (FamilyName)
2026-01-31 21:45:59,258 [INFO] ImportTextPane:234 - (OptionalMessage_ERROR) IP (RCC) : Parameter (MCOFreq_Value) has invalid value (72000000)
2026-01-31 21:45:59,258 [INFO] ImportTextPane:234 - (OptionalMessage_ERROR) IP (RCC) : Parameter (USBFreq_Value) has invalid value (72000000)
2026-01-31 21:45:59,261 [INFO] ImportTextPane:234 - (OptionalMessage_ERROR) IP (TIM2) : Parameter (Channel) has Id (PWM Generation3 CH3) currently not set
2026-01-31 21:45:59,405 [INFO] UtilMem:75 - End LoadConfig() Used Memory: 879073912 Bytes (1073741824)
2026-01-31 21:45:59,485 [WARN] ThirdParty:833 - waiting for thirdparty lock release [change project]
2026-01-31 21:45:59,486 [INFO] ThirdParty:835 - entering critical section [change project]
2026-01-31 21:45:59,486 [INFO] ThirdParty:1030 - CMSIS Pack Vendor :STMicroelectronics X-CUBE-PM33A1 1.0.0
2026-01-31 21:45:59,486 [INFO] ThirdParty:1030 - CMSIS Pack Vendor :STMicroelectronics USBPD 4.1
2026-01-31 21:45:59,486 [INFO] ThirdParty:1030 - CMSIS Pack Vendor :STMicroelectronics USB_HOST 2.0.0
2026-01-31 21:45:59,486 [INFO] ThirdParty:1030 - CMSIS Pack Vendor :STMicroelectronics FP-SNS-MOTENVWB1 1.4.0
2026-01-31 21:45:59,486 [INFO] ThirdParty:1030 - CMSIS Pack Vendor :STMicroelectronics X-CUBE-AZRTOS-F4 1.1.0
2026-01-31 21:45:59,486 [INFO] ThirdParty:1030 - CMSIS Pack Vendor :STMicroelectronics LIBJPEG 8.0.0
2026-01-31 21:45:59,486 [INFO] ThirdParty:1030 - CMSIS Pack Vendor :STMicroelectronics FP-ATR-ASTRA1 2.0.2
2026-01-31 21:45:59,486 [INFO] ThirdParty:1030 - CMSIS Pack Vendor :Avnet-IotConnect X-CUBE-IoTC-DA16k-PMOD 1.0.0
2026-01-31 21:45:59,486 [INFO] ThirdParty:1030 - CMSIS Pack Vendor :STMicroelectronics X-CUBE-SMBUS 2.1.0
2026-01-31 21:45:59,486 [INFO] ThirdParty:1030 - CMSIS Pack Vendor :STMicroelectronics X-CUBE-ISPU 2.1.0
2026-01-31 21:45:59,486 [INFO] ThirdParty:1030 - CMSIS Pack Vendor :STMicroelectronics X-CUBE-IPS 3.2.0
2026-01-31 21:45:59,486 [INFO] ThirdParty:1030 - CMSIS Pack Vendor :STMicroelectronics X-CUBE-ST60 1.0.0
2026-01-31 21:45:59,486 [INFO] ThirdParty:1030 - CMSIS Pack Vendor :STMicroelectronics X-CUBE-NFC12 1.0.0
2026-01-31 21:45:59,486 [INFO] ThirdParty:1030 - CMSIS Pack Vendor :STMicroelectronics X-CUBE-AZRTOS-F7 1.1.0
2026-01-31 21:45:59,486 [INFO] ThirdParty:1030 - CMSIS Pack Vendor :STMicroelectronics X-CUBE-AZRTOS-L5 2.0.0
2026-01-31 21:45:59,486 [INFO] ThirdParty:1030 - CMSIS Pack Vendor :STMicroelectronics USB_DEVICE 2.0.0
2026-01-31 21:45:59,486 [INFO] ThirdParty:1030 - CMSIS Pack Vendor :STMicroelectronics X-CUBE-NFC6 3.1.0
2026-01-31 21:45:59,486 [INFO] ThirdParty:1030 - CMSIS Pack Vendor :STMicroelectronics FP-SNS-MOTENV1 5.1.0
2026-01-31 21:45:59,486 [INFO] ThirdParty:1030 - CMSIS Pack Vendor :STMicroelectronics FreeRTOS 0.0.1
2026-01-31 21:45:59,486 [INFO] ThirdParty:1030 - CMSIS Pack Vendor :Infineon AIROC-Wi-Fi-Bluetooth-STM32 1.7.1
2026-01-31 21:45:59,486 [INFO] ThirdParty:1030 - CMSIS Pack Vendor :STMicroelectronics PDM2PCM 3.3.0
2026-01-31 21:45:59,486 [INFO] ThirdParty:1030 - CMSIS Pack Vendor :STMicroelectronics X-CUBE-AZRTOS-H7 3.4.0
2026-01-31 21:45:59,486 [INFO] ThirdParty:1030 - CMSIS Pack Vendor :STMicroelectronics X-CUBE-DISPLAY 3.0.0
2026-01-31 21:45:59,486 [INFO] ThirdParty:1030 - CMSIS Pack Vendor :STMicroelectronics X-CUBE-NFC10 1.0.0
2026-01-31 21:45:59,486 [INFO] ThirdParty:1030 - CMSIS Pack Vendor :STMicroelectronics X-CUBE-FREERTOS 1.3.1
2026-01-31 21:45:59,486 [INFO] ThirdParty:1030 - CMSIS Pack Vendor :STMicroelectronics HAL Drivers 0.0.0
2026-01-31 21:45:59,486 [INFO] ThirdParty:1030 - CMSIS Pack Vendor :STMicroelectronics X-CUBE-ST60 1.1.0
2026-01-31 21:45:59,487 [INFO] ThirdParty:1030 - CMSIS Pack Vendor :emotas I-CUBE-CANOPEN 1.3.0
2026-01-31 21:45:59,487 [INFO] ThirdParty:1030 - CMSIS Pack Vendor :STMicroelectronics MBEDTLS 2.14.1
2026-01-31 21:45:59,487 [INFO] ThirdParty:1030 - CMSIS Pack Vendor :STMicroelectronics X-CUBE-GNSS1 7.1.0
2026-01-31 21:45:59,487 [INFO] ThirdParty:1030 - CMSIS Pack Vendor :STMicroelectronics X-CUBE-TOUCHGFX 4.26.0
2026-01-31 21:45:59,487 [INFO] ThirdParty:1030 - CMSIS Pack Vendor :STMicroelectronics FP-SNS-STBOX1 2.1.0
2026-01-31 21:45:59,487 [INFO] ThirdParty:1030 - CMSIS Pack Vendor :STMicroelectronics FP-SNS-STAIOTCFT 1.0.0
2026-01-31 21:45:59,487 [INFO] ThirdParty:1030 - CMSIS Pack Vendor :STMicroelectronics FP-SNS-SMARTAG2 1.2.0
2026-01-31 21:45:59,487 [INFO] ThirdParty:1030 - CMSIS Pack Vendor :STMicroelectronics FP-SNS-FLIGHT1 5.1.0
2026-01-31 21:45:59,487 [INFO] ThirdParty:1030 - CMSIS Pack Vendor :STMicroelectronics X-CUBE-AZRTOS-WL 2.0.0
2026-01-31 21:45:59,487 [INFO] ThirdParty:1030 - CMSIS Pack Vendor :STMicroelectronics X-CUBE-DPower 1.3.0
2026-01-31 21:45:59,487 [INFO] ThirdParty:1030 - CMSIS Pack Vendor :STMicroelectronics FP-SNS-MOTENV1 5.0.0
2026-01-31 21:45:59,487 [INFO] ThirdParty:1030 - CMSIS Pack Vendor :STMicroelectronics USB_DEVICE 1.0.0
2026-01-31 21:45:59,487 [INFO] ThirdParty:1030 - CMSIS Pack Vendor :STMicroelectronics X-CUBE-AZRTOS-H7RS 1.2.0
2026-01-31 21:45:59,487 [INFO] ThirdParty:1030 - CMSIS Pack Vendor :STMicroelectronics X-CUBE-AZRTOS-L4 2.0.0
2026-01-31 21:45:59,487 [INFO] ThirdParty:1030 - CMSIS Pack Vendor :STMicroelectronics ThreadX 0.0.2
2026-01-31 21:45:59,487 [INFO] ThirdParty:1030 - CMSIS Pack Vendor :WES I-CUBE-Cesium 1.3.0
2026-01-31 21:45:59,488 [INFO] ThirdParty:1030 - CMSIS Pack Vendor :STMicroelectronics lwIP 2.1.2
2026-01-31 21:45:59,488 [INFO] ThirdParty:1030 - CMSIS Pack Vendor :STMicroelectronics X-CUBE-SFXS2LP1 4.0.0
2026-01-31 21:45:59,488 [INFO] ThirdParty:1030 - CMSIS Pack Vendor :STMicroelectronics X-CUBE-BLE2 3.3.0
2026-01-31 21:45:59,488 [INFO] ThirdParty:1030 - CMSIS Pack Vendor :Avnet-IOTCONNECT X-CUBE-iotc-st67-sdk 1.0.0
2026-01-31 21:45:59,488 [INFO] ThirdParty:1030 - CMSIS Pack Vendor :STMicroelectronics PDM2PCM 3.2.0
2026-01-31 21:45:59,488 [INFO] ThirdParty:1030 - CMSIS Pack Vendor :STMicroelectronics X-CUBE-ST67W61 1.2.0
2026-01-31 21:45:59,488 [INFO] ThirdParty:1030 - CMSIS Pack Vendor :STMicroelectronics X-CUBE-NFC9 1.0.0
2026-01-31 21:45:59,488 [INFO] ThirdParty:1030 - CMSIS Pack Vendor :wolfSSL I-CUBE-wolfSSL 5.8.2
2026-01-31 21:45:59,488 [INFO] ThirdParty:1030 - CMSIS Pack Vendor :STMicroelectronics X-CUBE-BLE1 7.1.0
2026-01-31 21:45:59,488 [INFO] ThirdParty:1030 - CMSIS Pack Vendor :wolfSSL I-CUBE-wolfMQTT 1.19.2
2026-01-31 21:45:59,488 [INFO] ThirdParty:1030 - CMSIS Pack Vendor :STMicroelectronics USB_DEVICE 3.0.0
2026-01-31 21:45:59,488 [INFO] ThirdParty:1030 - CMSIS Pack Vendor :STMicroelectronics X-CUBE-FREERTOS 1.4.0
2026-01-31 21:45:59,488 [INFO] ThirdParty:1030 - CMSIS Pack Vendor :STMicroelectronics X-CUBE-EEPRMA1 5.2.0
2026-01-31 21:45:59,488 [INFO] ThirdParty:1030 - CMSIS Pack Vendor :STMicroelectronics X-CUBE-BLEMGR 4.1.0
2026-01-31 21:45:59,488 [INFO] ThirdParty:1030 - CMSIS Pack Vendor :STMicroelectronics X-CUBE-AZRTOS-WB 2.0.0
2026-01-31 21:45:59,488 [INFO] ThirdParty:1030 - CMSIS Pack Vendor :STMicroelectronics X-CUBE-GNSS1 7.0.1
2026-01-31 21:45:59,488 [INFO] ThirdParty:1030 - CMSIS Pack Vendor :STMicroelectronics X-CUBE-TOUCHGFX 4.25.0
2026-01-31 21:45:59,488 [INFO] ThirdParty:1030 - CMSIS Pack Vendor :STMicroelectronics X-CUBE-ST67W61 1.1.0
2026-01-31 21:45:59,488 [INFO] ThirdParty:1030 - CMSIS Pack Vendor :quantropi X-CUBE-qispace-sdk-base 2.1.0
2026-01-31 21:45:59,488 [INFO] ThirdParty:1030 - CMSIS Pack Vendor :STMicroelectronics X-CUBE-MEMS1 12.0.0
2026-01-31 21:45:59,488 [INFO] ThirdParty:1030 - CMSIS Pack Vendor :STMicroelectronics X-CUBE-STSE01 2.0.0
2026-01-31 21:45:59,488 [INFO] ThirdParty:1030 - CMSIS Pack Vendor :STMicroelectronics X-CUBE-AZRTOS-G0 1.1.0
2026-01-31 21:45:59,488 [INFO] ThirdParty:1030 - CMSIS Pack Vendor :STMicroelectronics X-CUBE-SAFEA1 1.2.2
2026-01-31 21:45:59,488 [INFO] ThirdParty:1030 - CMSIS Pack Vendor :STMicroelectronics X-CUBE-NFC4 3.0.0
2026-01-31 21:45:59,488 [INFO] ThirdParty:1030 - CMSIS Pack Vendor :STMicroelectronics X-CUBE-SUBG2 5.0.0
2026-01-31 21:45:59,488 [INFO] ThirdParty:1030 - CMSIS Pack Vendor :STMicroelectronics X-CUBE-AZRTOS-H7RS 1.1.0
2026-01-31 21:45:59,488 [INFO] ThirdParty:1030 - CMSIS Pack Vendor :STMicroelectronics STM32_WPAN 1.0.0
2026-01-31 21:45:59,488 [INFO] ThirdParty:1030 - CMSIS Pack Vendor :EmbeddedOffice I-CUBE-FS-RTOS 1.0.1
2026-01-31 21:45:59,488 [INFO] ThirdParty:1030 - CMSIS Pack Vendor :STMicroelectronics lwIP 2.0.3
2026-01-31 21:45:59,488 [INFO] ThirdParty:1030 - CMSIS Pack Vendor :Cesanta I-CUBE-Mongoose 7.13.0
2026-01-31 21:45:59,488 [INFO] ThirdParty:1030 - CMSIS Pack Vendor :STMicroelectronics USB_HOST 1.0.0
2026-01-31 21:45:59,488 [INFO] ThirdParty:1030 - CMSIS Pack Vendor :STMicroelectronics X-CUBE-AZRTOS-G4 2.0.0
2026-01-31 21:45:59,488 [INFO] ThirdParty:1030 - CMSIS Pack Vendor :STMicroelectronics X-CUBE-WB05N 2.0.0
2026-01-31 21:45:59,488 [INFO] ThirdParty:1030 - CMSIS Pack Vendor :STMicroelectronics PDM2PCM 3.1.0
2026-01-31 21:45:59,488 [INFO] ThirdParty:1030 - CMSIS Pack Vendor :wolfSSL I-CUBE-wolfTPM 3.8.0
2026-01-31 21:45:59,488 [INFO] ThirdParty:1030 - CMSIS Pack Vendor :wolfSSL I-CUBE-wolfSSH 1.4.20
2026-01-31 21:45:59,488 [INFO] ThirdParty:1030 - CMSIS Pack Vendor :STMicroelectronics X-CUBE-NFC7 2.0.0
2026-01-31 21:45:59,488 [INFO] ThirdParty:1030 - CMSIS Pack Vendor :STMicroelectronics X-CUBE-TCPP 4.2.0
2026-01-31 21:45:59,488 [INFO] ThirdParty:1030 - CMSIS Pack Vendor :RealThread X-CUBE-RT-Thread_Nano 4.1.1
2026-01-31 21:45:59,488 [INFO] ThirdParty:1030 - CMSIS Pack Vendor :STMicroelectronics FP-ATR-SIGFOX1 3.2.0
2026-01-31 21:45:59,488 [INFO] ThirdParty:1030 - CMSIS Pack Vendor :STMicroelectronics MBEDTLS 2.16.2
2026-01-31 21:45:59,488 [INFO] ThirdParty:1030 - CMSIS Pack Vendor :STMicroelectronics X-CUBE-IPS 3.1.0
2026-01-31 21:45:59,489 [INFO] ThirdParty:1030 - CMSIS Pack Vendor :STMicroelectronics X-CUBE-ALS 1.0.2
2026-01-31 21:45:59,489 [INFO] ThirdParty:1030 - CMSIS Pack Vendor :ITTIA_DB I-CUBE-ITTIADB 8.9.0
2026-01-31 21:45:59,489 [INFO] ThirdParty:1030 - CMSIS Pack Vendor :STMicroelectronics X-CUBE-STSE01 1.0.0
2026-01-31 21:45:59,489 [INFO] ThirdParty:1030 - CMSIS Pack Vendor :portGmbH I-Cube-SoM-uGOAL 1.1.0
2026-01-31 21:45:59,489 [INFO] ThirdParty:1030 - CMSIS Pack Vendor :STMicroelectronics X-CUBE-NFC6 3.2.0
2026-01-31 21:45:59,489 [INFO] ThirdParty:1030 - CMSIS Pack Vendor :STMicroelectronics X-CUBE-ST67W61 1.0.0
2026-01-31 21:45:59,489 [INFO] ThirdParty:1030 - CMSIS Pack Vendor :STMicroelectronics X-CUBE-AI 10.2.0
2026-01-31 21:45:59,489 [INFO] ThirdParty:1030 - CMSIS Pack Vendor :STMicroelectronics ThreadX 1.0.0
2026-01-31 21:45:59,489 [INFO] ThirdParty:1030 - CMSIS Pack Vendor :SEGGER I-CUBE-embOS 1.3.1
2026-01-31 21:45:59,489 [INFO] ThirdParty:1030 - CMSIS Pack Vendor :STMicroelectronics X-CUBE-ALGOBUILD 1.4.0
2026-01-31 21:45:59,489 [INFO] ThirdParty:1030 - CMSIS Pack Vendor :STMicroelectronics X-CUBE-MEMS1 11.3.0
2026-01-31 21:45:59,489 [INFO] ThirdParty:1030 - CMSIS Pack Vendor :STMicroelectronics X-CUBE-TOF1 3.4.3
2026-01-31 21:45:59,489 [INFO] ThirdParty:841 - exiting critical section [change project]
2026-01-31 21:45:59,610 [INFO] PinOutPanel:1589 - setPackage(No Configuration,No Configuration)
2026-01-31 21:45:59,611 [INFO] PinOutPanel:1589 - setPackage(STM32F103C8Tx,LQFP48)
2026-01-31 21:45:59,899 [INFO] UtilMem:75 - Before build in PCC Used Memory: 654089032 Bytes (1073741824)
2026-01-31 21:46:00,106 [INFO] UtilMem:75 - After build in PCC Used Memory: 698651464 Bytes (1073741824)
2026-01-31 21:46:00,125 [INFO] IPUIPlugin:80 - create IPUIPlugin
2026-01-31 21:46:00,125 [INFO] IPUIPlugin:80 - create IPUIPlugin
2026-01-31 21:46:00,125 [INFO] IPUIPlugin:80 - create IPUIPlugin
2026-01-31 21:46:00,125 [INFO] IPUIPlugin:80 - create IPUIPlugin
2026-01-31 21:46:00,125 [INFO] IPUIPlugin:80 - create IPUIPlugin
2026-01-31 21:46:00,125 [INFO] IPUIPlugin:80 - create IPUIPlugin
2026-01-31 21:46:00,125 [INFO] IPUIPlugin:80 - create IPUIPlugin
2026-01-31 21:46:00,125 [INFO] IPUIPlugin:80 - create IPUIPlugin
2026-01-31 21:46:00,125 [INFO] IPUIPlugin:80 - create IPUIPlugin
2026-01-31 21:46:00,125 [INFO] IPUIPlugin:80 - create IPUIPlugin
2026-01-31 21:46:00,125 [INFO] IPUIPlugin:80 - create IPUIPlugin
2026-01-31 21:46:00,126 [INFO] IPUIPlugin:80 - create IPUIPlugin
2026-01-31 21:46:00,126 [INFO] IPUIPlugin:80 - create IPUIPlugin
2026-01-31 21:46:00,126 [INFO] IPUIPlugin:80 - create IPUIPlugin
2026-01-31 21:46:00,126 [INFO] IPUIPlugin:80 - create IPUIPlugin
2026-01-31 21:46:00,126 [INFO] IPUIPlugin:80 - create IPUIPlugin
2026-01-31 21:46:00,126 [INFO] IPUIPlugin:80 - create IPUIPlugin
2026-01-31 21:46:00,126 [INFO] IPUIPlugin:80 - create IPUIPlugin
2026-01-31 21:46:00,126 [INFO] IPUIPlugin:80 - create IPUIPlugin
2026-01-31 21:46:00,126 [INFO] IPUIPlugin:80 - create IPUIPlugin
2026-01-31 21:46:00,126 [INFO] IPUIPlugin:80 - create IPUIPlugin
2026-01-31 21:46:00,126 [INFO] IPUIPlugin:80 - create IPUIPlugin
2026-01-31 21:46:00,127 [INFO] IPUIPlugin:80 - create IPUIPlugin
2026-01-31 21:46:00,127 [INFO] IPUIPlugin:80 - create IPUIPlugin
2026-01-31 21:46:00,127 [INFO] IPUIPlugin:80 - create IPUIPlugin
2026-01-31 21:46:00,127 [INFO] IPUIPlugin:80 - create IPUIPlugin
2026-01-31 21:46:00,127 [INFO] IPUIPlugin:80 - create IPUIPlugin
2026-01-31 21:46:00,133 [WARN] IP:2250 - I2C_Coeff_DF not found: check if there is a RefParameter without a condition.
2026-01-31 21:46:00,133 [WARN] IP:2250 - Analog_Filter not found: check if there is a RefParameter without a condition.
2026-01-31 21:46:00,175 [INFO] CADModel:165 - CPN selected for project levelSTM32F103C8T6
2026-01-31 21:46:00,176 [INFO] CADModel:114 - Register for checkConnection events
2026-01-31 21:46:00,241 [INFO] OpenFileManager:386 - Restore cursor
2026-01-31 21:46:00,508 [WARN] IP:2250 - I2C_Coeff_DF not found: check if there is a RefParameter without a condition.
2026-01-31 21:46:00,508 [WARN] IP:2250 - Analog_Filter not found: check if there is a RefParameter without a condition.
2026-01-31 21:46:00,509 [WARN] IP:2250 - I2C_Coeff_DF not found: check if there is a RefParameter without a condition.
2026-01-31 21:46:00,509 [WARN] IP:2250 - Analog_Filter not found: check if there is a RefParameter without a condition.
2026-01-31 21:46:08,889 [INFO] Gpio:278 - dependency for GPIO [ADC1, I2C1, RCC, TIM1, USART1, USART2]
2026-01-31 21:48:30,879 [INFO] UtilMem:75 - End SaveConfig() Used Memory: 848026392 Bytes (1073741824)
2026-01-31 21:48:31,024 [INFO] UtilMem:75 - End SaveConfig() Used Memory: 864803608 Bytes (1073741824)
2026-01-31 21:48:31,254 [INFO] UtilMem:75 - End SaveConfig() Used Memory: 883677976 Bytes (1073741824)
2026-01-31 21:48:31,578 [INFO] BlockDiagram:2775 - set Specific Code input for plugin: NVIC
2026-01-31 21:48:31,578 [INFO] BlockDiagram:2775 - set Specific Code input for plugin: USART
2026-01-31 21:48:31,578 [INFO] BlockDiagram:2775 - set Specific Code input for plugin: USART
2026-01-31 21:48:31,578 [INFO] BlockDiagram:2775 - set Specific Code input for plugin: DMA
2026-01-31 21:48:31,578 [INFO] BlockDiagram:2775 - set Specific Code input for plugin: TIM1_8F1
2026-01-31 21:48:31,578 [INFO] BlockDiagram:2775 - set Specific Code input for plugin: TIM1_8F1
2026-01-31 21:48:31,578 [INFO] BlockDiagram:2775 - set Specific Code input for plugin: TIM1_8F1
2026-01-31 21:48:31,578 [INFO] BlockDiagram:2775 - set Specific Code input for plugin: SYS
2026-01-31 21:48:31,578 [INFO] BlockDiagram:2775 - set Specific Code input for plugin: GPIO
2026-01-31 21:48:31,578 [INFO] BlockDiagram:2775 - set Specific Code input for plugin: ADC
2026-01-31 21:48:31,578 [INFO] BlockDiagram:2775 - set Specific Code input for plugin: RCC
2026-01-31 21:48:31,578 [INFO] BlockDiagram:2775 - set Specific Code input for plugin: I2C
2026-01-31 21:48:31,580 [INFO] CodeGenerator:892 - code generatio: config db path: C:\ST\STM32CubeIDE_1.19.0\STM32CubeIDE\plugins\com.st.stm32cube.common.mx_6.15.0.202507011659\\db\
2026-01-31 21:48:31,592 [WARN] IP:2250 - I2C_Coeff_DF not found: check if there is a RefParameter without a condition.
2026-01-31 21:48:31,592 [WARN] IP:2250 - Analog_Filter not found: check if there is a RefParameter without a condition.
2026-01-31 21:48:31,722 [INFO] CodeEngine:265 - oldGeneratedFile, C:\Users\nsorr\STM32CubeIDE\workspace_1.19.0\PET_Extruder\MXTmpFiles\license.tmp_save
2026-01-31 21:48:32,033 [INFO] CodeEngine:289 - Generated code: C:\Users\nsorr\STM32CubeIDE\workspace_1.19.0\PET_Extruder\MXTmpFiles\license.tmp
2026-01-31 21:48:32,126 [INFO] CodeEngine:265 - oldGeneratedFile, C:\Users\nsorr\STM32CubeIDE\workspace_1.19.0\PET_Extruder\Core\Src\gpio.c_save
2026-01-31 21:48:32,261 [INFO] CodeEngine:289 - Generated code: C:\Users\nsorr\STM32CubeIDE\workspace_1.19.0\PET_Extruder\Core\Src\gpio.c
2026-01-31 21:48:32,270 [INFO] CodeEngine:265 - oldGeneratedFile, C:\Users\nsorr\STM32CubeIDE\workspace_1.19.0\PET_Extruder\Core\Inc\gpio.h_save
2026-01-31 21:48:32,326 [INFO] CodeEngine:289 - Generated code: C:\Users\nsorr\STM32CubeIDE\workspace_1.19.0\PET_Extruder\Core\Inc\gpio.h
2026-01-31 21:48:32,613 [INFO] CodeEngine:265 - oldGeneratedFile, C:\Users\nsorr\STM32CubeIDE\workspace_1.19.0\PET_Extruder\Core\Src\adc.c_save
2026-01-31 21:48:32,733 [INFO] CodeEngine:289 - Generated code: C:\Users\nsorr\STM32CubeIDE\workspace_1.19.0\PET_Extruder\Core\Src\adc.c
2026-01-31 21:48:32,740 [INFO] CodeEngine:265 - oldGeneratedFile, C:\Users\nsorr\STM32CubeIDE\workspace_1.19.0\PET_Extruder\Core\Inc\adc.h_save
2026-01-31 21:48:32,792 [INFO] CodeEngine:289 - Generated code: C:\Users\nsorr\STM32CubeIDE\workspace_1.19.0\PET_Extruder\Core\Inc\adc.h
2026-01-31 21:48:32,814 [INFO] CodeEngine:265 - oldGeneratedFile, C:\Users\nsorr\STM32CubeIDE\workspace_1.19.0\PET_Extruder\Core\Src\dma.c_save
2026-01-31 21:48:32,866 [INFO] CodeEngine:289 - Generated code: C:\Users\nsorr\STM32CubeIDE\workspace_1.19.0\PET_Extruder\Core\Src\dma.c
2026-01-31 21:48:32,874 [INFO] CodeEngine:265 - oldGeneratedFile, C:\Users\nsorr\STM32CubeIDE\workspace_1.19.0\PET_Extruder\Core\Inc\dma.h_save
2026-01-31 21:48:32,918 [INFO] CodeEngine:289 - Generated code: C:\Users\nsorr\STM32CubeIDE\workspace_1.19.0\PET_Extruder\Core\Inc\dma.h
2026-01-31 21:48:32,929 [INFO] CodeEngine:265 - oldGeneratedFile, C:\Users\nsorr\STM32CubeIDE\workspace_1.19.0\PET_Extruder\Core\Src\i2c.c_save
2026-01-31 21:48:32,993 [INFO] CodeEngine:289 - Generated code: C:\Users\nsorr\STM32CubeIDE\workspace_1.19.0\PET_Extruder\Core\Src\i2c.c
2026-01-31 21:48:33,000 [INFO] CodeEngine:265 - oldGeneratedFile, C:\Users\nsorr\STM32CubeIDE\workspace_1.19.0\PET_Extruder\Core\Inc\i2c.h_save
2026-01-31 21:48:33,046 [INFO] CodeEngine:289 - Generated code: C:\Users\nsorr\STM32CubeIDE\workspace_1.19.0\PET_Extruder\Core\Inc\i2c.h
2026-01-31 21:48:33,058 [INFO] CodeEngine:265 - oldGeneratedFile, C:\Users\nsorr\STM32CubeIDE\workspace_1.19.0\PET_Extruder\Core\Src\tim.c_save
2026-01-31 21:48:33,136 [INFO] CodeEngine:289 - Generated code: C:\Users\nsorr\STM32CubeIDE\workspace_1.19.0\PET_Extruder\Core\Src\tim.c
2026-01-31 21:48:33,143 [INFO] CodeEngine:265 - oldGeneratedFile, C:\Users\nsorr\STM32CubeIDE\workspace_1.19.0\PET_Extruder\Core\Inc\tim.h_save
2026-01-31 21:48:33,186 [INFO] CodeEngine:289 - Generated code: C:\Users\nsorr\STM32CubeIDE\workspace_1.19.0\PET_Extruder\Core\Inc\tim.h
2026-01-31 21:48:33,197 [INFO] CodeEngine:265 - oldGeneratedFile, C:\Users\nsorr\STM32CubeIDE\workspace_1.19.0\PET_Extruder\Core\Src\usart.c_save
2026-01-31 21:48:33,279 [INFO] CodeEngine:289 - Generated code: C:\Users\nsorr\STM32CubeIDE\workspace_1.19.0\PET_Extruder\Core\Src\usart.c
2026-01-31 21:48:33,287 [INFO] CodeEngine:265 - oldGeneratedFile, C:\Users\nsorr\STM32CubeIDE\workspace_1.19.0\PET_Extruder\Core\Inc\usart.h_save
2026-01-31 21:48:33,334 [INFO] CodeEngine:289 - Generated code: C:\Users\nsorr\STM32CubeIDE\workspace_1.19.0\PET_Extruder\Core\Inc\usart.h
2026-01-31 21:48:33,349 [INFO] CodeEngine:265 - oldGeneratedFile, C:\Users\nsorr\STM32CubeIDE\workspace_1.19.0\PET_Extruder\Core\Src\stm32f1xx_it.c_save
2026-01-31 21:48:33,445 [INFO] CodeEngine:289 - Generated code: C:\Users\nsorr\STM32CubeIDE\workspace_1.19.0\PET_Extruder\Core\Src\stm32f1xx_it.c
2026-01-31 21:48:33,454 [INFO] CodeEngine:265 - oldGeneratedFile, C:\Users\nsorr\STM32CubeIDE\workspace_1.19.0\PET_Extruder\Core\Inc\stm32f1xx_it.h_save
2026-01-31 21:48:33,533 [INFO] CodeEngine:289 - Generated code: C:\Users\nsorr\STM32CubeIDE\workspace_1.19.0\PET_Extruder\Core\Inc\stm32f1xx_it.h
2026-01-31 21:48:33,552 [INFO] CodeEngine:265 - oldGeneratedFile, C:\Users\nsorr\STM32CubeIDE\workspace_1.19.0\PET_Extruder\Core\Src\stm32f1xx_hal_msp.c_save
2026-01-31 21:48:33,615 [INFO] CodeEngine:289 - Generated code: C:\Users\nsorr\STM32CubeIDE\workspace_1.19.0\PET_Extruder\Core\Src\stm32f1xx_hal_msp.c
2026-01-31 21:48:33,620 [INFO] CodeEngine:265 - oldGeneratedFile, C:\Users\nsorr\STM32CubeIDE\workspace_1.19.0\PET_Extruder\MXTmpFiles\system.tmp_save
2026-01-31 21:48:33,653 [INFO] CodeEngine:289 - Generated code: C:\Users\nsorr\STM32CubeIDE\workspace_1.19.0\PET_Extruder\MXTmpFiles\system.tmp
2026-01-31 21:48:33,664 [INFO] CodeEngine:321 - oldGeneratedFile, C:\Users\nsorr\STM32CubeIDE\workspace_1.19.0\PET_Extruder\Core\Inc\stm32f1xx_hal_conf.h_save
2026-01-31 21:48:33,706 [INFO] CodeEngine:345 - Generated code: C:\Users\nsorr\STM32CubeIDE\workspace_1.19.0\PET_Extruder\Core\Inc\stm32f1xx_hal_conf.h
2026-01-31 21:48:33,738 [INFO] ApiDbMcu:532 - Load IP Config File for ADC1
2026-01-31 21:48:33,742 [INFO] ApiDbMcu:532 - Load IP Config File for I2C1
2026-01-31 21:48:33,752 [INFO] ApiDbMcu:532 - Load IP Config File for TIM1
2026-01-31 21:48:33,761 [INFO] ApiDbMcu:532 - Load IP Config File for TIM2
2026-01-31 21:48:33,769 [INFO] ApiDbMcu:532 - Load IP Config File for TIM3
2026-01-31 21:48:33,772 [INFO] ApiDbMcu:532 - Load IP Config File for USART1
2026-01-31 21:48:33,775 [INFO] ApiDbMcu:532 - Load IP Config File for USART2
2026-01-31 21:48:33,776 [INFO] ApiDbMcu:532 - Load IP Config File for RCC
2026-01-31 21:48:33,788 [INFO] CodeEngine:265 - oldGeneratedFile, C:\Users\nsorr\STM32CubeIDE\workspace_1.19.0\PET_Extruder\Core\Inc\main.h_save
2026-01-31 21:48:33,853 [INFO] CodeEngine:289 - Generated code: C:\Users\nsorr\STM32CubeIDE\workspace_1.19.0\PET_Extruder\Core\Inc\main.h
2026-01-31 21:48:33,861 [INFO] CodeEngine:265 - oldGeneratedFile, C:\Users\nsorr\STM32CubeIDE\workspace_1.19.0\PET_Extruder\Core\Src\main.c_save
2026-01-31 21:48:33,951 [INFO] CodeEngine:289 - Generated code: C:\Users\nsorr\STM32CubeIDE\workspace_1.19.0\PET_Extruder\Core\Src\main.c
2026-01-31 21:48:34,178 [INFO] ProjectBuilder:3606 - Time for Copy HAL[1] : 125mS.
2026-01-31 21:48:34,184 [INFO] ProjectBuilder:5216 - Project Generator version: 4.7.0-B52
2026-01-31 21:48:34,235 [INFO] ConfigFileManager:1595 - The Die is : DIE410
2026-01-31 21:48:34,240 [INFO] ApiDbMcu:532 - Load IP Config File for FATFS
2026-01-31 21:48:34,244 [INFO] ApiDbMcu:532 - Load IP Config File for FREERTOS
2026-01-31 21:48:34,249 [INFO] ApiDbMcu:532 - Load IP Config File for USB_DEVICE
