../Core/Src/main.c:92:21:adc_to_voltage	16	static
../Core/Src/main.c:96:21:ntc_temp_c_from_adc	40	static
../Core/Src/main.c:113:20:heater_set_pwm	24	static
../Core/Src/main.c:120:20:motor_enable	16	static
../Core/Src/main.c:124:13:set_motor_speed	24	static
../Core/Src/main.c:217:6:beep	16	static
../Core/Src/main.c:222:6:set_rgb	16	static
../Core/Src/main.c:232:6:save_config_to_flash	72	static
../Core/Src/main.c:272:6:load_config_from_flash	16	static
../Core/Src/main.c:286:6:restore_defaults	8	static
../Core/Src/main.c:295:6:send_config_report	192	static
../Core/Src/main.c:316:14:s_curve_profile	16	static
../Core/Src/main.c:322:10:speed_mm_s_to_hz	24	static
../Core/Src/main.c:329:13:check_safety_conditions	24	static
../Core/Src/main.c:382:13:process_adc_buffer	32	static
../Core/Src/main.c:402:13:motor_state_machine	48	static
../Core/Src/main.c:530:13:update_lcd	144	static
../Core/Src/main.c:598:5:main	120	static
../Core/Src/main.c:929:6:SystemClock_Config	88	static
../Core/Src/main.c:975:6:HAL_UART_RxCpltCallback	72	static
../Core/Src/main.c:1072:6:handle_physical_buttons	16	static
../Core/Src/main.c:1130:7:PID_Compute	56	static
../Core/Src/main.c:1150:6:HAL_TIM_PeriodElapsedCallback	16	static
../Core/Src/main.c:1181:6:Error_Handler	4	static,ignoring_inline_asm
