../Core/Src/main.c:77:21:adc_to_voltage	1
../Core/Src/main.c:81:21:ntc_temp_c_from_adc	4
../Core/Src/main.c:96:20:heater_set	1
../Core/Src/main.c:100:20:motor_enable	1
../Core/Src/main.c:105:13:set_motor_speed	3
../Core/Src/main.c:184:10:speed_mm_s_to_hz	3
../Core/Src/main.c:191:7:PID_Compute	8
../Core/Src/main.c:229:6:HAL_ADC_ConvCpltCallback	2
../Core/Src/main.c:236:6:HAL_TIM_PeriodElapsedCallback	3
../Core/Src/main.c:252:13:process_adc_buffer	4
../Core/Src/main.c:271:13:motor_state_machine	20
../Core/Src/main.c:351:13:update_lcd	4
../Core/Src/main.c:383:5:main	12
../Core/Src/main.c:523:6:SystemClock_Config	4
../Core/Src/main.c:573:6:Error_Handler	1
