../Core/Src/main.c:98:21:adc_to_voltage	1
../Core/Src/main.c:102:21:ntc_temp_c_from_adc	5
../Core/Src/main.c:126:20:heater_set	1
../Core/Src/main.c:130:20:motor_enable	1
../Core/Src/main.c:135:13:set_motor_speed	3
../Core/Src/main.c:236:14:s_curve_profile	3
../Core/Src/main.c:247:10:speed_mm_s_to_hz	3
../Core/Src/main.c:255:6:HAL_ADC_ConvCpltCallback	2
../Core/Src/main.c:262:6:HAL_TIM_PeriodElapsedCallback	5
../Core/Src/main.c:292:13:process_adc_buffer	4
../Core/Src/main.c:311:13:motor_state_machine	34
../Core/Src/main.c:476:13:update_lcd	5
../Core/Src/main.c:513:5:main	11
../Core/Src/main.c:642:6:SystemClock_Config	4
../Core/Src/main.c:688:6:HAL_UART_RxCpltCallback	17
../Core/Src/main.c:770:7:PID_Compute	6
../Core/Src/main.c:817:6:Error_Handler	1
