../Core/Src/main.c:92:21:adc_to_voltage	16	static
../Core/Src/main.c:96:21:ntc_temp_c_from_adc	40	static
../Core/Src/main.c:110:20:heater_set	16	static
../Core/Src/main.c:114:20:motor_enable	16	static
../Core/Src/main.c:118:13:set_motor_speed	24	static
../Core/Src/main.c:208:6:beep	16	static
../Core/Src/main.c:213:6:set_rgb	16	static
../Core/Src/main.c:223:6:save_config_to_flash	72	static
../Core/Src/main.c:263:6:load_config_from_flash	16	static
../Core/Src/main.c:277:6:restore_defaults	8	static
../Core/Src/main.c:286:6:send_config_report	192	static
../Core/Src/main.c:307:14:s_curve_profile	16	static
../Core/Src/main.c:313:10:speed_mm_s_to_hz	24	static
../Core/Src/main.c:320:13:check_safety_conditions	24	static
../Core/Src/main.c:373:13:process_adc_buffer	32	static
../Core/Src/main.c:393:13:motor_state_machine	48	static
../Core/Src/main.c:523:13:update_lcd	144	static
../Core/Src/main.c:591:5:main	120	static
../Core/Src/main.c:893:6:SystemClock_Config	88	static
../Core/Src/main.c:939:6:HAL_UART_RxCpltCallback	72	static
../Core/Src/main.c:1036:6:handle_physical_buttons	16	static
../Core/Src/main.c:1094:7:PID_Compute	56	static
../Core/Src/main.c:1114:6:HAL_TIM_PeriodElapsedCallback	16	static
../Core/Src/main.c:1142:6:Error_Handler	4	static,ignoring_inline_asm
