../Core/Src/menu.c:242:13:action_save_config_flash	8	static
../Core/Src/menu.c:256:13:action_reset_stats	8	static
../Core/Src/menu.c:264:13:action_apply_motor_config	8	static
../Core/Src/menu.c:275:13:action_apply_thermal_config	8	static
../Core/Src/menu.c:288:13:action_restore_defaults	8	static
../Core/Src/menu.c:302:13:menu_refresh_dynamic_labels	40	static
../Core/Src/menu.c:331:16:menu_count_items	24	static
../Core/Src/menu.c:341:6:menu_init	8	static
../Core/Src/menu.c:360:6:menu_enter	8	static
../Core/Src/menu.c:382:6:menu_exit	8	static
../Core/Src/menu.c:388:6:menu_handle_encoder	56	static
../Core/Src/menu.c:433:6:menu_handle_button_short	16	static
../Core/Src/menu.c:492:6:menu_handle_button_long	16	static
../Core/Src/menu.c:519:6:menu_update	16	static
../Core/Src/menu.c:554:6:menu_render	104	static
../Core/Src/menu.c:608:6:menu_is_active	4	static
