../Core/Src/main.c:103:6:HAL_TIM_IC_CaptureCallback	24	static
../Core/Src/main.c:136:6:HAL_GPIO_EXTI_Callback	24	static
../Core/Src/main.c:153:6:Stepper_SetSpeed	32	static
../Core/Src/main.c:164:6:Stepper_SoftStart	32	static
../Core/Src/main.c:182:6:Heater_SetPower	32	static
../Core/Src/main.c:205:5:main	64	static
../Core/Src/main.c:568:6:SystemClock_Config	80	static
../Core/Src/main.c:608:13:MX_ADC_Init	24	static
../Core/Src/main.c:662:13:MX_SPI1_Init	8	static
../Core/Src/main.c:702:13:MX_TIM1_Init	96	static
../Core/Src/main.c:777:13:MX_TIM2_Init	64	static
../Core/Src/main.c:826:13:MX_TIM3_Init	48	static
../Core/Src/main.c:873:13:MX_DMA_Init	16	static
../Core/Src/main.c:891:13:MX_GPIO_Init	48	static
../Core/Src/main.c:952:6:Error_Handler	8	static,ignoring_inline_asm
