13:42:59 **** Incremental Build of configuration Debug for project PET_Extruder ****
make -j16 all 
arm-none-eabi-gcc "../Core/Src/main.c" -mcpu=cortex-m3 -std=gnu11 -g3 -DDEBUG -DUSE_HAL_DRIVER -DSTM32F103xB -c -I../Core/Inc -I../Drivers/STM32F1xx_HAL_Driver/Inc/Legacy -I../Drivers/STM32F1xx_HAL_Driver/Inc -I../Drivers/CMSIS/Device/ST/STM32F1xx/Include -I../Drivers/CMSIS/Include -O0 -ffunction-sections -fdata-sections -Wall -fstack-usage -fcyclomatic-complexity -MMD -MP -MF"Core/Src/main.d" -MT"Core/Src/main.o" --specs=nano.specs -mfloat-abi=soft -mthumb -o "Core/Src/main.o"
arm-none-eabi-gcc -o "PET_Extruder.elf" @"objects.list"   -mcpu=cortex-m3 -T"C:\Users\nsorr\STM32CubeIDE\workspace_1.19.0\PET_Extruder\STM32F103C8TX_FLASH.ld" --specs=nosys.specs -Wl,-Map="PET_Extruder.map" -Wl,--gc-sections -static --specs=nano.specs -mfloat-abi=soft -mthumb -u _printf_float -Wl,--start-group -lc -lm -Wl,--end-group
Finished building target: PET_Extruder.elf
 
arm-none-eabi-size  PET_Extruder.elf 
arm-none-eabi-objdump -h -S PET_Extruder.elf  > "PET_Extruder.list"
arm-none-eabi-objcopy  -O ihex PET_Extruder.elf  "PET_Extruder.hex"
   text	   data	    bss	    dec	    hex	filename
  61596	   1468	   2920	  65984	  101c0	PET_Extruder.elf
Finished building: default.size.stdout
 
Finished building: PET_Extruder.hex
 
Finished building: PET_Extruder.list
 

13:43:02 Build Finished. 0 errors, 0 warnings. (took 2s.506ms)

