../Core/Src/main.c:73:6:microDelay	16	static
../Core/Src/main.c:80:20:step_pulse	16	static
../Core/Src/main.c:88:23:button_pressed	16	static
../Core/Src/main.c:97:13:wait_press_and_release	16	static
../Core/Src/main.c:107:6:run_extrusion_until_stop	40	static
../Core/Src/main.c:147:5:main	8	static
../Core/Src/main.c:184:6:SystemClock_Config	72	static
../Core/Src/main.c:212:13:MX_TIM1_Init	32	static
../Core/Src/main.c:237:13:MX_GPIO_Init	32	static
../Core/Src/main.c:271:6:Error_Handler	4	static,ignoring_inline_asm
